Archive member included to satisfy reference by file (symbol)

../libopencm3/lib\libopencm3_stm32l0.a(rcc.o)
                              main.o (rcc_clock_setup_hsi16_3v3)
../libopencm3/lib\libopencm3_stm32l0.a(gpio_common_all.o)
                              p9813-rgb-int.o (gpio_set)
../libopencm3/lib\libopencm3_stm32l0.a(gpio_common_f0234.o)
                              p9813-rgb-int.o (gpio_mode_setup)
../libopencm3/lib\libopencm3_stm32l0.a(rcc_common_all.o)
                              main.o (rcc_periph_clock_enable)
../libopencm3/lib\libopencm3_stm32l0.a(flash_common_l01.o)
                              ../libopencm3/lib\libopencm3_stm32l0.a(rcc.o) (flash_set_ws)
../libopencm3/lib\libopencm3_stm32l0.a(usart.o)
                              main.o (usart_set_baudrate)
../libopencm3/lib\libopencm3_stm32l0.a(usart_common_l0f0.o)
                              main.o (usart_set_databits)
../libopencm3/lib\libopencm3_stm32l0.a(vector.o)
                              (reset_handler)
../libopencm3/lib\libopencm3_stm32l0.a(systick.o)
                              main.o (systick_set_reload)
../libopencm3/lib\libopencm3_stm32l0.a(assert.o)
                              ../libopencm3/lib\libopencm3_stm32l0.a(rcc.o) (cm3_assert_failed)
c:/program files (x86)/gnu tools arm embedded/5.4 2016q3/bin/../lib/gcc/arm-none-eabi/5.4.1/../../../../arm-none-eabi/lib/armv6-m\libc.a(lib_a-errno.o)
                              main.o (__errno)
c:/program files (x86)/gnu tools arm embedded/5.4 2016q3/bin/../lib/gcc/arm-none-eabi/5.4.1/../../../../arm-none-eabi/lib/armv6-m\libc.a(lib_a-impure.o)
                              c:/program files (x86)/gnu tools arm embedded/5.4 2016q3/bin/../lib/gcc/arm-none-eabi/5.4.1/../../../../arm-none-eabi/lib/armv6-m\libc.a(lib_a-errno.o) (_impure_ptr)
c:/program files (x86)/gnu tools arm embedded/5.4 2016q3/bin/../lib/gcc/arm-none-eabi/5.4.1/../../../../arm-none-eabi/lib/armv6-m\libc.a(lib_a-puts.o)
                              p9813-rgb.o (puts)
c:/program files (x86)/gnu tools arm embedded/5.4 2016q3/bin/../lib/gcc/arm-none-eabi/5.4.1/../../../../arm-none-eabi/lib/armv6-m\libc.a(lib_a-strlen-stub.o)
                              c:/program files (x86)/gnu tools arm embedded/5.4 2016q3/bin/../lib/gcc/arm-none-eabi/5.4.1/../../../../arm-none-eabi/lib/armv6-m\libc.a(lib_a-puts.o) (strlen)
c:/program files (x86)/gnu tools arm embedded/5.4 2016q3/bin/../lib/gcc/arm-none-eabi/5.4.1/../../../../arm-none-eabi/lib/armv6-m\libc.a(lib_a-findfp.o)
                              c:/program files (x86)/gnu tools arm embedded/5.4 2016q3/bin/../lib/gcc/arm-none-eabi/5.4.1/../../../../arm-none-eabi/lib/armv6-m\libc.a(lib_a-puts.o) (__sinit)
c:/program files (x86)/gnu tools arm embedded/5.4 2016q3/bin/../lib/gcc/arm-none-eabi/5.4.1/../../../../arm-none-eabi/lib/armv6-m\libc.a(lib_a-fvwrite.o)
                              c:/program files (x86)/gnu tools arm embedded/5.4 2016q3/bin/../lib/gcc/arm-none-eabi/5.4.1/../../../../arm-none-eabi/lib/armv6-m\libc.a(lib_a-puts.o) (__sfvwrite_r)
c:/program files (x86)/gnu tools arm embedded/5.4 2016q3/bin/../lib/gcc/arm-none-eabi/5.4.1/../../../../arm-none-eabi/lib/armv6-m\libc.a(lib_a-fwalk.o)
                              c:/program files (x86)/gnu tools arm embedded/5.4 2016q3/bin/../lib/gcc/arm-none-eabi/5.4.1/../../../../arm-none-eabi/lib/armv6-m\libc.a(lib_a-findfp.o) (_fwalk)
c:/program files (x86)/gnu tools arm embedded/5.4 2016q3/bin/../lib/gcc/arm-none-eabi/5.4.1/../../../../arm-none-eabi/lib/armv6-m\libc.a(lib_a-mallocr.o)
                              c:/program files (x86)/gnu tools arm embedded/5.4 2016q3/bin/../lib/gcc/arm-none-eabi/5.4.1/../../../../arm-none-eabi/lib/armv6-m\libc.a(lib_a-findfp.o) (_malloc_r)
c:/program files (x86)/gnu tools arm embedded/5.4 2016q3/bin/../lib/gcc/arm-none-eabi/5.4.1/../../../../arm-none-eabi/lib/armv6-m\libc.a(lib_a-memchr-stub.o)
                              c:/program files (x86)/gnu tools arm embedded/5.4 2016q3/bin/../lib/gcc/arm-none-eabi/5.4.1/../../../../arm-none-eabi/lib/armv6-m\libc.a(lib_a-fvwrite.o) (memchr)
c:/program files (x86)/gnu tools arm embedded/5.4 2016q3/bin/../lib/gcc/arm-none-eabi/5.4.1/../../../../arm-none-eabi/lib/armv6-m\libc.a(lib_a-memcpy-stub.o)
                              c:/program files (x86)/gnu tools arm embedded/5.4 2016q3/bin/../lib/gcc/arm-none-eabi/5.4.1/../../../../arm-none-eabi/lib/armv6-m\libc.a(lib_a-fvwrite.o) (memcpy)
c:/program files (x86)/gnu tools arm embedded/5.4 2016q3/bin/../lib/gcc/arm-none-eabi/5.4.1/../../../../arm-none-eabi/lib/armv6-m\libc.a(lib_a-memmove.o)
                              c:/program files (x86)/gnu tools arm embedded/5.4 2016q3/bin/../lib/gcc/arm-none-eabi/5.4.1/../../../../arm-none-eabi/lib/armv6-m\libc.a(lib_a-fvwrite.o) (memmove)
c:/program files (x86)/gnu tools arm embedded/5.4 2016q3/bin/../lib/gcc/arm-none-eabi/5.4.1/../../../../arm-none-eabi/lib/armv6-m\libc.a(lib_a-memset.o)
[...]
Memory Configuration

Name             Origin             Length             Attributes
rom              0x08000000         0x00010000         xr
ram              0x20000000         0x00002000         xrw
eep              0x08080000         0x00000800         r
*default*        0x00000000         0xffffffff

Linker script and memory map

LOAD p9813-rgb-int.o
LOAD main.o
LOAD p9813-rgb.o
LOAD ../libopencm3/lib\libopencm3_stm32l0.a
START GROUP
LOAD c:/program files (x86)/gnu tools arm embedded/5.4 2016q3/bin/../lib/gcc/arm-none-eabi/5.4.1/../../../../arm-none-eabi/lib/armv6-m\libc.a
LOAD c:/program files (x86)/gnu tools arm embedded/5.4 2016q3/bin/../lib/gcc/arm-none-eabi/5.4.1/armv6-m\libgcc.a
LOAD c:/program files (x86)/gnu tools arm embedded/5.4 2016q3/bin/../lib/gcc/arm-none-eabi/5.4.1/../../../../arm-none-eabi/lib/armv6-m\libnosys.a
END GROUP
START GROUP
LOAD c:/program files (x86)/gnu tools arm embedded/5.4 2016q3/bin/../lib/gcc/arm-none-eabi/5.4.1/armv6-m\libgcc.a
LOAD c:/program files (x86)/gnu tools arm embedded/5.4 2016q3/bin/../lib/gcc/arm-none-eabi/5.4.1/../../../../arm-none-eabi/lib/armv6-m\libc.a
END GROUP

.text           0x08000000     0x3508
 *(.vectors)
 .vectors       0x08000000       0xc0 ../libopencm3/lib\libopencm3_stm32l0.a(vector.o)
                0x08000000                vector_table
 *(.text*)
 .text._ZN5P9813C2Emtmt
                0x080000c0       0x44 p9813-rgb-int.o
                0x080000c0                P9813::P9813(unsigned long, unsigned short, unsigned long, unsigned short)
                0x080000c0                P9813::P9813(unsigned long, unsigned short, unsigned long, unsigned short)
 .text._ZN5P98137ClkRiseEv
                0x08000104       0x22 p9813-rgb-int.o
                0x08000104                P9813::ClkRise()
 .text._ZN5P981310Send32ZeroEv
                0x08000126       0x1e p9813-rgb-int.o
                0x08000126                P9813::Send32Zero()
 .text._ZN5P98133endEv
                0x08000144        0x8 p9813-rgb-int.o
                0x08000144                P9813::end()
 .text._ZN5P98135beginEv
                0x0800014c        0x8 p9813-rgb-int.o
                0x0800014c                P9813::begin()
 .text._ZN5P981312TakeAntiCodeEh
                0x08000154       0x12 p9813-rgb-int.o
                0x08000154                P9813::TakeAntiCode(unsigned char)
 .text._ZN5P98137DatSendEm
                0x08000166       0x2c p9813-rgb-int.o
                0x08000166                P9813::DatSend(unsigned long)
 .text._ZN5P98138SetColorEhhh
                0x08000192       0x4a p9813-rgb-int.o
                0x08000192                P9813::SetColor(unsigned char, unsigned char, unsigned char)
 .text._write   0x080001dc       0x34 main.o
                0x080001dc                _write
 .text.sys_tick_handler
                0x08000210       0x10 main.o
                0x08000210                sys_tick_handler
 .text._Z8delay_usm
                0x08000220       0x18 main.o
                0x08000220                delay_us(unsigned long)
 .text._Z6millisv
                0x08000238       0x14 main.o
                0x08000238                millis()
 .text.startup.main
                0x0800024c       0xb0 main.o
                0x0800024c                main
 .text._Z5delaym
                0x080002fc       0x18 p9813-rgb.o
                0x080002fc                delay(unsigned long)
 .text._Z5setupv
                0x08000314       0x70 p9813-rgb.o
                0x08000314                setup()
 .text._Z4loopv
                0x08000384       0x74 p9813-rgb.o
                0x08000384                loop()
 .text.startup._GLOBAL__sub_I_timertick
                0x080003f8       0x20 p9813-rgb.o
 .text.rcc_osc_on
                0x08000418       0x54 ../libopencm3/lib\libopencm3_stm32l0.a(rcc.o)
                0x08000418                rcc_osc_on
 .text.rcc_is_osc_ready
                0x0800046c       0x58 ../libopencm3/lib\libopencm3_stm32l0.a(rcc.o)
                0x0800046c                rcc_is_osc_ready
 .text.rcc_wait_for_osc_ready
                0x080004c4       0x10 ../libopencm3/lib\libopencm3_stm32l0.a(rcc.o)
                0x080004c4                rcc_wait_for_osc_ready
 .text.rcc_set_pll_source_hsi16
                0x080004d4       0x14 ../libopencm3/lib\libopencm3_stm32l0.a(rcc.o)
                0x080004d4                rcc_set_pll_source_hsi16
 .text.rcc_set_sysclk_source
                0x080004e8       0x44 ../libopencm3/lib\libopencm3_stm32l0.a(rcc.o)
                0x080004e8                rcc_set_sysclk_source
 .text.rcc_set_pll_multiplier
                0x0800052c       0x18 ../libopencm3/lib\libopencm3_stm32l0.a(rcc.o)
                0x0800052c                rcc_set_pll_multiplier
 .text.rcc_set_pll_divider
                0x08000544       0x18 ../libopencm3/lib\libopencm3_stm32l0.a(rcc.o)
                0x08000544                rcc_set_pll_divider
 .text.rcc_set_ppre1
                0x0800055c       0x18 ../libopencm3/lib\libopencm3_stm32l0.a(rcc.o)
                0x0800055c                rcc_set_ppre1
 .text.rcc_set_ppre2
                0x08000574       0x18 ../libopencm3/lib\libopencm3_stm32l0.a(rcc.o)
                0x08000574                rcc_set_ppre2
 .text.rcc_set_hpre
                0x0800058c       0x14 ../libopencm3/lib\libopencm3_stm32l0.a(rcc.o)
                0x0800058c                rcc_set_hpre
 .text.rcc_clock_setup_hsi16_3v3
                0x080005a0       0x94 ../libopencm3/lib\libopencm3_stm32l0.a(rcc.o)
                0x080005a0                rcc_clock_setup_hsi16_3v3
 .text.gpio_set
                0x08000634        0x4 ../libopencm3/lib\libopencm3_stm32l0.a(gpio_common_all.o)
                0x08000634                gpio_set
 .text.gpio_clear
                0x08000638        0x6 ../libopencm3/lib\libopencm3_stm32l0.a(gpio_common_all.o)
                0x08000638                gpio_clear
 .text.gpio_mode_setup
                0x0800063e       0x3a ../libopencm3/lib\libopencm3_stm32l0.a(gpio_common_f0234.o)
                0x0800063e                gpio_mode_setup
 .text.gpio_set_output_options
                0x08000678       0x3a ../libopencm3/lib\libopencm3_stm32l0.a(gpio_common_f0234.o)
                0x08000678                gpio_set_output_options
 .text.gpio_set_af
                0x080006b2       0x58 ../libopencm3/lib\libopencm3_stm32l0.a(gpio_common_f0234.o)
                0x080006b2                gpio_set_af
 *fill*         0x0800070a        0x2 
 .text.rcc_periph_clock_enable
                0x0800070c       0x1c ../libopencm3/lib\libopencm3_stm32l0.a(rcc_common_all.o)
                0x0800070c                rcc_periph_clock_enable
 .text.flash_set_ws
                0x08000728       0x14 ../libopencm3/lib\libopencm3_stm32l0.a(flash_common_l01.o)
                0x08000728                flash_set_ws
 .text.usart_set_baudrate
                0x0800073c       0x2c ../libopencm3/lib\libopencm3_stm32l0.a(usart.o)
                0x0800073c                usart_set_baudrate
 .text.usart_set_databits
                0x08000768       0x1c ../libopencm3/lib\libopencm3_stm32l0.a(usart_common_l0f0.o)
                0x08000768                usart_set_databits
 .text.usart_set_stopbits
                0x08000784       0x10 ../libopencm3/lib\libopencm3_stm32l0.a(usart_common_l0f0.o)
                0x08000784                usart_set_stopbits
 .text.usart_set_parity
                0x08000794       0x10 ../libopencm3/lib\libopencm3_stm32l0.a(usart_common_l0f0.o)
                0x08000794                usart_set_parity
 .text.usart_set_mode
                0x080007a4        0xc ../libopencm3/lib\libopencm3_stm32l0.a(usart_common_l0f0.o)
                0x080007a4                usart_set_mode
 .text.usart_set_flow_control
                0x080007b0       0x10 ../libopencm3/lib\libopencm3_stm32l0.a(usart_common_l0f0.o)
                0x080007b0                usart_set_flow_control
 .text.usart_enable
                0x080007c0        0xa ../libopencm3/lib\libopencm3_stm32l0.a(usart_common_l0f0.o)
                0x080007c0                usart_enable
 .text.usart_wait_send_ready
                0x080007ca        0xa ../libopencm3/lib\libopencm3_stm32l0.a(usart_common_l0f0.o)
                0x080007ca                usart_wait_send_ready
 .text.usart_send_blocking
                0x080007d4       0x10 ../libopencm3/lib\libopencm3_stm32l0.a(usart_common_l0f0.o)
                0x080007d4                usart_send_blocking
 .text.blocking_handler
                0x080007e4        0x2 ../libopencm3/lib\libopencm3_stm32l0.a(vector.o)
                0x080007e4                rtc_isr
                0x080007e4                blocking_handler
                0x080007e4                tsc_isr
                0x080007e4                spi1_isr
                0x080007e4                i2c1_isr
                0x080007e4                i2c2_isr
                0x080007e4                tim21_isr
                0x080007e4                usart1_isr
                0x080007e4                reserved4_isr
                0x080007e4                exti2_3_isr
                0x080007e4                reserved5_isr
                0x080007e4                lptim1_isr
                0x080007e4                pvd_isr
                0x080007e4                lpuart1_isr
                0x080007e4                rcc_isr
                0x080007e4                reserved3_isr
                0x080007e4                flash_isr
                0x080007e4                hard_fault_handler
                0x080007e4                spi2_isr
                0x080007e4                usb_isr
                0x080007e4                usart2_isr
                0x080007e4                adc_comp_isr
                0x080007e4                reserved2_isr
                0x080007e4                reserved1_isr
                0x080007e4                dma1_channel1_isr
                0x080007e4                tim6_dac_isr
                0x080007e4                lcd_isr
                0x080007e4                dma1_channel2_3_isr
                0x080007e4                tim22_isr
                0x080007e4                exti4_15_isr
                0x080007e4                wwdg_isr
                0x080007e4                tim2_isr
                0x080007e4                dma1_channel4_5_isr
                0x080007e4                exti0_1_isr
 .text.null_handler
                0x080007e6        0x2 ../libopencm3/lib\libopencm3_stm32l0.a(vector.o)
                0x080007e6                sv_call_handler
                0x080007e6                pend_sv_handler
                0x080007e6                nmi_handler
                0x080007e6                null_handler
 .text.reset_handler
                0x080007e8       0x8c ../libopencm3/lib\libopencm3_stm32l0.a(vector.o)
                0x080007e8                reset_handler
 .text.systick_set_reload
                0x08000874       0x10 ../libopencm3/lib\libopencm3_stm32l0.a(systick.o)
                0x08000874                systick_set_reload
 .text.systick_set_clocksource
                0x08000884       0x14 ../libopencm3/lib\libopencm3_stm32l0.a(systick.o)
                0x08000884                systick_set_clocksource
 .text.systick_interrupt_enable
                0x08000898       0x10 ../libopencm3/lib\libopencm3_stm32l0.a(systick.o)
                0x08000898                systick_interrupt_enable
 .text.systick_counter_enable
                0x080008a8       0x10 ../libopencm3/lib\libopencm3_stm32l0.a(systick.o)
                0x080008a8                systick_counter_enable
 .text.__errno  0x080008b8        0xc c:/program files (x86)/gnu tools arm embedded/5.4 2016q3/bin/../lib/gcc/arm-none-eabi/5.4.1/../../../../arm-none-eabi/lib/armv6-m\libc.a(lib_a-errno.o)
                0x080008b8                __errno
 .text._puts_r  0x080008c4       0x70 c:/program files (x86)/gnu tools arm embedded/5.4 2016q3/bin/../lib/gcc/arm-none-eabi/5.4.1/../../../../arm-none-eabi/lib/armv6-m\libc.a(lib_a-puts.o)
                0x080008c4                _puts_r
 .text.puts     0x08000934       0x14 c:/program files (x86)/gnu tools arm embedded/5.4 2016q3/bin/../lib/gcc/arm-none-eabi/5.4.1/../../../../arm-none-eabi/lib/armv6-m\libc.a(lib_a-puts.o)
                0x08000934                puts
 .text.strlen   0x08000948       0x68 c:/program files (x86)/gnu tools arm embedded/5.4 2016q3/bin/../lib/gcc/arm-none-eabi/5.4.1/../../../../arm-none-eabi/lib/armv6-m\libc.a(lib_a-strlen-stub.o)
                0x08000948                strlen
 .text._cleanup_r
                0x080009b0       0x10 c:/program files (x86)/gnu tools arm embedded/5.4 2016q3/bin/../lib/gcc/arm-none-eabi/5.4.1/../../../../arm-none-eabi/lib/armv6-m\libc.a(lib_a-findfp.o)
                0x080009b0                _cleanup_r
 .text.__sinit.part.1
                0x080009c0       0xf0 c:/program files (x86)/gnu tools arm embedded/5.4 2016q3/bin/../lib/gcc/arm-none-eabi/5.4.1/../../../../arm-none-eabi/lib/armv6-m\libc.a(lib_a-findfp.o)
 .text.__sinit  0x08000ab0       0x10 c:/program files (x86)/gnu tools arm embedded/5.4 2016q3/bin/../lib/gcc/arm-none-eabi/5.4.1/../../../../arm-none-eabi/lib/armv6-m\libc.a(lib_a-findfp.o)
                0x08000ab0                __sinit
 .text.__sfp_lock_acquire
                0x08000ac0        0x4 c:/program files (x86)/gnu tools arm embedded/5.4 2016q3/bin/../lib/gcc/arm-none-eabi/5.4.1/../../../../arm-none-eabi/lib/armv6-m\libc.a(lib_a-findfp.o)
                0x08000ac0                __sfp_lock_acquire
 .text.__sfp_lock_release
                0x08000ac4        0x4 c:/program files (x86)/gnu tools arm embedded/5.4 2016q3/bin/../lib/gcc/arm-none-eabi/5.4.1/../../../../arm-none-eabi/lib/armv6-m\libc.a(lib_a-findfp.o)
                0x08000ac4                __sfp_lock_release
 .text.__sfvwrite_r
                0x08000ac8      0x31c c:/program files (x86)/gnu tools arm embedded/5.4 2016q3/bin/../lib/gcc/arm-none-eabi/5.4.1/../../../../arm-none-eabi/lib/armv6-m\libc.a(lib_a-fvwrite.o)
                0x08000ac8                __sfvwrite_r
 .text._fwalk_reent
                0x08000de4       0x4c c:/program files (x86)/gnu tools arm embedded/5.4 2016q3/bin/../lib/gcc/arm-none-eabi/5.4.1/../../../../arm-none-eabi/lib/armv6-m\libc.a(lib_a-fwalk.o)
                0x08000de4                _fwalk_reent
 .text._malloc_r
                0x08000e30      0x554 c:/program files (x86)/gnu tools arm embedded/5.4 2016q3/bin/../lib/gcc/arm-none-eabi/5.4.1/../../../../arm-none-eabi/lib/armv6-m\libc.a(lib_a-mallocr.o)
                0x08000e30                _malloc_r
 .text.memchr   0x08001384       0x90 c:/program files (x86)/gnu tools arm embedded/5.4 2016q3/bin/../lib/gcc/arm-none-eabi/5.4.1/../../../../arm-none-eabi/lib/armv6-m\libc.a(lib_a-memchr-stub.o)
                0x08001384                memchr
 .text.memcpy   0x08001414       0x7c c:/program files (x86)/gnu tools arm embedded/5.4 2016q3/bin/../lib/gcc/arm-none-eabi/5.4.1/../../../../arm-none-eabi/lib/armv6-m\libc.a(lib_a-memcpy-stub.o)
                0x08001414                memcpy
 .text.memmove  0x08001490       0x98 c:/program files (x86)/gnu tools arm embedded/5.4 2016q3/bin/../lib/gcc/arm-none-eabi/5.4.1/../../../../arm-none-eabi/lib/armv6-m\libc.a(lib_a-memmove.o)
                0x08001490                memmove
 .text.memset   0x08001528       0x8c c:/program files (x86)/gnu tools arm embedded/5.4 2016q3/bin/../lib/gcc/arm-none-eabi/5.4.1/../../../../arm-none-eabi/lib/armv6-m\libc.a(lib_a-memset.o)
                0x08001528                memset
 .text.__malloc_lock
                0x080015b4        0x4 c:/program files (x86)/gnu tools arm embedded/5.4 2016q3/bin/../lib/gcc/arm-none-eabi/5.4.1/../../../../arm-none-eabi/lib/armv6-m\libc.a(lib_a-mlock.o)
                0x080015b4                __malloc_lock
 .text.__malloc_unlock
                0x080015b8        0x4 c:/program files (x86)/gnu tools arm embedded/5.4 2016q3/bin/../lib/gcc/arm-none-eabi/5.4.1/../../../../arm-none-eabi/lib/armv6-m\libc.a(lib_a-mlock.o)
                0x080015b8                __malloc_unlock
 .text._realloc_r
                0x080015bc      0x3dc c:/program files (x86)/gnu tools arm embedded/5.4 2016q3/bin/../lib/gcc/arm-none-eabi/5.4.1/../../../../arm-none-eabi/lib/armv6-m\libc.a(lib_a-reallocr.o)
                0x080015bc                _realloc_r
 .text._sbrk_r  0x08001998       0x24 c:/program files (x86)/gnu tools arm embedded/5.4 2016q3/bin/../lib/gcc/arm-none-eabi/5.4.1/../../../../arm-none-eabi/lib/armv6-m\libc.a(lib_a-sbrkr.o)
                0x08001998                _sbrk_r
 .text.__sread  0x080019bc       0x28 c:/program files (x86)/gnu tools arm embedded/5.4 2016q3/bin/../lib/gcc/arm-none-eabi/5.4.1/../../../../arm-none-eabi/lib/armv6-m\libc.a(lib_a-stdio.o)
                0x080019bc                __sread
 .text.__swrite
                0x080019e4       0x3c c:/program files (x86)/gnu tools arm embedded/5.4 2016q3/bin/../lib/gcc/arm-none-eabi/5.4.1/../../../../arm-none-eabi/lib/armv6-m\libc.a(lib_a-stdio.o)
                0x080019e4                __swrite
 .text.__sseek  0x08001a20       0x2c c:/program files (x86)/gnu tools arm embedded/5.4 2016q3/bin/../lib/gcc/arm-none-eabi/5.4.1/../../../../arm-none-eabi/lib/armv6-m\libc.a(lib_a-stdio.o)
                0x08001a20                __sseek
 .text.__sclose
                0x08001a4c        0xc c:/program files (x86)/gnu tools arm embedded/5.4 2016q3/bin/../lib/gcc/arm-none-eabi/5.4.1/../../../../arm-none-eabi/lib/armv6-m\libc.a(lib_a-stdio.o)
                0x08001a4c                __sclose
 .text._write_r
                0x08001a58       0x28 c:/program files (x86)/gnu tools arm embedded/5.4 2016q3/bin/../lib/gcc/arm-none-eabi/5.4.1/../../../../arm-none-eabi/lib/armv6-m\libc.a(lib_a-writer.o)
                0x08001a58                _write_r
 .text.__swsetup_r
                0x08001a80       0xd4 c:/program files (x86)/gnu tools arm embedded/5.4 2016q3/bin/../lib/gcc/arm-none-eabi/5.4.1/../../../../arm-none-eabi/lib/armv6-m\libc.a(lib_a-wsetup.o)
                0x08001a80                __swsetup_r
 .text._close_r
                0x08001b54       0x24 c:/program files (x86)/gnu tools arm embedded/5.4 2016q3/bin/../lib/gcc/arm-none-eabi/5.4.1/../../../../arm-none-eabi/lib/armv6-m\libc.a(lib_a-closer.o)
                0x08001b54                _close_r
 .text._fclose_r
                0x08001b78       0x8c c:/program files (x86)/gnu tools arm embedded/5.4 2016q3/bin/../lib/gcc/arm-none-eabi/5.4.1/../../../../arm-none-eabi/lib/armv6-m\libc.a(lib_a-fclose.o)
                0x08001b78                _fclose_r
 .text.__sflush_r
                0x08001c04      0x150 c:/program files (x86)/gnu tools arm embedded/5.4 2016q3/bin/../lib/gcc/arm-none-eabi/5.4.1/../../../../arm-none-eabi/lib/armv6-m\libc.a(lib_a-fflush.o)
                0x08001c04                __sflush_r
 .text._fflush_r
                0x08001d54       0x2c c:/program files (x86)/gnu tools arm embedded/5.4 2016q3/bin/../lib/gcc/arm-none-eabi/5.4.1/../../../../arm-none-eabi/lib/armv6-m\libc.a(lib_a-fflush.o)
                0x08001d54                _fflush_r
 .text._malloc_trim_r
                0x08001d80       0xa0 c:/program files (x86)/gnu tools arm embedded/5.4 2016q3/bin/../lib/gcc/arm-none-eabi/5.4.1/../../../../arm-none-eabi/lib/armv6-m\libc.a(lib_a-freer.o)
                0x08001d80                _malloc_trim_r
 .text._free_r  0x08001e20      0x1c4 c:/program files (x86)/gnu tools arm embedded/5.4 2016q3/bin/../lib/gcc/arm-none-eabi/5.4.1/../../../../arm-none-eabi/lib/armv6-m\libc.a(lib_a-freer.o)
                0x08001e20                _free_r
 .text._lseek_r
                0x08001fe4       0x28 c:/program files (x86)/gnu tools arm embedded/5.4 2016q3/bin/../lib/gcc/arm-none-eabi/5.4.1/../../../../arm-none-eabi/lib/armv6-m\libc.a(lib_a-lseekr.o)
                0x08001fe4                _lseek_r
 .text.__swhatbuf_r
                0x0800200c       0x60 c:/program files (x86)/gnu tools arm embedded/5.4 2016q3/bin/../lib/gcc/arm-none-eabi/5.4.1/../../../../arm-none-eabi/lib/armv6-m\libc.a(lib_a-makebuf.o)
                0x0800200c                __swhatbuf_r
 .text.__smakebuf_r
                0x0800206c       0x88 c:/program files (x86)/gnu tools arm embedded/5.4 2016q3/bin/../lib/gcc/arm-none-eabi/5.4.1/../../../../arm-none-eabi/lib/armv6-m\libc.a(lib_a-makebuf.o)
                0x0800206c                __smakebuf_r
 .text._read_r  0x080020f4       0x28 c:/program files (x86)/gnu tools arm embedded/5.4 2016q3/bin/../lib/gcc/arm-none-eabi/5.4.1/../../../../arm-none-eabi/lib/armv6-m\libc.a(lib_a-readr.o)
                0x080020f4                _read_r
 .text._fstat_r
                0x0800211c       0x28 c:/program files (x86)/gnu tools arm embedded/5.4 2016q3/bin/../lib/gcc/arm-none-eabi/5.4.1/../../../../arm-none-eabi/lib/armv6-m\libc.a(lib_a-fstatr.o)
                0x0800211c                _fstat_r
 .text._isatty_r
                0x08002144       0x24 c:/program files (x86)/gnu tools arm embedded/5.4 2016q3/bin/../lib/gcc/arm-none-eabi/5.4.1/../../../../arm-none-eabi/lib/armv6-m\libc.a(lib_a-isattyr.o)
                0x08002144                _isatty_r
 .text          0x08002168       0x14 c:/program files (x86)/gnu tools arm embedded/5.4 2016q3/bin/../lib/gcc/arm-none-eabi/5.4.1/armv6-m\libgcc.a(_thumb1_case_uqi.o)
                0x08002168                __gnu_thumb1_case_uqi
 .text          0x0800217c      0x114 c:/program files (x86)/gnu tools arm embedded/5.4 2016q3/bin/../lib/gcc/arm-none-eabi/5.4.1/armv6-m\libgcc.a(_udivsi3.o)
                0x0800217c                __aeabi_uidiv
                0x0800217c                __udivsi3
                0x08002288                __aeabi_uidivmod
 .text          0x08002290      0x1d4 c:/program files (x86)/gnu tools arm embedded/5.4 2016q3/bin/../lib/gcc/arm-none-eabi/5.4.1/armv6-m\libgcc.a(_divsi3.o)
                0x08002290                __divsi3
                0x08002290                __aeabi_idiv
                0x0800245c                __aeabi_idivmod
 .text          0x08002464        0x4 c:/program files (x86)/gnu tools arm embedded/5.4 2016q3/bin/../lib/gcc/arm-none-eabi/5.4.1/armv6-m\libgcc.a(_dvmd_tls.o)
                0x08002464                __aeabi_idiv0
                0x08002464                __aeabi_ldiv0
 .text          0x08002468      0xa3c c:/program files (x86)/gnu tools arm embedded/5.4 2016q3/bin/../lib/gcc/arm-none-eabi/5.4.1/armv6-m\libgcc.a(unwind-arm.o)
                0x08002740                _Unwind_GetCFA
                0x08002744                __gnu_Unwind_RaiseException
                0x08002798                __gnu_Unwind_ForcedUnwind
                0x080027ac                __gnu_Unwind_Resume
                0x080027f4                __gnu_Unwind_Resume_or_Rethrow
                0x08002810                _Unwind_Complete
                0x08002814                _Unwind_DeleteException
                0x08002824                _Unwind_VRS_Get
                0x08002870                _Unwind_VRS_Set
                0x080028bc                __gnu_Unwind_Backtrace
                0x08002c1c                __aeabi_unwind_cpp_pr0
                0x08002c28                __aeabi_unwind_cpp_pr1
                0x08002c34                __aeabi_unwind_cpp_pr2
                0x08002c40                _Unwind_VRS_Pop
 .text          0x08002ea4      0x144 c:/program files (x86)/gnu tools arm embedded/5.4 2016q3/bin/../lib/gcc/arm-none-eabi/5.4.1/armv6-m\libgcc.a(libunwind.o)
                0x08002ea4                __restore_core_regs
                0x08002ea4                restore_core_regs
                0x08002ed0                __gnu_Unwind_Restore_VFP
                0x08002ed4                __gnu_Unwind_Save_VFP
                0x08002ed8                __gnu_Unwind_Restore_VFP_D
                0x08002edc                __gnu_Unwind_Save_VFP_D
                0x08002ee0                __gnu_Unwind_Restore_VFP_D_16_to_31
                0x08002ee4                __gnu_Unwind_Save_VFP_D_16_to_31
                0x08002ee8                __gnu_Unwind_Restore_WMMXD
                0x08002eec                __gnu_Unwind_Save_WMMXD
                0x08002ef0                __gnu_Unwind_Restore_WMMXC
                0x08002ef4                __gnu_Unwind_Save_WMMXC
                0x08002ef8                ___Unwind_RaiseException
                0x08002ef8                _Unwind_RaiseException
                0x08002f28                _Unwind_Resume
                0x08002f28                ___Unwind_Resume
                0x08002f58                _Unwind_Resume_or_Rethrow
                0x08002f58                ___Unwind_Resume_or_Rethrow
                0x08002f88                _Unwind_ForcedUnwind
                0x08002f88                ___Unwind_ForcedUnwind
                0x08002fb8                ___Unwind_Backtrace
                0x08002fb8                _Unwind_Backtrace
 .text          0x08002fe8      0x3b0 c:/program files (x86)/gnu tools arm embedded/5.4 2016q3/bin/../lib/gcc/arm-none-eabi/5.4.1/armv6-m\libgcc.a(pr-support.o)
                0x0800303c                __gnu_unwind_execute
                0x08003340                __gnu_unwind_frame
                0x08003368                _Unwind_GetRegionStart
                0x08003374                _Unwind_GetLanguageSpecificData
                0x08003388                _Unwind_GetTextRelBase
                0x08003390                _Unwind_GetDataRelBase
 .text._close   0x08003398       0x10 c:/program files (x86)/gnu tools arm embedded/5.4 2016q3/bin/../lib/gcc/arm-none-eabi/5.4.1/../../../../arm-none-eabi/lib/armv6-m\libnosys.a(close.o)
                0x08003398                _close
 .text._fstat   0x080033a8       0x10 c:/program files (x86)/gnu tools arm embedded/5.4 2016q3/bin/../lib/gcc/arm-none-eabi/5.4.1/../../../../arm-none-eabi/lib/armv6-m\libnosys.a(fstat.o)
                0x080033a8                _fstat
 .text._isatty  0x080033b8       0x10 c:/program files (x86)/gnu tools arm embedded/5.4 2016q3/bin/../lib/gcc/arm-none-eabi/5.4.1/../../../../arm-none-eabi/lib/armv6-m\libnosys.a(isatty.o)
                0x080033b8                _isatty
 .text._lseek   0x080033c8       0x10 c:/program files (x86)/gnu tools arm embedded/5.4 2016q3/bin/../lib/gcc/arm-none-eabi/5.4.1/../../../../arm-none-eabi/lib/armv6-m\libnosys.a(lseek.o)
                0x080033c8                _lseek
 .text._read    0x080033d8       0x10 c:/program files (x86)/gnu tools arm embedded/5.4 2016q3/bin/../lib/gcc/arm-none-eabi/5.4.1/../../../../arm-none-eabi/lib/armv6-m\libnosys.a(read.o)
                0x080033d8                _read
 .text._sbrk    0x080033e8       0x1c c:/program files (x86)/gnu tools arm embedded/5.4 2016q3/bin/../lib/gcc/arm-none-eabi/5.4.1/../../../../arm-none-eabi/lib/armv6-m\libnosys.a(sbrk.o)
                0x080033e8                _sbrk
 .text.abort    0x08003404       0x10 c:/program files (x86)/gnu tools arm embedded/5.4 2016q3/bin/../lib/gcc/arm-none-eabi/5.4.1/../../../../arm-none-eabi/lib/armv6-m\libc.a(lib_a-abort.o)
                0x08003404                abort
 .text._raise_r
                0x08003414       0x5c c:/program files (x86)/gnu tools arm embedded/5.4 2016q3/bin/../lib/gcc/arm-none-eabi/5.4.1/../../../../arm-none-eabi/lib/armv6-m\libc.a(lib_a-signal.o)
                0x08003414                _raise_r
 .text.raise    0x08003470       0x14 c:/program files (x86)/gnu tools arm embedded/5.4 2016q3/bin/../lib/gcc/arm-none-eabi/5.4.1/../../../../arm-none-eabi/lib/armv6-m\libc.a(lib_a-signal.o)
                0x08003470                raise
 .text._kill_r  0x08003484       0x28 c:/program files (x86)/gnu tools arm embedded/5.4 2016q3/bin/../lib/gcc/arm-none-eabi/5.4.1/../../../../arm-none-eabi/lib/armv6-m\libc.a(lib_a-signalr.o)
                0x08003484                _kill_r
 .text._getpid_r
                0x080034ac        0x8 c:/program files (x86)/gnu tools arm embedded/5.4 2016q3/bin/../lib/gcc/arm-none-eabi/5.4.1/../../../../arm-none-eabi/lib/armv6-m\libc.a(lib_a-signalr.o)
                0x080034ac                _getpid_r
 .text._getpid  0x080034b4       0x10 c:/program files (x86)/gnu tools arm embedded/5.4 2016q3/bin/../lib/gcc/arm-none-eabi/5.4.1/../../../../arm-none-eabi/lib/armv6-m\libnosys.a(getpid.o)
                0x080034b4                _getpid
 .text._kill    0x080034c4       0x10 c:/program files (x86)/gnu tools arm embedded/5.4 2016q3/bin/../lib/gcc/arm-none-eabi/5.4.1/../../../../arm-none-eabi/lib/armv6-m\libnosys.a(kill.o)
                0x080034c4                _kill
 .text._exit    0x080034d4        0x4 c:/program files (x86)/gnu tools arm embedded/5.4 2016q3/bin/../lib/gcc/arm-none-eabi/5.4.1/../../../../arm-none-eabi/lib/armv6-m\libnosys.a(_exit.o)
                0x080034d4                _exit
                0x080034d8                . = ALIGN (0x4)
 *(.rodata*)
 .rodata.str1.1
                0x080034d8       0x12 p9813-rgb.o
 *fill*         0x080034ea        0x2 
 .rodata.rcc_hsi16_3v3
                0x080034ec       0x18 ../libopencm3/lib\libopencm3_stm32l0.a(rcc.o)
                0x080034ec                rcc_hsi16_3v3
 .rodata.str1.4
                0x08003504        0x4 c:/program files (x86)/gnu tools arm embedded/5.4 2016q3/bin/../lib/gcc/arm-none-eabi/5.4.1/../../../../arm-none-eabi/lib/armv6-m\libc.a(lib_a-puts.o)
                                  0x2 (size before relaxing)
                0x08003508                . = ALIGN (0x4)

.glue_7         0x08003508        0x0
 .glue_7        0x08003508        0x0 linker stubs

.glue_7t        0x08003508        0x0
 .glue_7t       0x08003508        0x0 linker stubs

.vfp11_veneer   0x08003508        0x0
 .vfp11_veneer  0x08003508        0x0 linker stubs

.v4_bx          0x08003508        0x0
 .v4_bx         0x08003508        0x0 linker stubs

.iplt           0x08003508        0x0
 .iplt          0x08003508        0x0 p9813-rgb-int.o

.preinit_array  0x08003508        0x0
                0x08003508                . = ALIGN (0x4)
                0x08003508                __preinit_array_start = .
 *(.preinit_array)
                0x08003508                __preinit_array_end = .

.init_array     0x08003508        0x4
                0x08003508                . = ALIGN (0x4)
                0x08003508                __init_array_start = .
 *(SORT(.init_array.*))
 *(.init_array)
 .init_array    0x08003508        0x4 p9813-rgb.o
                0x0800350c                __init_array_end = .

.fini_array     0x0800350c        0x0
                0x0800350c                . = ALIGN (0x4)
                0x0800350c                __fini_array_start = .
 *(.fini_array)
 *(SORT(.fini_array.*))
                0x0800350c                __fini_array_end = .

.ARM.extab      0x0800350c       0x30
 *(.ARM.extab*)
 .ARM.extab     0x0800350c       0x24 c:/program files (x86)/gnu tools arm embedded/5.4 2016q3/bin/../lib/gcc/arm-none-eabi/5.4.1/armv6-m\libgcc.a(unwind-arm.o)
 .ARM.extab     0x08003530        0xc c:/program files (x86)/gnu tools arm embedded/5.4 2016q3/bin/../lib/gcc/arm-none-eabi/5.4.1/armv6-m\libgcc.a(pr-support.o)

.ARM.exidx      0x0800353c      0x118
                0x0800353c                __exidx_start = .
 *(.ARM.exidx*)
 .ARM.exidx.text._ZN5P9813C2Emtmt
                0x0800353c        0x8 p9813-rgb-int.o
 .ARM.exidx.text._ZN5P98137ClkRiseEv
                0x08003544        0x0 p9813-rgb-int.o
                                  0x8 (size before relaxing)
 .ARM.exidx.text._ZN5P981310Send32ZeroEv
                0x08003544        0x8 p9813-rgb-int.o
 .ARM.exidx.text._ZN5P98133endEv
                0x0800354c        0x8 p9813-rgb-int.o
 .ARM.exidx.text._ZN5P98135beginEv
                0x08003554        0x0 p9813-rgb-int.o
                                  0x8 (size before relaxing)
 .ARM.exidx.text._ZN5P981312TakeAntiCodeEh
                0x08003554        0x8 p9813-rgb-int.o
 .ARM.exidx.text._ZN5P98137DatSendEm
                0x0800355c        0x8 p9813-rgb-int.o
 .ARM.exidx.text._ZN5P98138SetColorEhhh
                0x08003564        0x8 p9813-rgb-int.o
 .ARM.exidx.text._write
                0x0800356c        0x8 main.o
 .ARM.exidx.text.sys_tick_handler
                0x08003574        0x8 main.o
 .ARM.exidx.text._Z8delay_usm
                0x0800357c        0x0 main.o
                                  0x8 (size before relaxing)
 .ARM.exidx.text._Z6millisv
                0x0800357c        0x0 main.o
                                  0x8 (size before relaxing)
 .ARM.exidx.text.startup.main
                0x0800357c        0x8 main.o
 .ARM.exidx.text._Z5delaym
                0x08003584        0x8 p9813-rgb.o
 .ARM.exidx.text._Z5setupv
                0x0800358c        0x0 p9813-rgb.o
                                  0x8 (size before relaxing)
 .ARM.exidx.text._Z4loopv
                0x0800358c        0x0 p9813-rgb.o
                                  0x8 (size before relaxing)
 .ARM.exidx.text.startup._GLOBAL__sub_I_timertick
                0x0800358c        0x8 p9813-rgb.o
 .ARM.exidx     0x08003594       0x90 c:/program files (x86)/gnu tools arm embedded/5.4 2016q3/bin/../lib/gcc/arm-none-eabi/5.4.1/armv6-m\libgcc.a(unwind-arm.o)
                                 0xd8 (size before relaxing)
 .ARM.exidx     0x08003624       0x30 c:/program files (x86)/gnu tools arm embedded/5.4 2016q3/bin/../lib/gcc/arm-none-eabi/5.4.1/armv6-m\libgcc.a(pr-support.o)
                                 0x48 (size before relaxing)
                0x08003654                __exidx_end = .

.rel.dyn        0x08003654        0x0
 .rel.iplt      0x08003654        0x0 p9813-rgb-int.o
                0x08003654                . = ALIGN (0x4)
                0x08003654                _etext = .

.data           0x20000000      0x84c load address 0x08003654
                0x20000000                _data = .
 *(.data*)
 .data.rcc_ahb_frequency
                0x20000000        0x4 ../libopencm3/lib\libopencm3_stm32l0.a(rcc.o)
                0x20000000                rcc_ahb_frequency
 .data.rcc_apb1_frequency
                0x20000004        0x4 ../libopencm3/lib\libopencm3_stm32l0.a(rcc.o)
                0x20000004                rcc_apb1_frequency
 .data.rcc_apb2_frequency
                0x20000008        0x4 ../libopencm3/lib\libopencm3_stm32l0.a(rcc.o)
                0x20000008                rcc_apb2_frequency
 *fill*         0x2000000c        0x4 
 .data.impure_data
                0x20000010      0x428 c:/program files (x86)/gnu tools arm embedded/5.4 2016q3/bin/../lib/gcc/arm-none-eabi/5.4.1/../../../../arm-none-eabi/lib/armv6-m\libc.a(lib_a-impure.o)
 .data._impure_ptr
                0x20000438        0x4 c:/program files (x86)/gnu tools arm embedded/5.4 2016q3/bin/../lib/gcc/arm-none-eabi/5.4.1/../../../../arm-none-eabi/lib/armv6-m\libc.a(lib_a-impure.o)
                0x20000438                _impure_ptr
 .data.__malloc_av_
                0x2000043c      0x408 c:/program files (x86)/gnu tools arm embedded/5.4 2016q3/bin/../lib/gcc/arm-none-eabi/5.4.1/../../../../arm-none-eabi/lib/armv6-m\libc.a(lib_a-mallocr.o)
                0x2000043c                __malloc_av_
 .data.__malloc_trim_threshold
                0x20000844        0x4 c:/program files (x86)/gnu tools arm embedded/5.4 2016q3/bin/../lib/gcc/arm-none-eabi/5.4.1/../../../../arm-none-eabi/lib/armv6-m\libc.a(lib_a-mallocr.o)
                0x20000844                __malloc_trim_threshold
 .data.__malloc_sbrk_base
                0x20000848        0x4 c:/program files (x86)/gnu tools arm embedded/5.4 2016q3/bin/../lib/gcc/arm-none-eabi/5.4.1/../../../../arm-none-eabi/lib/armv6-m\libc.a(lib_a-mallocr.o)
                0x20000848                __malloc_sbrk_base
                0x2000084c                . = ALIGN (0x4)
                0x2000084c                _edata = .
                0x08003654                _data_loadaddr = LOADADDR (.data)

.igot.plt       0x2000084c        0x0 load address 0x08003ea0
 .igot.plt      0x2000084c        0x0 p9813-rgb-int.o

.bss            0x2000084c       0x50 load address 0x08003ea0
 *(.bss*)
 .bss._ZL5ticks
                0x2000084c        0x4 main.o
 .bss._ZL5p9813
                0x20000850       0x10 p9813-rgb.o
 .bss.__malloc_max_total_mem
                0x20000860        0x4 c:/program files (x86)/gnu tools arm embedded/5.4 2016q3/bin/../lib/gcc/arm-none-eabi/5.4.1/../../../../arm-none-eabi/lib/armv6-m\libc.a(lib_a-mallocr.o)
                0x20000860                __malloc_max_total_mem
 .bss.__malloc_max_sbrked_mem
                0x20000864        0x4 c:/program files (x86)/gnu tools arm embedded/5.4 2016q3/bin/../lib/gcc/arm-none-eabi/5.4.1/../../../../arm-none-eabi/lib/armv6-m\libc.a(lib_a-mallocr.o)
                0x20000864                __malloc_max_sbrked_mem
 .bss.__malloc_top_pad
                0x20000868        0x4 c:/program files (x86)/gnu tools arm embedded/5.4 2016q3/bin/../lib/gcc/arm-none-eabi/5.4.1/../../../../arm-none-eabi/lib/armv6-m\libc.a(lib_a-mallocr.o)
                0x20000868                __malloc_top_pad
 .bss.__malloc_current_mallinfo
                0x2000086c       0x28 c:/program files (x86)/gnu tools arm embedded/5.4 2016q3/bin/../lib/gcc/arm-none-eabi/5.4.1/../../../../arm-none-eabi/lib/armv6-m\libc.a(lib_a-mallocr.o)
                0x2000086c                __malloc_current_mallinfo
 .bss.heap_end.4167
                0x20000894        0x4 c:/program files (x86)/gnu tools arm embedded/5.4 2016q3/bin/../lib/gcc/arm-none-eabi/5.4.1/../../../../arm-none-eabi/lib/armv6-m\libnosys.a(sbrk.o)
 *(COMMON)
 COMMON         0x20000898        0x4 c:/program files (x86)/gnu tools arm embedded/5.4 2016q3/bin/../lib/gcc/arm-none-eabi/5.4.1/../../../../arm-none-eabi/lib/armv6-m\libc.a(lib_a-reent.o)
                0x20000898                errno
                0x2000089c                . = ALIGN (0x4)
                0x2000089c                _ebss = .

/DISCARD/
 *(.eh_frame)
                0x2000089c                . = ALIGN (0x4)
                0x2000089c                end = .
                0x20002000                PROVIDE (_stack, (ORIGIN (ram) + LENGTH (ram)))
OUTPUT(p9813-rgb.elf elf32-littlearm)

.debug_info     0x00000000     0x3340
 .debug_info    0x00000000      0x593 p9813-rgb-int.o
 .debug_info    0x00000593      0x82b main.o
 .debug_info    0x00000dbe      0x5e3 p9813-rgb.o
 .debug_info    0x000013a1      0x8e9 ../libopencm3/lib\libopencm3_stm32l0.a(rcc.o)
 .debug_info    0x00001c8a      0x22c ../libopencm3/lib\libopencm3_stm32l0.a(gpio_common_all.o)
 .debug_info    0x00001eb6      0x1f5 ../libopencm3/lib\libopencm3_stm32l0.a(gpio_common_f0234.o)
 .debug_info    0x000020ab      0x55c ../libopencm3/lib\libopencm3_stm32l0.a(rcc_common_all.o)
 .debug_info    0x00002607      0x251 ../libopencm3/lib\libopencm3_stm32l0.a(flash_common_l01.o)
 .debug_info    0x00002858       0xe1 ../libopencm3/lib\libopencm3_stm32l0.a(usart.o)
 .debug_info    0x00002939      0x54d ../libopencm3/lib\libopencm3_stm32l0.a(usart_common_l0f0.o)
 .debug_info    0x00002e86      0x2a7 ../libopencm3/lib\libopencm3_stm32l0.a(vector.o)
 .debug_info    0x0000312d      0x213 ../libopencm3/lib\libopencm3_stm32l0.a(systick.o)

.debug_abbrev   0x00000000     0x107b
 .debug_abbrev  0x00000000      0x1de p9813-rgb-int.o
 .debug_abbrev  0x000001de      0x225 main.o
 .debug_abbrev  0x00000403      0x20f p9813-rgb.o
 .debug_abbrev  0x00000612      0x23f ../libopencm3/lib\libopencm3_stm32l0.a(rcc.o)
 .debug_abbrev  0x00000851      0x10e ../libopencm3/lib\libopencm3_stm32l0.a(gpio_common_all.o)
 .debug_abbrev  0x0000095f       0xb7 ../libopencm3/lib\libopencm3_stm32l0.a(gpio_common_f0234.o)
 .debug_abbrev  0x00000a16      0x105 ../libopencm3/lib\libopencm3_stm32l0.a(rcc_common_all.o)
 .debug_abbrev  0x00000b1b       0xbc ../libopencm3/lib\libopencm3_stm32l0.a(flash_common_l01.o)
 .debug_abbrev  0x00000bd7       0x83 ../libopencm3/lib\libopencm3_stm32l0.a(usart.o)
 .debug_abbrev  0x00000c5a      0x193 ../libopencm3/lib\libopencm3_stm32l0.a(usart_common_l0f0.o)
 .debug_abbrev  0x00000ded      0x146 ../libopencm3/lib\libopencm3_stm32l0.a(vector.o)
 .debug_abbrev  0x00000f33      0x148 ../libopencm3/lib\libopencm3_stm32l0.a(systick.o)

.debug_loc      0x00000000     0x1004
 .debug_loc     0x00000000      0x349 p9813-rgb-int.o
 .debug_loc     0x00000349      0x133 main.o
 .debug_loc     0x0000047c       0x69 p9813-rgb.o
 .debug_loc     0x000004e5      0x334 ../libopencm3/lib\libopencm3_stm32l0.a(rcc.o)
 .debug_loc     0x00000819       0x97 ../libopencm3/lib\libopencm3_stm32l0.a(gpio_common_all.o)
 .debug_loc     0x000008b0      0x173 ../libopencm3/lib\libopencm3_stm32l0.a(gpio_common_f0234.o)
 .debug_loc     0x00000a23       0xe7 ../libopencm3/lib\libopencm3_stm32l0.a(rcc_common_all.o)
 .debug_loc     0x00000b0a      0x13a ../libopencm3/lib\libopencm3_stm32l0.a(flash_common_l01.o)
 .debug_loc     0x00000c44       0x60 ../libopencm3/lib\libopencm3_stm32l0.a(usart.o)
 .debug_loc     0x00000ca4      0x1e0 ../libopencm3/lib\libopencm3_stm32l0.a(usart_common_l0f0.o)
 .debug_loc     0x00000e84       0xdc ../libopencm3/lib\libopencm3_stm32l0.a(vector.o)
 .debug_loc     0x00000f60       0xa4 ../libopencm3/lib\libopencm3_stm32l0.a(systick.o)

.debug_aranges  0x00000000      0x4f0
 .debug_aranges
                0x00000000       0x50 p9813-rgb-int.o
 .debug_aranges
                0x00000050       0x50 main.o
 .debug_aranges
                0x000000a0       0x38 p9813-rgb.o
 .debug_aranges
                0x000000d8      0x118 ../libopencm3/lib\libopencm3_stm32l0.a(rcc.o)
 .debug_aranges
                0x000001f0       0x50 ../libopencm3/lib\libopencm3_stm32l0.a(gpio_common_all.o)
 .debug_aranges
                0x00000240       0x30 ../libopencm3/lib\libopencm3_stm32l0.a(gpio_common_f0234.o)
 .debug_aranges
                0x00000270       0x58 ../libopencm3/lib\libopencm3_stm32l0.a(rcc_common_all.o)
 .debug_aranges
                0x000002c8       0x80 ../libopencm3/lib\libopencm3_stm32l0.a(flash_common_l01.o)
 .debug_aranges
                0x00000348       0x20 ../libopencm3/lib\libopencm3_stm32l0.a(usart.o)
 .debug_aranges
                0x00000368       0xe0 ../libopencm3/lib\libopencm3_stm32l0.a(usart_common_l0f0.o)
 .debug_aranges
                0x00000448       0x30 ../libopencm3/lib\libopencm3_stm32l0.a(vector.o)
 .debug_aranges
                0x00000478       0x78 ../libopencm3/lib\libopencm3_stm32l0.a(systick.o)

.debug_ranges   0x00000000      0x4a0
 .debug_ranges  0x00000000       0x40 p9813-rgb-int.o
 .debug_ranges  0x00000040       0x58 main.o
 .debug_ranges  0x00000098       0x28 p9813-rgb.o
 .debug_ranges  0x000000c0      0x108 ../libopencm3/lib\libopencm3_stm32l0.a(rcc.o)
 .debug_ranges  0x000001c8       0x40 ../libopencm3/lib\libopencm3_stm32l0.a(gpio_common_all.o)
 .debug_ranges  0x00000208       0x20 ../libopencm3/lib\libopencm3_stm32l0.a(gpio_common_f0234.o)
 .debug_ranges  0x00000228       0x48 ../libopencm3/lib\libopencm3_stm32l0.a(rcc_common_all.o)
 .debug_ranges  0x00000270       0x70 ../libopencm3/lib\libopencm3_stm32l0.a(flash_common_l01.o)
 .debug_ranges  0x000002e0       0x10 ../libopencm3/lib\libopencm3_stm32l0.a(usart.o)
 .debug_ranges  0x000002f0      0x108 ../libopencm3/lib\libopencm3_stm32l0.a(usart_common_l0f0.o)
 .debug_ranges  0x000003f8       0x20 ../libopencm3/lib\libopencm3_stm32l0.a(vector.o)
 .debug_ranges  0x00000418       0x88 ../libopencm3/lib\libopencm3_stm32l0.a(systick.o)

.debug_line     0x00000000     0x2bc6
 .debug_line    0x00000000      0x223 p9813-rgb-int.o
 .debug_line    0x00000223      0x2c1 main.o
 .debug_line    0x000004e4      0x213 p9813-rgb.o
 .debug_line    0x000006f7      0x637 ../libopencm3/lib\libopencm3_stm32l0.a(rcc.o)
 .debug_line    0x00000d2e      0x3b5 ../libopencm3/lib\libopencm3_stm32l0.a(gpio_common_all.o)
 .debug_line    0x000010e3      0x3ab ../libopencm3/lib\libopencm3_stm32l0.a(gpio_common_f0234.o)
 .debug_line    0x0000148e      0x395 ../libopencm3/lib\libopencm3_stm32l0.a(rcc_common_all.o)
 .debug_line    0x00001823      0x45d ../libopencm3/lib\libopencm3_stm32l0.a(flash_common_l01.o)
 .debug_line    0x00001c80      0x33e ../libopencm3/lib\libopencm3_stm32l0.a(usart.o)
 .debug_line    0x00001fbe      0x53b ../libopencm3/lib\libopencm3_stm32l0.a(usart_common_l0f0.o)
 .debug_line    0x000024f9      0x388 ../libopencm3/lib\libopencm3_stm32l0.a(vector.o)
 .debug_line    0x00002881      0x345 ../libopencm3/lib\libopencm3_stm32l0.a(systick.o)

.debug_str      0x00000000     0xc3e7
 .debug_str     0x00000000      0x29c p9813-rgb-int.o
                                0x33f (size before relaxing)
 .debug_str     0x0000029c      0x556 main.o
                                0x76e (size before relaxing)
 .debug_str     0x000007f2       0x8a p9813-rgb.o
                                0x3d7 (size before relaxing)
 .debug_str     0x0000087c     0x70c0 ../libopencm3/lib\libopencm3_stm32l0.a(rcc.o)
                               0x7310 (size before relaxing)
 .debug_str     0x0000793c     0x14f5 ../libopencm3/lib\libopencm3_stm32l0.a(gpio_common_all.o)
                               0x5478 (size before relaxing)
 .debug_str     0x00008e31       0x61 ../libopencm3/lib\libopencm3_stm32l0.a(gpio_common_f0234.o)
                               0x549a (size before relaxing)
 .debug_str     0x00008e92      0x28b ../libopencm3/lib\libopencm3_stm32l0.a(rcc_common_all.o)
                               0x6863 (size before relaxing)
 .debug_str     0x0000911d      0x11f ../libopencm3/lib\libopencm3_stm32l0.a(flash_common_l01.o)
                               0x4bee (size before relaxing)
 .debug_str     0x0000923c     0x1a27 ../libopencm3/lib\libopencm3_stm32l0.a(usart.o)
                               0x7d0a (size before relaxing)
 .debug_str     0x0000ac63      0x1aa ../libopencm3/lib\libopencm3_stm32l0.a(usart_common_l0f0.o)
                               0x5bda (size before relaxing)
 .debug_str     0x0000ae0d     0x12ef ../libopencm3/lib\libopencm3_stm32l0.a(vector.o)
                               0x49a7 (size before relaxing)
 .debug_str     0x0000c0fc      0x2eb ../libopencm3/lib\libopencm3_stm32l0.a(systick.o)
                               0x3a14 (size before relaxing)

.comment        0x00000000       0x6e
 .comment       0x00000000       0x6e p9813-rgb-int.o
                                 0x6f (size before relaxing)
 .comment       0x0000006e       0x6f main.o
 .comment       0x0000006e       0x6f p9813-rgb.o
 .comment       0x0000006e       0x6f ../libopencm3/lib\libopencm3_stm32l0.a(rcc.o)
 .comment       0x0000006e       0x6f ../libopencm3/lib\libopencm3_stm32l0.a(gpio_common_all.o)
 .comment       0x0000006e       0x6f ../libopencm3/lib\libopencm3_stm32l0.a(gpio_common_f0234.o)
 .comment       0x0000006e       0x6f ../libopencm3/lib\libopencm3_stm32l0.a(rcc_common_all.o)
 .comment       0x0000006e       0x6f ../libopencm3/lib\libopencm3_stm32l0.a(flash_common_l01.o)
 .comment       0x0000006e       0x6f ../libopencm3/lib\libopencm3_stm32l0.a(usart.o)
 .comment       0x0000006e       0x6f ../libopencm3/lib\libopencm3_stm32l0.a(usart_common_l0f0.o)
 .comment       0x0000006e       0x6f ../libopencm3/lib\libopencm3_stm32l0.a(vector.o)
 .comment       0x0000006e       0x6f ../libopencm3/lib\libopencm3_stm32l0.a(systick.o)

.ARM.attributes
                0x00000000       0x32
 .ARM.attributes
                0x00000000       0x32 p9813-rgb-int.o
 .ARM.attributes
                0x00000032       0x32 main.o
 .ARM.attributes
                0x00000064       0x32 p9813-rgb.o
 .ARM.attributes
                0x00000096       0x32 ../libopencm3/lib\libopencm3_stm32l0.a(rcc.o)
 .ARM.attributes
                0x000000c8       0x32 ../libopencm3/lib\libopencm3_stm32l0.a(gpio_common_all.o)
 .ARM.attributes
                0x000000fa       0x32 ../libopencm3/lib\libopencm3_stm32l0.a(gpio_common_f0234.o)
 .ARM.attributes
                0x0000012c       0x32 ../libopencm3/lib\libopencm3_stm32l0.a(rcc_common_all.o)
 .ARM.attributes
                0x0000015e       0x32 ../libopencm3/lib\libopencm3_stm32l0.a(flash_common_l01.o)
 .ARM.attributes
                0x00000190       0x32 ../libopencm3/lib\libopencm3_stm32l0.a(usart.o)
 .ARM.attributes
                0x000001c2       0x32 ../libopencm3/lib\libopencm3_stm32l0.a(usart_common_l0f0.o)
 .ARM.attributes
                0x000001f4       0x32 ../libopencm3/lib\libopencm3_stm32l0.a(vector.o)
 .ARM.attributes
                0x00000226       0x32 ../libopencm3/lib\libopencm3_stm32l0.a(systick.o)
 .ARM.attributes
                0x00000258       0x2c c:/program files (x86)/gnu tools arm embedded/5.4 2016q3/bin/../lib/gcc/arm-none-eabi/5.4.1/../../../../arm-none-eabi/lib/armv6-m\libc.a(lib_a-errno.o)
 .ARM.attributes
                0x00000284       0x2c c:/program files (x86)/gnu tools arm embedded/5.4 2016q3/bin/../lib/gcc/arm-none-eabi/5.4.1/../../../../arm-none-eabi/lib/armv6-m\libc.a(lib_a-impure.o)
 .ARM.attributes
                0x000002b0       0x2c c:/program files (x86)/gnu tools arm embedded/5.4 2016q3/bin/../lib/gcc/arm-none-eabi/5.4.1/../../../../arm-none-eabi/lib/armv6-m\libc.a(lib_a-puts.o)
 .ARM.attributes
                0x000002dc       0x2c c:/program files (x86)/gnu tools arm embedded/5.4 2016q3/bin/../lib/gcc/arm-none-eabi/5.4.1/../../../../arm-none-eabi/lib/armv6-m\libc.a(lib_a-strlen-stub.o)
 .ARM.attributes
                0x00000308       0x2c c:/program files (x86)/gnu tools arm embedded/5.4 2016q3/bin/../lib/gcc/arm-none-eabi/5.4.1/../../../../arm-none-eabi/lib/armv6-m\libc.a(lib_a-findfp.o)
 .ARM.attributes
                0x00000334       0x2c c:/program files (x86)/gnu tools arm embedded/5.4 2016q3/bin/../lib/gcc/arm-none-eabi/5.4.1/../../../../arm-none-eabi/lib/armv6-m\libc.a(lib_a-fvwrite.o)
 .ARM.attributes
                0x00000360       0x2c c:/program files (x86)/gnu tools arm embedded/5.4 2016q3/bin/../lib/gcc/arm-none-eabi/5.4.1/../../../../arm-none-eabi/lib/armv6-m\libc.a(lib_a-fwalk.o)
 .ARM.attributes
                0x0000038c       0x2c c:/program files (x86)/gnu tools arm embedded/5.4 2016q3/bin/../lib/gcc/arm-none-eabi/5.4.1/../../../../arm-none-eabi/lib/armv6-m\libc.a(lib_a-mallocr.o)
 .ARM.attributes
                0x000003b8       0x2c c:/program files (x86)/gnu tools arm embedded/5.4 2016q3/bin/../lib/gcc/arm-none-eabi/5.4.1/../../../../arm-none-eabi/lib/armv6-m\libc.a(lib_a-memchr-stub.o)
 .ARM.attributes
                0x000003e4       0x2c c:/program files (x86)/gnu tools arm embedded/5.4 2016q3/bin/../lib/gcc/arm-none-eabi/5.4.1/../../../../arm-none-eabi/lib/armv6-m\libc.a(lib_a-memcpy-stub.o)
 .ARM.attributes
                0x00000410       0x2c c:/program files (x86)/gnu tools arm embedded/5.4 2016q3/bin/../lib/gcc/arm-none-eabi/5.4.1/../../../../arm-none-eabi/lib/armv6-m\libc.a(lib_a-memmove.o)
 .ARM.attributes
                0x0000043c       0x2c c:/program files (x86)/gnu tools arm embedded/5.4 2016q3/bin/../lib/gcc/arm-none-eabi/5.4.1/../../../../arm-none-eabi/lib/armv6-m\libc.a(lib_a-memset.o)
 .ARM.attributes
                0x00000468       0x2c c:/program files (x86)/gnu tools arm embedded/5.4 2016q3/bin/../lib/gcc/arm-none-eabi/5.4.1/../../../../arm-none-eabi/lib/armv6-m\libc.a(lib_a-mlock.o)
 .ARM.attributes
                0x00000494       0x2c c:/program files (x86)/gnu tools arm embedded/5.4 2016q3/bin/../lib/gcc/arm-none-eabi/5.4.1/../../../../arm-none-eabi/lib/armv6-m\libc.a(lib_a-reallocr.o)
 .ARM.attributes
                0x000004c0       0x2c c:/program files (x86)/gnu tools arm embedded/5.4 2016q3/bin/../lib/gcc/arm-none-eabi/5.4.1/../../../../arm-none-eabi/lib/armv6-m\libc.a(lib_a-sbrkr.o)
 .ARM.attributes
                0x000004ec       0x2c c:/program files (x86)/gnu tools arm embedded/5.4 2016q3/bin/../lib/gcc/arm-none-eabi/5.4.1/../../../../arm-none-eabi/lib/armv6-m\libc.a(lib_a-stdio.o)
 .ARM.attributes
                0x00000518       0x2c c:/program files (x86)/gnu tools arm embedded/5.4 2016q3/bin/../lib/gcc/arm-none-eabi/5.4.1/../../../../arm-none-eabi/lib/armv6-m\libc.a(lib_a-writer.o)
 .ARM.attributes
                0x00000544       0x2c c:/program files (x86)/gnu tools arm embedded/5.4 2016q3/bin/../lib/gcc/arm-none-eabi/5.4.1/../../../../arm-none-eabi/lib/armv6-m\libc.a(lib_a-wsetup.o)
 .ARM.attributes
                0x00000570       0x2c c:/program files (x86)/gnu tools arm embedded/5.4 2016q3/bin/../lib/gcc/arm-none-eabi/5.4.1/../../../../arm-none-eabi/lib/armv6-m\libc.a(lib_a-closer.o)
 .ARM.attributes
                0x0000059c       0x2c c:/program files (x86)/gnu tools arm embedded/5.4 2016q3/bin/../lib/gcc/arm-none-eabi/5.4.1/../../../../arm-none-eabi/lib/armv6-m\libc.a(lib_a-fclose.o)
 .ARM.attributes
                0x000005c8       0x2c c:/program files (x86)/gnu tools arm embedded/5.4 2016q3/bin/../lib/gcc/arm-none-eabi/5.4.1/../../../../arm-none-eabi/lib/armv6-m\libc.a(lib_a-fflush.o)
 .ARM.attributes
                0x000005f4       0x2c c:/program files (x86)/gnu tools arm embedded/5.4 2016q3/bin/../lib/gcc/arm-none-eabi/5.4.1/../../../../arm-none-eabi/lib/armv6-m\libc.a(lib_a-freer.o)
 .ARM.attributes
                0x00000620       0x2c c:/program files (x86)/gnu tools arm embedded/5.4 2016q3/bin/../lib/gcc/arm-none-eabi/5.4.1/../../../../arm-none-eabi/lib/armv6-m\libc.a(lib_a-lseekr.o)
 .ARM.attributes
                0x0000064c       0x2c c:/program files (x86)/gnu tools arm embedded/5.4 2016q3/bin/../lib/gcc/arm-none-eabi/5.4.1/../../../../arm-none-eabi/lib/armv6-m\libc.a(lib_a-makebuf.o)
 .ARM.attributes
                0x00000678       0x2c c:/program files (x86)/gnu tools arm embedded/5.4 2016q3/bin/../lib/gcc/arm-none-eabi/5.4.1/../../../../arm-none-eabi/lib/armv6-m\libc.a(lib_a-readr.o)
 .ARM.attributes
                0x000006a4       0x2c c:/program files (x86)/gnu tools arm embedded/5.4 2016q3/bin/../lib/gcc/arm-none-eabi/5.4.1/../../../../arm-none-eabi/lib/armv6-m\libc.a(lib_a-reent.o)
 .ARM.attributes
                0x000006d0       0x2c c:/program files (x86)/gnu tools arm embedded/5.4 2016q3/bin/../lib/gcc/arm-none-eabi/5.4.1/../../../../arm-none-eabi/lib/armv6-m\libc.a(lib_a-fstatr.o)
 .ARM.attributes
                0x000006fc       0x2c c:/program files (x86)/gnu tools arm embedded/5.4 2016q3/bin/../lib/gcc/arm-none-eabi/5.4.1/../../../../arm-none-eabi/lib/armv6-m\libc.a(lib_a-isattyr.o)
 .ARM.attributes
                0x00000728       0x1e c:/program files (x86)/gnu tools arm embedded/5.4 2016q3/bin/../lib/gcc/arm-none-eabi/5.4.1/armv6-m\libgcc.a(_thumb1_case_uqi.o)
 .ARM.attributes
                0x00000746       0x1e c:/program files (x86)/gnu tools arm embedded/5.4 2016q3/bin/../lib/gcc/arm-none-eabi/5.4.1/armv6-m\libgcc.a(_udivsi3.o)
 .ARM.attributes
                0x00000764       0x1e c:/program files (x86)/gnu tools arm embedded/5.4 2016q3/bin/../lib/gcc/arm-none-eabi/5.4.1/armv6-m\libgcc.a(_divsi3.o)
 .ARM.attributes
                0x00000782       0x1e c:/program files (x86)/gnu tools arm embedded/5.4 2016q3/bin/../lib/gcc/arm-none-eabi/5.4.1/armv6-m\libgcc.a(_dvmd_tls.o)
 .ARM.attributes
                0x000007a0       0x2c c:/program files (x86)/gnu tools arm embedded/5.4 2016q3/bin/../lib/gcc/arm-none-eabi/5.4.1/../../../../arm-none-eabi/lib/armv6-m\libnosys.a(close.o)
 .ARM.attributes
                0x000007cc       0x2c c:/program files (x86)/gnu tools arm embedded/5.4 2016q3/bin/../lib/gcc/arm-none-eabi/5.4.1/../../../../arm-none-eabi/lib/armv6-m\libnosys.a(fstat.o)
 .ARM.attributes
                0x000007f8       0x2c c:/program files (x86)/gnu tools arm embedded/5.4 2016q3/bin/../lib/gcc/arm-none-eabi/5.4.1/../../../../arm-none-eabi/lib/armv6-m\libnosys.a(isatty.o)
 .ARM.attributes
                0x00000824       0x2c c:/program files (x86)/gnu tools arm embedded/5.4 2016q3/bin/../lib/gcc/arm-none-eabi/5.4.1/../../../../arm-none-eabi/lib/armv6-m\libnosys.a(lseek.o)
 .ARM.attributes
                0x00000850       0x2c c:/program files (x86)/gnu tools arm embedded/5.4 2016q3/bin/../lib/gcc/arm-none-eabi/5.4.1/../../../../arm-none-eabi/lib/armv6-m\libnosys.a(read.o)
 .ARM.attributes
                0x0000087c       0x2c c:/program files (x86)/gnu tools arm embedded/5.4 2016q3/bin/../lib/gcc/arm-none-eabi/5.4.1/../../../../arm-none-eabi/lib/armv6-m\libnosys.a(sbrk.o)

.debug_frame    0x00000000     0x1268
 .debug_frame   0x00000000       0xdc p9813-rgb-int.o
 .debug_frame   0x000000dc       0xa4 main.o
 .debug_frame   0x00000180       0x80 p9813-rgb.o
 .debug_frame   0x00000200      0x270 ../libopencm3/lib\libopencm3_stm32l0.a(rcc.o)
 .debug_frame   0x00000470       0x80 ../libopencm3/lib\libopencm3_stm32l0.a(gpio_common_all.o)
 .debug_frame   0x000004f0       0x78 ../libopencm3/lib\libopencm3_stm32l0.a(gpio_common_f0234.o)
 .debug_frame   0x00000568       0xb0 ../libopencm3/lib\libopencm3_stm32l0.a(rcc_common_all.o)
 .debug_frame   0x00000618      0x10c ../libopencm3/lib\libopencm3_stm32l0.a(flash_common_l01.o)
 .debug_frame   0x00000724       0x28 ../libopencm3/lib\libopencm3_stm32l0.a(usart.o)
 .debug_frame   0x0000074c      0x1b4 ../libopencm3/lib\libopencm3_stm32l0.a(usart_common_l0f0.o)
 .debug_frame   0x00000900       0x40 ../libopencm3/lib\libopencm3_stm32l0.a(vector.o)
 .debug_frame   0x00000940       0xd8 ../libopencm3/lib\libopencm3_stm32l0.a(systick.o)
 .debug_frame   0x00000a18       0x20 c:/program files (x86)/gnu tools arm embedded/5.4 2016q3/bin/../lib/gcc/arm-none-eabi/5.4.1/../../../../arm-none-eabi/lib/armv6-m\libc.a(lib_a-errno.o)
 .debug_frame   0x00000a38       0x44 c:/program files (x86)/gnu tools arm embedded/5.4 2016q3/bin/../lib/gcc/arm-none-eabi/5.4.1/../../../../arm-none-eabi/lib/armv6-m\libc.a(lib_a-puts.o)
 .debug_frame   0x00000a7c       0x28 c:/program files (x86)/gnu tools arm embedded/5.4 2016q3/bin/../lib/gcc/arm-none-eabi/5.4.1/../../../../arm-none-eabi/lib/armv6-m\libc.a(lib_a-strlen-stub.o)
 .debug_frame   0x00000aa4      0x14c c:/program files (x86)/gnu tools arm embedded/5.4 2016q3/bin/../lib/gcc/arm-none-eabi/5.4.1/../../../../arm-none-eabi/lib/armv6-m\libc.a(lib_a-findfp.o)
 .debug_frame   0x00000bf0       0x3c c:/program files (x86)/gnu tools arm embedded/5.4 2016q3/bin/../lib/gcc/arm-none-eabi/5.4.1/../../../../arm-none-eabi/lib/armv6-m\libc.a(lib_a-fvwrite.o)
 .debug_frame   0x00000c2c       0x5c c:/program files (x86)/gnu tools arm embedded/5.4 2016q3/bin/../lib/gcc/arm-none-eabi/5.4.1/../../../../arm-none-eabi/lib/armv6-m\libc.a(lib_a-fwalk.o)
 .debug_frame   0x00000c88       0x3c c:/program files (x86)/gnu tools arm embedded/5.4 2016q3/bin/../lib/gcc/arm-none-eabi/5.4.1/../../../../arm-none-eabi/lib/armv6-m\libc.a(lib_a-mallocr.o)
 .debug_frame   0x00000cc4       0x2c c:/program files (x86)/gnu tools arm embedded/5.4 2016q3/bin/../lib/gcc/arm-none-eabi/5.4.1/../../../../arm-none-eabi/lib/armv6-m\libc.a(lib_a-memchr-stub.o)
 .debug_frame   0x00000cf0       0x2c c:/program files (x86)/gnu tools arm embedded/5.4 2016q3/bin/../lib/gcc/arm-none-eabi/5.4.1/../../../../arm-none-eabi/lib/armv6-m\libc.a(lib_a-memcpy-stub.o)
 .debug_frame   0x00000d1c       0x2c c:/program files (x86)/gnu tools arm embedded/5.4 2016q3/bin/../lib/gcc/arm-none-eabi/5.4.1/../../../../arm-none-eabi/lib/armv6-m\libc.a(lib_a-memmove.o)
 .debug_frame   0x00000d48       0x2c c:/program files (x86)/gnu tools arm embedded/5.4 2016q3/bin/../lib/gcc/arm-none-eabi/5.4.1/../../../../arm-none-eabi/lib/armv6-m\libc.a(lib_a-memset.o)
 .debug_frame   0x00000d74       0x30 c:/program files (x86)/gnu tools arm embedded/5.4 2016q3/bin/../lib/gcc/arm-none-eabi/5.4.1/../../../../arm-none-eabi/lib/armv6-m\libc.a(lib_a-mlock.o)
 .debug_frame   0x00000da4       0x3c c:/program files (x86)/gnu tools arm embedded/5.4 2016q3/bin/../lib/gcc/arm-none-eabi/5.4.1/../../../../arm-none-eabi/lib/armv6-m\libc.a(lib_a-reallocr.o)
 .debug_frame   0x00000de0       0x2c c:/program files (x86)/gnu tools arm embedded/5.4 2016q3/bin/../lib/gcc/arm-none-eabi/5.4.1/../../../../arm-none-eabi/lib/armv6-m\libc.a(lib_a-sbrkr.o)
 .debug_frame   0x00000e0c       0x90 c:/program files (x86)/gnu tools arm embedded/5.4 2016q3/bin/../lib/gcc/arm-none-eabi/5.4.1/../../../../arm-none-eabi/lib/armv6-m\libc.a(lib_a-stdio.o)
 .debug_frame   0x00000e9c       0x2c c:/program files (x86)/gnu tools arm embedded/5.4 2016q3/bin/../lib/gcc/arm-none-eabi/5.4.1/../../../../arm-none-eabi/lib/armv6-m\libc.a(lib_a-writer.o)
 .debug_frame   0x00000ec8       0x2c c:/program files (x86)/gnu tools arm embedded/5.4 2016q3/bin/../lib/gcc/arm-none-eabi/5.4.1/../../../../arm-none-eabi/lib/armv6-m\libc.a(lib_a-wsetup.o)
 .debug_frame   0x00000ef4       0x2c c:/program files (x86)/gnu tools arm embedded/5.4 2016q3/bin/../lib/gcc/arm-none-eabi/5.4.1/../../../../arm-none-eabi/lib/armv6-m\libc.a(lib_a-closer.o)
 .debug_frame   0x00000f20       0x44 c:/program files (x86)/gnu tools arm embedded/5.4 2016q3/bin/../lib/gcc/arm-none-eabi/5.4.1/../../../../arm-none-eabi/lib/armv6-m\libc.a(lib_a-fclose.o)
 .debug_frame   0x00000f64       0x68 c:/program files (x86)/gnu tools arm embedded/5.4 2016q3/bin/../lib/gcc/arm-none-eabi/5.4.1/../../../../arm-none-eabi/lib/armv6-m\libc.a(lib_a-fflush.o)
 .debug_frame   0x00000fcc       0x54 c:/program files (x86)/gnu tools arm embedded/5.4 2016q3/bin/../lib/gcc/arm-none-eabi/5.4.1/../../../../arm-none-eabi/lib/armv6-m\libc.a(lib_a-freer.o)
 .debug_frame   0x00001020       0x2c c:/program files (x86)/gnu tools arm embedded/5.4 2016q3/bin/../lib/gcc/arm-none-eabi/5.4.1/../../../../arm-none-eabi/lib/armv6-m\libc.a(lib_a-lseekr.o)
 .debug_frame   0x0000104c       0x50 c:/program files (x86)/gnu tools arm embedded/5.4 2016q3/bin/../lib/gcc/arm-none-eabi/5.4.1/../../../../arm-none-eabi/lib/armv6-m\libc.a(lib_a-makebuf.o)
 .debug_frame   0x0000109c       0x2c c:/program files (x86)/gnu tools arm embedded/5.4 2016q3/bin/../lib/gcc/arm-none-eabi/5.4.1/../../../../arm-none-eabi/lib/armv6-m\libc.a(lib_a-readr.o)
 .debug_frame   0x000010c8       0x48 c:/program files (x86)/gnu tools arm embedded/5.4 2016q3/bin/../lib/gcc/arm-none-eabi/5.4.1/../../../../arm-none-eabi/lib/armv6-m\libc.a(lib_a-reent.o)
 .debug_frame   0x00001110       0x2c c:/program files (x86)/gnu tools arm embedded/5.4 2016q3/bin/../lib/gcc/arm-none-eabi/5.4.1/../../../../arm-none-eabi/lib/armv6-m\libc.a(lib_a-fstatr.o)
 .debug_frame   0x0000113c       0x2c c:/program files (x86)/gnu tools arm embedded/5.4 2016q3/bin/../lib/gcc/arm-none-eabi/5.4.1/../../../../arm-none-eabi/lib/armv6-m\libc.a(lib_a-isattyr.o)
 .debug_frame   0x00001168       0x20 c:/program files (x86)/gnu tools arm embedded/5.4 2016q3/bin/../lib/gcc/arm-none-eabi/5.4.1/armv6-m\libgcc.a(_udivsi3.o)
 .debug_frame   0x00001188       0x20 c:/program files (x86)/gnu tools arm embedded/5.4 2016q3/bin/../lib/gcc/arm-none-eabi/5.4.1/armv6-m\libgcc.a(_divsi3.o)
 .debug_frame   0x000011a8       0x20 c:/program files (x86)/gnu tools arm embedded/5.4 2016q3/bin/../lib/gcc/arm-none-eabi/5.4.1/../../../../arm-none-eabi/lib/armv6-m\libnosys.a(close.o)
 .debug_frame   0x000011c8       0x20 c:/program files (x86)/gnu tools arm embedded/5.4 2016q3/bin/../lib/gcc/arm-none-eabi/5.4.1/../../../../arm-none-eabi/lib/armv6-m\libnosys.a(fstat.o)
 .debug_frame   0x000011e8       0x20 c:/program files (x86)/gnu tools arm embedded/5.4 2016q3/bin/../lib/gcc/arm-none-eabi/5.4.1/../../../../arm-none-eabi/lib/armv6-m\libnosys.a(isatty.o)
 .debug_frame   0x00001208       0x20 c:/program files (x86)/gnu tools arm embedded/5.4 2016q3/bin/../lib/gcc/arm-none-eabi/5.4.1/../../../../arm-none-eabi/lib/armv6-m\libnosys.a(lseek.o)
 .debug_frame   0x00001228       0x20 c:/program files (x86)/gnu tools arm embedded/5.4 2016q3/bin/../lib/gcc/arm-none-eabi/5.4.1/../../../../arm-none-eabi/lib/armv6-m\libnosys.a(read.o)
 .debug_frame   0x00001248       0x20 c:/program files (x86)/gnu tools arm embedded/5.4 2016q3/bin/../lib/gcc/arm-none-eabi/5.4.1/../../../../arm-none-eabi/lib/armv6-m\libnosys.a(sbrk.o)

.debug_macro    0x00000000     0x2e48
 .debug_macro   0x00000000       0xe0 ../libopencm3/lib\libopencm3_stm32l0.a(rcc.o)
 .debug_macro   0x000000e0      0x826 ../libopencm3/lib\libopencm3_stm32l0.a(rcc.o)
 .debug_macro   0x00000906       0x22 ../libopencm3/lib\libopencm3_stm32l0.a(rcc.o)
 .debug_macro   0x00000928       0x87 ../libopencm3/lib\libopencm3_stm32l0.a(rcc.o)
 .debug_macro   0x000009af       0x44 ../libopencm3/lib\libopencm3_stm32l0.a(rcc.o)
 .debug_macro   0x000009f3       0xfd ../libopencm3/lib\libopencm3_stm32l0.a(rcc.o)
 .debug_macro   0x00000af0       0x5e ../libopencm3/lib\libopencm3_stm32l0.a(rcc.o)
 .debug_macro   0x00000b4e      0x1df ../libopencm3/lib\libopencm3_stm32l0.a(rcc.o)
 .debug_macro   0x00000d2d       0x22 ../libopencm3/lib\libopencm3_stm32l0.a(rcc.o)
 .debug_macro   0x00000d4f       0xfa ../libopencm3/lib\libopencm3_stm32l0.a(rcc.o)
 .debug_macro   0x00000e49       0x16 ../libopencm3/lib\libopencm3_stm32l0.a(rcc.o)
 .debug_macro   0x00000e5f       0x34 ../libopencm3/lib\libopencm3_stm32l0.a(rcc.o)
 .debug_macro   0x00000e93      0x14e ../libopencm3/lib\libopencm3_stm32l0.a(rcc.o)
 .debug_macro   0x00000fe1      0x8b9 ../libopencm3/lib\libopencm3_stm32l0.a(rcc.o)
 .debug_macro   0x0000189a      0x1aa ../libopencm3/lib\libopencm3_stm32l0.a(rcc.o)
 .debug_macro   0x00001a44       0x6a ../libopencm3/lib\libopencm3_stm32l0.a(rcc.o)
 .debug_macro   0x00001aae       0xd7 ../libopencm3/lib\libopencm3_stm32l0.a(gpio_common_all.o)
 .debug_macro   0x00001b85       0x76 ../libopencm3/lib\libopencm3_stm32l0.a(gpio_common_all.o)
 .debug_macro   0x00001bfb      0x2e6 ../libopencm3/lib\libopencm3_stm32l0.a(gpio_common_all.o)
 .debug_macro   0x00001ee1      0x14e ../libopencm3/lib\libopencm3_stm32l0.a(gpio_common_all.o)
 .debug_macro   0x0000202f       0x3a ../libopencm3/lib\libopencm3_stm32l0.a(gpio_common_all.o)
 .debug_macro   0x00002069       0xd7 ../libopencm3/lib\libopencm3_stm32l0.a(gpio_common_f0234.o)
 .debug_macro   0x00002140       0xcf ../libopencm3/lib\libopencm3_stm32l0.a(rcc_common_all.o)
 .debug_macro   0x0000220f       0xb9 ../libopencm3/lib\libopencm3_stm32l0.a(flash_common_l01.o)
 .debug_macro   0x000022c8       0xdb ../libopencm3/lib\libopencm3_stm32l0.a(usart.o)
 .debug_macro   0x000023a3       0x2e ../libopencm3/lib\libopencm3_stm32l0.a(usart.o)
 .debug_macro   0x000023d1      0x52c ../libopencm3/lib\libopencm3_stm32l0.a(usart.o)
 .debug_macro   0x000028fd       0xc3 ../libopencm3/lib\libopencm3_stm32l0.a(usart_common_l0f0.o)
 .debug_macro   0x000029c0       0xd0 ../libopencm3/lib\libopencm3_stm32l0.a(vector.o)
 .debug_macro   0x00002a90      0x1b1 ../libopencm3/lib\libopencm3_stm32l0.a(vector.o)
 .debug_macro   0x00002c41       0x46 ../libopencm3/lib\libopencm3_stm32l0.a(vector.o)
 .debug_macro   0x00002c87       0xca ../libopencm3/lib\libopencm3_stm32l0.a(vector.o)
 .debug_macro   0x00002d51       0x93 ../libopencm3/lib\libopencm3_stm32l0.a(systick.o)
 .debug_macro   0x00002de4       0x64 ../libopencm3/lib\libopencm3_stm32l0.a(systick.o)

.stab           0x00000000       0x84
 .stab          0x00000000       0x24 c:/program files (x86)/gnu tools arm embedded/5.4 2016q3/bin/../lib/gcc/arm-none-eabi/5.4.1/../../../../arm-none-eabi/lib/armv6-m\libnosys.a(close.o)
 .stab          0x00000024       0x18 c:/program files (x86)/gnu tools arm embedded/5.4 2016q3/bin/../lib/gcc/arm-none-eabi/5.4.1/../../../../arm-none-eabi/lib/armv6-m\libnosys.a(fstat.o)
                                 0x24 (size before relaxing)
 .stab          0x0000003c       0x18 c:/program files (x86)/gnu tools arm embedded/5.4 2016q3/bin/../lib/gcc/arm-none-eabi/5.4.1/../../../../arm-none-eabi/lib/armv6-m\libnosys.a(isatty.o)
                                 0x24 (size before relaxing)
 .stab          0x00000054       0x18 c:/program files (x86)/gnu tools arm embedded/5.4 2016q3/bin/../lib/gcc/arm-none-eabi/5.4.1/../../../../arm-none-eabi/lib/armv6-m\libnosys.a(lseek.o)
                                 0x24 (size before relaxing)
 .stab          0x0000006c       0x18 c:/program files (x86)/gnu tools arm embedded/5.4 2016q3/bin/../lib/gcc/arm-none-eabi/5.4.1/../../../../arm-none-eabi/lib/armv6-m\libnosys.a(read.o)
                                 0x24 (size before relaxing)

.stabstr        0x00000000      0x183
 .stabstr       0x00000000      0x183 c:/program files (x86)/gnu tools arm embedded/5.4 2016q3/bin/../lib/gcc/arm-none-eabi/5.4.1/../../../../arm-none-eabi/lib/armv6-m\libnosys.a(close.o)
