Archive member included to satisfy reference by file (symbol)

../libopencm3/lib\libopencm3_stm32l0.a(rcc.o)
                              main.o (rcc_clock_setup_hsi16_3v3)
../libopencm3/lib\libopencm3_stm32l0.a(gpio_common_all.o)
                              bme280.o (gpio_toggle)
../libopencm3/lib\libopencm3_stm32l0.a(gpio_common_f0234.o)
                              main.o (gpio_mode_setup)
../libopencm3/lib\libopencm3_stm32l0.a(rcc_common_all.o)
                              main.o (rcc_periph_clock_enable)
../libopencm3/lib\libopencm3_stm32l0.a(flash_common_l01.o)
                              ../libopencm3/lib\libopencm3_stm32l0.a(rcc.o) (flash_set_ws)
../libopencm3/lib\libopencm3_stm32l0.a(i2c_common_v2.o)
                              bme280.o (i2c_reset)
../libopencm3/lib\libopencm3_stm32l0.a(usart.o)
                              main.o (usart_set_baudrate)
../libopencm3/lib\libopencm3_stm32l0.a(usart_common_l0f0.o)
                              main.o (usart_set_databits)
../libopencm3/lib\libopencm3_stm32l0.a(vector.o)
                              (reset_handler)
../libopencm3/lib\libopencm3_stm32l0.a(systick.o)
                              main.o (systick_set_reload)
../libopencm3/lib\libopencm3_stm32l0.a(assert.o)
                              ../libopencm3/lib\libopencm3_stm32l0.a(rcc.o) (cm3_assert_failed)
c:/program files (x86)/gnu tools arm embedded/5.4 2016q3/bin/../lib/gcc/arm-none-eabi/5.4.1/../../../../arm-none-eabi/lib/armv6-m\libc.a(lib_a-errno.o)
                              main.o (__errno)
c:/program files (x86)/gnu tools arm embedded/5.4 2016q3/bin/../lib/gcc/arm-none-eabi/5.4.1/../../../../arm-none-eabi/lib/armv6-m\libc.a(lib_a-impure.o)
                              c:/program files (x86)/gnu tools arm embedded/5.4 2016q3/bin/../lib/gcc/arm-none-eabi/5.4.1/../../../../arm-none-eabi/lib/armv6-m\libc.a(lib_a-errno.o) (_impure_ptr)
c:/program files (x86)/gnu tools arm embedded/5.4 2016q3/bin/../lib/gcc/arm-none-eabi/5.4.1/../../../../arm-none-eabi/lib/armv6-m\libc.a(lib_a-printf.o)
                              bme280.o (printf)
c:/program files (x86)/gnu tools arm embedded/5.4 2016q3/bin/../lib/gcc/arm-none-eabi/5.4.1/../../../../arm-none-eabi/lib/armv6-m\libc.a(lib_a-puts.o)
                              bme280.o (puts)
c:/program files (x86)/gnu tools arm embedded/5.4 2016q3/bin/../lib/gcc/arm-none-eabi/5.4.1/../../../../arm-none-eabi/lib/armv6-m\libc.a(lib_a-strlen-stub.o)
                              c:/program files (x86)/gnu tools arm embedded/5.4 2016q3/bin/../lib/gcc/arm-none-eabi/5.4.1/../../../../arm-none-eabi/lib/armv6-m\libc.a(lib_a-puts.o) (strlen)
c:/program files (x86)/gnu tools arm embedded/5.4 2016q3/bin/../lib/gcc/arm-none-eabi/5.4.1/../../../../arm-none-eabi/lib/armv6-m\libc.a(lib_a-vfprintf.o)
                              c:/program files (x86)/gnu tools arm embedded/5.4 2016q3/bin/../lib/gcc/arm-none-eabi/5.4.1/../../../../arm-none-eabi/lib/armv6-m\libc.a(lib_a-printf.o) (_vfprintf_r)
c:/program files (x86)/gnu tools arm embedded/5.4 2016q3/bin/../lib/gcc/arm-none-eabi/5.4.1/../../../../arm-none-eabi/lib/armv6-m\libc.a(lib_a-wsetup.o)
                              c:/program files (x86)/gnu tools arm embedded/5.4 2016q3/bin/../lib/gcc/arm-none-eabi/5.4.1/../../../../arm-none-eabi/lib/armv6-m\libc.a(lib_a-vfprintf.o) (__swsetup_r)
c:/program files (x86)/gnu tools arm embedded/5.4 2016q3/bin/../lib/gcc/arm-none-eabi/5.4.1/../../../../arm-none-eabi/lib/armv6-m\libc.a(lib_a-dtoa.o)
                              c:/program files (x86)/gnu tools arm embedded/5.4 2016q3/bin/../lib/gcc/arm-none-eabi/5.4.1/../../../../arm-none-eabi/lib/armv6-m\libc.a(lib_a-vfprintf.o) (_dtoa_r)
c:/program files (x86)/gnu tools arm embedded/5.4 2016q3/bin/../lib/gcc/arm-none-eabi/5.4.1/../../../../arm-none-eabi/lib/armv6-m\libc.a(lib_a-fflush.o)
                              c:/program files (x86)/gnu tools arm embedded/5.4 2016q3/bin/../lib/gcc/arm-none-eabi/5.4.1/../../../../arm-none-eabi/lib/armv6-m\libc.a(lib_a-vfprintf.o) (_fflush_r)
c:/program files (x86)/gnu tools arm embedded/5.4 2016q3/bin/../lib/gcc/arm-none-eabi/5.4.1/../../../../arm-none-eabi/lib/armv6-m\libc.a(lib_a-findfp.o)
                              c:/program files (x86)/gnu tools arm embedded/5.4 2016q3/bin/../lib/gcc/arm-none-eabi/5.4.1/../../../../arm-none-eabi/lib/armv6-m\libc.a(lib_a-puts.o) (__sinit)
c:/program files (x86)/gnu tools arm embedded/5.4 2016q3/bin/../lib/gcc/arm-none-eabi/5.4.1/../../../../arm-none-eabi/lib/armv6-m\libc.a(lib_a-freer.o)
                              c:/program files (x86)/gnu tools arm embedded/5.4 2016q3/bin/../lib/gcc/arm-none-eabi/5.4.1/../../../../arm-none-eabi/lib/armv6-m\libc.a(lib_a-wsetup.o) (_free_r)
c:/program files (x86)/gnu tools arm embedded/5.4 2016q3/bin/../lib/gcc/arm-none-eabi/5.4.1/../../../../arm-none-eabi/lib/armv6-m\libc.a(lib_a-fvwrite.o)
[...]
Memory Configuration

Name             Origin             Length             Attributes
rom              0x08000000         0x00010000         xr
ram              0x20000000         0x00002000         xrw
eep              0x08080000         0x00000800         r
*default*        0x00000000         0xffffffff

Linker script and memory map

LOAD main.o
LOAD bme280.o
LOAD ../libopencm3/lib\libopencm3_stm32l0.a
START GROUP
LOAD c:/program files (x86)/gnu tools arm embedded/5.4 2016q3/bin/../lib/gcc/arm-none-eabi/5.4.1/../../../../arm-none-eabi/lib/armv6-m\libc.a
LOAD c:/program files (x86)/gnu tools arm embedded/5.4 2016q3/bin/../lib/gcc/arm-none-eabi/5.4.1/armv6-m\libgcc.a
LOAD c:/program files (x86)/gnu tools arm embedded/5.4 2016q3/bin/../lib/gcc/arm-none-eabi/5.4.1/../../../../arm-none-eabi/lib/armv6-m\libnosys.a
END GROUP
START GROUP
LOAD c:/program files (x86)/gnu tools arm embedded/5.4 2016q3/bin/../lib/gcc/arm-none-eabi/5.4.1/armv6-m\libgcc.a
LOAD c:/program files (x86)/gnu tools arm embedded/5.4 2016q3/bin/../lib/gcc/arm-none-eabi/5.4.1/../../../../arm-none-eabi/lib/armv6-m\libc.a
END GROUP

.text           0x08000000     0x952c
 *(.vectors)
 .vectors       0x08000000       0xc0 ../libopencm3/lib\libopencm3_stm32l0.a(vector.o)
                0x08000000                vector_table
 *(.text*)
 .text._write   0x080000c0       0x34 main.o
                0x080000c0                _write
 .text.sys_tick_handler
                0x080000f4       0x10 main.o
                0x080000f4                sys_tick_handler
 .text._Z6millisv
                0x08000104        0xc main.o
                0x08000104                millis()
 .text.startup.main
                0x08000110       0xb4 main.o
                0x08000110                main
 .text._ZN6I2CDev5setupEm
                0x080001c4       0x78 bme280.o
                0x080001c4                I2CDev::setup(unsigned long)
 .text._ZN6BME280I6I2CDevE4initEv
                0x0800023c      0x19c bme280.o
                0x0800023c                BME280<I2CDev>::init()
 .text._Z5setupv
                0x080003d8       0x64 bme280.o
                0x080003d8                setup()
 .text._ZN6BME280I6I2CDevE11getPressureEv
                0x0800043c      0x184 bme280.o
                0x0800043c                BME280<I2CDev>::getPressure()
 .text._ZN6BME280I6I2CDevE11getHumidityEv
                0x080005c0       0x8c bme280.o
                0x080005c0                BME280<I2CDev>::getHumidity()
 .text._Z4loopv
                0x0800064c      0x118 bme280.o
                0x0800064c                loop()
 .text.rcc_osc_on
                0x08000764       0x54 ../libopencm3/lib\libopencm3_stm32l0.a(rcc.o)
                0x08000764                rcc_osc_on
 .text.rcc_is_osc_ready
                0x080007b8       0x58 ../libopencm3/lib\libopencm3_stm32l0.a(rcc.o)
                0x080007b8                rcc_is_osc_ready
 .text.rcc_wait_for_osc_ready
                0x08000810       0x10 ../libopencm3/lib\libopencm3_stm32l0.a(rcc.o)
                0x08000810                rcc_wait_for_osc_ready
 .text.rcc_set_pll_source_hsi16
                0x08000820       0x14 ../libopencm3/lib\libopencm3_stm32l0.a(rcc.o)
                0x08000820                rcc_set_pll_source_hsi16
 .text.rcc_set_sysclk_source
                0x08000834       0x44 ../libopencm3/lib\libopencm3_stm32l0.a(rcc.o)
                0x08000834                rcc_set_sysclk_source
 .text.rcc_set_pll_multiplier
                0x08000878       0x18 ../libopencm3/lib\libopencm3_stm32l0.a(rcc.o)
                0x08000878                rcc_set_pll_multiplier
 .text.rcc_set_pll_divider
                0x08000890       0x18 ../libopencm3/lib\libopencm3_stm32l0.a(rcc.o)
                0x08000890                rcc_set_pll_divider
 .text.rcc_set_ppre1
                0x080008a8       0x18 ../libopencm3/lib\libopencm3_stm32l0.a(rcc.o)
                0x080008a8                rcc_set_ppre1
 .text.rcc_set_ppre2
                0x080008c0       0x18 ../libopencm3/lib\libopencm3_stm32l0.a(rcc.o)
                0x080008c0                rcc_set_ppre2
 .text.rcc_set_hpre
                0x080008d8       0x14 ../libopencm3/lib\libopencm3_stm32l0.a(rcc.o)
                0x080008d8                rcc_set_hpre
 .text.rcc_clock_setup_hsi16_3v3
                0x080008ec       0x94 ../libopencm3/lib\libopencm3_stm32l0.a(rcc.o)
                0x080008ec                rcc_clock_setup_hsi16_3v3
 .text.gpio_toggle
                0x08000980       0x10 ../libopencm3/lib\libopencm3_stm32l0.a(gpio_common_all.o)
                0x08000980                gpio_toggle
 .text.gpio_mode_setup
                0x08000990       0x3a ../libopencm3/lib\libopencm3_stm32l0.a(gpio_common_f0234.o)
                0x08000990                gpio_mode_setup
 .text.gpio_set_output_options
                0x080009ca       0x3a ../libopencm3/lib\libopencm3_stm32l0.a(gpio_common_f0234.o)
                0x080009ca                gpio_set_output_options
 .text.gpio_set_af
                0x08000a04       0x58 ../libopencm3/lib\libopencm3_stm32l0.a(gpio_common_f0234.o)
                0x08000a04                gpio_set_af
 .text.rcc_peripheral_reset
                0x08000a5c        0x8 ../libopencm3/lib\libopencm3_stm32l0.a(rcc_common_all.o)
                0x08000a5c                rcc_peripheral_reset
 .text.rcc_peripheral_clear_reset
                0x08000a64        0x8 ../libopencm3/lib\libopencm3_stm32l0.a(rcc_common_all.o)
                0x08000a64                rcc_peripheral_clear_reset
 .text.rcc_periph_clock_enable
                0x08000a6c       0x1c ../libopencm3/lib\libopencm3_stm32l0.a(rcc_common_all.o)
                0x08000a6c                rcc_periph_clock_enable
 .text.flash_set_ws
                0x08000a88       0x14 ../libopencm3/lib\libopencm3_stm32l0.a(flash_common_l01.o)
                0x08000a88                flash_set_ws
 .text.i2c_reset
                0x08000a9c       0x40 ../libopencm3/lib\libopencm3_stm32l0.a(i2c_common_v2.o)
                0x08000a9c                i2c_reset
 .text.i2c_peripheral_enable
                0x08000adc        0xa ../libopencm3/lib\libopencm3_stm32l0.a(i2c_common_v2.o)
                0x08000adc                i2c_peripheral_enable
 .text.i2c_peripheral_disable
                0x08000ae6        0xa ../libopencm3/lib\libopencm3_stm32l0.a(i2c_common_v2.o)
                0x08000ae6                i2c_peripheral_disable
 .text.i2c_send_start
                0x08000af0        0xc ../libopencm3/lib\libopencm3_stm32l0.a(i2c_common_v2.o)
                0x08000af0                i2c_send_start
 .text.i2c_set_7bit_addr_mode
                0x08000afc       0x10 ../libopencm3/lib\libopencm3_stm32l0.a(i2c_common_v2.o)
                0x08000afc                i2c_set_7bit_addr_mode
 .text.i2c_set_7bit_address
                0x08000b0c       0x12 ../libopencm3/lib\libopencm3_stm32l0.a(i2c_common_v2.o)
                0x08000b0c                i2c_set_7bit_address
 *fill*         0x08000b1e        0x2 
 .text.i2c_set_write_transfer_dir
                0x08000b20       0x10 ../libopencm3/lib\libopencm3_stm32l0.a(i2c_common_v2.o)
                0x08000b20                i2c_set_write_transfer_dir
 .text.i2c_set_read_transfer_dir
                0x08000b30        0xc ../libopencm3/lib\libopencm3_stm32l0.a(i2c_common_v2.o)
                0x08000b30                i2c_set_read_transfer_dir
 .text.i2c_set_bytes_to_transfer
                0x08000b3c       0x14 ../libopencm3/lib\libopencm3_stm32l0.a(i2c_common_v2.o)
                0x08000b3c                i2c_set_bytes_to_transfer
 .text.i2c_is_start
                0x08000b50        0x8 ../libopencm3/lib\libopencm3_stm32l0.a(i2c_common_v2.o)
                0x08000b50                i2c_is_start
 .text.i2c_enable_autoend
                0x08000b58        0xc ../libopencm3/lib\libopencm3_stm32l0.a(i2c_common_v2.o)
                0x08000b58                i2c_enable_autoend
 .text.i2c_disable_autoend
                0x08000b64       0x10 ../libopencm3/lib\libopencm3_stm32l0.a(i2c_common_v2.o)
                0x08000b64                i2c_disable_autoend
 .text.i2c_nack
                0x08000b74        0x8 ../libopencm3/lib\libopencm3_stm32l0.a(i2c_common_v2.o)
                0x08000b74                i2c_nack
 .text.i2c_busy
                0x08000b7c        0x8 ../libopencm3/lib\libopencm3_stm32l0.a(i2c_common_v2.o)
                0x08000b7c                i2c_busy
 .text.i2c_transmit_int_status
                0x08000b84        0x8 ../libopencm3/lib\libopencm3_stm32l0.a(i2c_common_v2.o)
                0x08000b84                i2c_transmit_int_status
 .text.i2c_received_data
                0x08000b8c        0x8 ../libopencm3/lib\libopencm3_stm32l0.a(i2c_common_v2.o)
                0x08000b8c                i2c_received_data
 .text.write_i2c
                0x08000b94       0x8a ../libopencm3/lib\libopencm3_stm32l0.a(i2c_common_v2.o)
                0x08000b94                write_i2c
 .text.read_i2c
                0x08000c1e       0xa4 ../libopencm3/lib\libopencm3_stm32l0.a(i2c_common_v2.o)
                0x08000c1e                read_i2c
 *fill*         0x08000cc2        0x2 
 .text.usart_set_baudrate
                0x08000cc4       0x2c ../libopencm3/lib\libopencm3_stm32l0.a(usart.o)
                0x08000cc4                usart_set_baudrate
 .text.usart_set_databits
                0x08000cf0       0x1c ../libopencm3/lib\libopencm3_stm32l0.a(usart_common_l0f0.o)
                0x08000cf0                usart_set_databits
 .text.usart_set_stopbits
                0x08000d0c       0x10 ../libopencm3/lib\libopencm3_stm32l0.a(usart_common_l0f0.o)
                0x08000d0c                usart_set_stopbits
 .text.usart_set_parity
                0x08000d1c       0x10 ../libopencm3/lib\libopencm3_stm32l0.a(usart_common_l0f0.o)
                0x08000d1c                usart_set_parity
 .text.usart_set_mode
                0x08000d2c        0xc ../libopencm3/lib\libopencm3_stm32l0.a(usart_common_l0f0.o)
                0x08000d2c                usart_set_mode
 .text.usart_set_flow_control
                0x08000d38       0x10 ../libopencm3/lib\libopencm3_stm32l0.a(usart_common_l0f0.o)
                0x08000d38                usart_set_flow_control
 .text.usart_enable
                0x08000d48        0xa ../libopencm3/lib\libopencm3_stm32l0.a(usart_common_l0f0.o)
                0x08000d48                usart_enable
 .text.usart_wait_send_ready
                0x08000d52        0xa ../libopencm3/lib\libopencm3_stm32l0.a(usart_common_l0f0.o)
                0x08000d52                usart_wait_send_ready
 .text.usart_send_blocking
                0x08000d5c       0x10 ../libopencm3/lib\libopencm3_stm32l0.a(usart_common_l0f0.o)
                0x08000d5c                usart_send_blocking
 .text.blocking_handler
                0x08000d6c        0x2 ../libopencm3/lib\libopencm3_stm32l0.a(vector.o)
                0x08000d6c                rtc_isr
                0x08000d6c                blocking_handler
                0x08000d6c                tsc_isr
                0x08000d6c                spi1_isr
                0x08000d6c                i2c1_isr
                0x08000d6c                i2c2_isr
                0x08000d6c                tim21_isr
                0x08000d6c                usart1_isr
                0x08000d6c                reserved4_isr
                0x08000d6c                exti2_3_isr
                0x08000d6c                reserved5_isr
                0x08000d6c                lptim1_isr
                0x08000d6c                pvd_isr
                0x08000d6c                lpuart1_isr
                0x08000d6c                rcc_isr
                0x08000d6c                reserved3_isr
                0x08000d6c                flash_isr
                0x08000d6c                hard_fault_handler
                0x08000d6c                spi2_isr
                0x08000d6c                usb_isr
                0x08000d6c                usart2_isr
                0x08000d6c                adc_comp_isr
                0x08000d6c                reserved2_isr
                0x08000d6c                reserved1_isr
                0x08000d6c                dma1_channel1_isr
                0x08000d6c                tim6_dac_isr
                0x08000d6c                lcd_isr
                0x08000d6c                dma1_channel2_3_isr
                0x08000d6c                tim22_isr
                0x08000d6c                exti4_15_isr
                0x08000d6c                wwdg_isr
                0x08000d6c                tim2_isr
                0x08000d6c                dma1_channel4_5_isr
                0x08000d6c                exti0_1_isr
 .text.null_handler
                0x08000d6e        0x2 ../libopencm3/lib\libopencm3_stm32l0.a(vector.o)
                0x08000d6e                sv_call_handler
                0x08000d6e                pend_sv_handler
                0x08000d6e                nmi_handler
                0x08000d6e                null_handler
 .text.reset_handler
                0x08000d70       0x8c ../libopencm3/lib\libopencm3_stm32l0.a(vector.o)
                0x08000d70                reset_handler
 .text.systick_set_reload
                0x08000dfc       0x10 ../libopencm3/lib\libopencm3_stm32l0.a(systick.o)
                0x08000dfc                systick_set_reload
 .text.systick_set_clocksource
                0x08000e0c       0x14 ../libopencm3/lib\libopencm3_stm32l0.a(systick.o)
                0x08000e0c                systick_set_clocksource
 .text.systick_interrupt_enable
                0x08000e20       0x10 ../libopencm3/lib\libopencm3_stm32l0.a(systick.o)
                0x08000e20                systick_interrupt_enable
 .text.systick_counter_enable
                0x08000e30       0x10 ../libopencm3/lib\libopencm3_stm32l0.a(systick.o)
                0x08000e30                systick_counter_enable
 .text.__errno  0x08000e40        0xc c:/program files (x86)/gnu tools arm embedded/5.4 2016q3/bin/../lib/gcc/arm-none-eabi/5.4.1/../../../../arm-none-eabi/lib/armv6-m\libc.a(lib_a-errno.o)
                0x08000e40                __errno
 .text.printf   0x08000e4c       0x24 c:/program files (x86)/gnu tools arm embedded/5.4 2016q3/bin/../lib/gcc/arm-none-eabi/5.4.1/../../../../arm-none-eabi/lib/armv6-m\libc.a(lib_a-printf.o)
                0x08000e4c                printf
 .text._puts_r  0x08000e70       0x70 c:/program files (x86)/gnu tools arm embedded/5.4 2016q3/bin/../lib/gcc/arm-none-eabi/5.4.1/../../../../arm-none-eabi/lib/armv6-m\libc.a(lib_a-puts.o)
                0x08000e70                _puts_r
 .text.puts     0x08000ee0       0x14 c:/program files (x86)/gnu tools arm embedded/5.4 2016q3/bin/../lib/gcc/arm-none-eabi/5.4.1/../../../../arm-none-eabi/lib/armv6-m\libc.a(lib_a-puts.o)
                0x08000ee0                puts
 .text.strlen   0x08000ef4       0x68 c:/program files (x86)/gnu tools arm embedded/5.4 2016q3/bin/../lib/gcc/arm-none-eabi/5.4.1/../../../../arm-none-eabi/lib/armv6-m\libc.a(lib_a-strlen-stub.o)
                0x08000ef4                strlen
 .text._vfprintf_r
                0x08000f5c     0x1828 c:/program files (x86)/gnu tools arm embedded/5.4 2016q3/bin/../lib/gcc/arm-none-eabi/5.4.1/../../../../arm-none-eabi/lib/armv6-m\libc.a(lib_a-vfprintf.o)
                0x08000f5c                _vfprintf_r
 .text.__sbprintf
                0x08002784       0x74 c:/program files (x86)/gnu tools arm embedded/5.4 2016q3/bin/../lib/gcc/arm-none-eabi/5.4.1/../../../../arm-none-eabi/lib/armv6-m\libc.a(lib_a-vfprintf.o)
 .text.__swsetup_r
                0x080027f8       0xd4 c:/program files (x86)/gnu tools arm embedded/5.4 2016q3/bin/../lib/gcc/arm-none-eabi/5.4.1/../../../../arm-none-eabi/lib/armv6-m\libc.a(lib_a-wsetup.o)
                0x080027f8                __swsetup_r
 .text.quorem   0x080028cc      0x150 c:/program files (x86)/gnu tools arm embedded/5.4 2016q3/bin/../lib/gcc/arm-none-eabi/5.4.1/../../../../arm-none-eabi/lib/armv6-m\libc.a(lib_a-dtoa.o)
 .text._dtoa_r  0x08002a1c      0xf54 c:/program files (x86)/gnu tools arm embedded/5.4 2016q3/bin/../lib/gcc/arm-none-eabi/5.4.1/../../../../arm-none-eabi/lib/armv6-m\libc.a(lib_a-dtoa.o)
                0x08002a1c                _dtoa_r
 .text.__sflush_r
                0x08003970      0x150 c:/program files (x86)/gnu tools arm embedded/5.4 2016q3/bin/../lib/gcc/arm-none-eabi/5.4.1/../../../../arm-none-eabi/lib/armv6-m\libc.a(lib_a-fflush.o)
                0x08003970                __sflush_r
 .text._fflush_r
                0x08003ac0       0x2c c:/program files (x86)/gnu tools arm embedded/5.4 2016q3/bin/../lib/gcc/arm-none-eabi/5.4.1/../../../../arm-none-eabi/lib/armv6-m\libc.a(lib_a-fflush.o)
                0x08003ac0                _fflush_r
 .text._cleanup_r
                0x08003aec       0x10 c:/program files (x86)/gnu tools arm embedded/5.4 2016q3/bin/../lib/gcc/arm-none-eabi/5.4.1/../../../../arm-none-eabi/lib/armv6-m\libc.a(lib_a-findfp.o)
                0x08003aec                _cleanup_r
 .text.__sinit.part.1
                0x08003afc       0xf0 c:/program files (x86)/gnu tools arm embedded/5.4 2016q3/bin/../lib/gcc/arm-none-eabi/5.4.1/../../../../arm-none-eabi/lib/armv6-m\libc.a(lib_a-findfp.o)
 .text.__sinit  0x08003bec       0x10 c:/program files (x86)/gnu tools arm embedded/5.4 2016q3/bin/../lib/gcc/arm-none-eabi/5.4.1/../../../../arm-none-eabi/lib/armv6-m\libc.a(lib_a-findfp.o)
                0x08003bec                __sinit
 .text.__sfp_lock_acquire
                0x08003bfc        0x4 c:/program files (x86)/gnu tools arm embedded/5.4 2016q3/bin/../lib/gcc/arm-none-eabi/5.4.1/../../../../arm-none-eabi/lib/armv6-m\libc.a(lib_a-findfp.o)
                0x08003bfc                __sfp_lock_acquire
 .text.__sfp_lock_release
                0x08003c00        0x4 c:/program files (x86)/gnu tools arm embedded/5.4 2016q3/bin/../lib/gcc/arm-none-eabi/5.4.1/../../../../arm-none-eabi/lib/armv6-m\libc.a(lib_a-findfp.o)
                0x08003c00                __sfp_lock_release
 .text._malloc_trim_r
                0x08003c04       0xa0 c:/program files (x86)/gnu tools arm embedded/5.4 2016q3/bin/../lib/gcc/arm-none-eabi/5.4.1/../../../../arm-none-eabi/lib/armv6-m\libc.a(lib_a-freer.o)
                0x08003c04                _malloc_trim_r
 .text._free_r  0x08003ca4      0x1c4 c:/program files (x86)/gnu tools arm embedded/5.4 2016q3/bin/../lib/gcc/arm-none-eabi/5.4.1/../../../../arm-none-eabi/lib/armv6-m\libc.a(lib_a-freer.o)
                0x08003ca4                _free_r
 .text.__sfvwrite_r
                0x08003e68      0x31c c:/program files (x86)/gnu tools arm embedded/5.4 2016q3/bin/../lib/gcc/arm-none-eabi/5.4.1/../../../../arm-none-eabi/lib/armv6-m\libc.a(lib_a-fvwrite.o)
                0x08003e68                __sfvwrite_r
 .text._fwalk_reent
                0x08004184       0x4c c:/program files (x86)/gnu tools arm embedded/5.4 2016q3/bin/../lib/gcc/arm-none-eabi/5.4.1/../../../../arm-none-eabi/lib/armv6-m\libc.a(lib_a-fwalk.o)
                0x08004184                _fwalk_reent
 .text._localeconv_r
                0x080041d0       0x1c c:/program files (x86)/gnu tools arm embedded/5.4 2016q3/bin/../lib/gcc/arm-none-eabi/5.4.1/../../../../arm-none-eabi/lib/armv6-m\libc.a(lib_a-localeconv.o)
                0x080041d0                _localeconv_r
 .text.__swhatbuf_r
                0x080041ec       0x60 c:/program files (x86)/gnu tools arm embedded/5.4 2016q3/bin/../lib/gcc/arm-none-eabi/5.4.1/../../../../arm-none-eabi/lib/armv6-m\libc.a(lib_a-makebuf.o)
                0x080041ec                __swhatbuf_r
 .text.__smakebuf_r
                0x0800424c       0x88 c:/program files (x86)/gnu tools arm embedded/5.4 2016q3/bin/../lib/gcc/arm-none-eabi/5.4.1/../../../../arm-none-eabi/lib/armv6-m\libc.a(lib_a-makebuf.o)
                0x0800424c                __smakebuf_r
 .text._malloc_r
                0x080042d4      0x554 c:/program files (x86)/gnu tools arm embedded/5.4 2016q3/bin/../lib/gcc/arm-none-eabi/5.4.1/../../../../arm-none-eabi/lib/armv6-m\libc.a(lib_a-mallocr.o)
                0x080042d4                _malloc_r
 .text.memchr   0x08004828       0x90 c:/program files (x86)/gnu tools arm embedded/5.4 2016q3/bin/../lib/gcc/arm-none-eabi/5.4.1/../../../../arm-none-eabi/lib/armv6-m\libc.a(lib_a-memchr-stub.o)
                0x08004828                memchr
 .text.memcpy   0x080048b8       0x7c c:/program files (x86)/gnu tools arm embedded/5.4 2016q3/bin/../lib/gcc/arm-none-eabi/5.4.1/../../../../arm-none-eabi/lib/armv6-m\libc.a(lib_a-memcpy-stub.o)
                0x080048b8                memcpy
 .text.memmove  0x08004934       0x98 c:/program files (x86)/gnu tools arm embedded/5.4 2016q3/bin/../lib/gcc/arm-none-eabi/5.4.1/../../../../arm-none-eabi/lib/armv6-m\libc.a(lib_a-memmove.o)
                0x08004934                memmove
 .text.memset   0x080049cc       0x8c c:/program files (x86)/gnu tools arm embedded/5.4 2016q3/bin/../lib/gcc/arm-none-eabi/5.4.1/../../../../arm-none-eabi/lib/armv6-m\libc.a(lib_a-memset.o)
                0x080049cc                memset
 .text.__malloc_lock
                0x08004a58        0x4 c:/program files (x86)/gnu tools arm embedded/5.4 2016q3/bin/../lib/gcc/arm-none-eabi/5.4.1/../../../../arm-none-eabi/lib/armv6-m\libc.a(lib_a-mlock.o)
                0x08004a58                __malloc_lock
 .text.__malloc_unlock
                0x08004a5c        0x4 c:/program files (x86)/gnu tools arm embedded/5.4 2016q3/bin/../lib/gcc/arm-none-eabi/5.4.1/../../../../arm-none-eabi/lib/armv6-m\libc.a(lib_a-mlock.o)
                0x08004a5c                __malloc_unlock
 .text._Balloc  0x08004a60       0x50 c:/program files (x86)/gnu tools arm embedded/5.4 2016q3/bin/../lib/gcc/arm-none-eabi/5.4.1/../../../../arm-none-eabi/lib/armv6-m\libc.a(lib_a-mprec.o)
                0x08004a60                _Balloc
 .text._Bfree   0x08004ab0       0x14 c:/program files (x86)/gnu tools arm embedded/5.4 2016q3/bin/../lib/gcc/arm-none-eabi/5.4.1/../../../../arm-none-eabi/lib/armv6-m\libc.a(lib_a-mprec.o)
                0x08004ab0                _Bfree
 .text.__multadd
                0x08004ac4       0x8c c:/program files (x86)/gnu tools arm embedded/5.4 2016q3/bin/../lib/gcc/arm-none-eabi/5.4.1/../../../../arm-none-eabi/lib/armv6-m\libc.a(lib_a-mprec.o)
                0x08004ac4                __multadd
 .text.__hi0bits
                0x08004b50       0x3c c:/program files (x86)/gnu tools arm embedded/5.4 2016q3/bin/../lib/gcc/arm-none-eabi/5.4.1/../../../../arm-none-eabi/lib/armv6-m\libc.a(lib_a-mprec.o)
                0x08004b50                __hi0bits
 .text.__lo0bits
                0x08004b8c       0x5c c:/program files (x86)/gnu tools arm embedded/5.4 2016q3/bin/../lib/gcc/arm-none-eabi/5.4.1/../../../../arm-none-eabi/lib/armv6-m\libc.a(lib_a-mprec.o)
                0x08004b8c                __lo0bits
 .text.__i2b    0x08004be8       0x14 c:/program files (x86)/gnu tools arm embedded/5.4 2016q3/bin/../lib/gcc/arm-none-eabi/5.4.1/../../../../arm-none-eabi/lib/armv6-m\libc.a(lib_a-mprec.o)
                0x08004be8                __i2b
 .text.__multiply
                0x08004bfc      0x15c c:/program files (x86)/gnu tools arm embedded/5.4 2016q3/bin/../lib/gcc/arm-none-eabi/5.4.1/../../../../arm-none-eabi/lib/armv6-m\libc.a(lib_a-mprec.o)
                0x08004bfc                __multiply
 .text.__pow5mult
                0x08004d58       0xbc c:/program files (x86)/gnu tools arm embedded/5.4 2016q3/bin/../lib/gcc/arm-none-eabi/5.4.1/../../../../arm-none-eabi/lib/armv6-m\libc.a(lib_a-mprec.o)
                0x08004d58                __pow5mult
 .text.__lshift
                0x08004e14       0xc0 c:/program files (x86)/gnu tools arm embedded/5.4 2016q3/bin/../lib/gcc/arm-none-eabi/5.4.1/../../../../arm-none-eabi/lib/armv6-m\libc.a(lib_a-mprec.o)
                0x08004e14                __lshift
 .text.__mcmp   0x08004ed4       0x3c c:/program files (x86)/gnu tools arm embedded/5.4 2016q3/bin/../lib/gcc/arm-none-eabi/5.4.1/../../../../arm-none-eabi/lib/armv6-m\libc.a(lib_a-mprec.o)
                0x08004ed4                __mcmp
 .text.__mdiff  0x08004f10      0x11c c:/program files (x86)/gnu tools arm embedded/5.4 2016q3/bin/../lib/gcc/arm-none-eabi/5.4.1/../../../../arm-none-eabi/lib/armv6-m\libc.a(lib_a-mprec.o)
                0x08004f10                __mdiff
 .text.__d2b    0x0800502c       0xbc c:/program files (x86)/gnu tools arm embedded/5.4 2016q3/bin/../lib/gcc/arm-none-eabi/5.4.1/../../../../arm-none-eabi/lib/armv6-m\libc.a(lib_a-mprec.o)
                0x0800502c                __d2b
 .text._realloc_r
                0x080050e8      0x3dc c:/program files (x86)/gnu tools arm embedded/5.4 2016q3/bin/../lib/gcc/arm-none-eabi/5.4.1/../../../../arm-none-eabi/lib/armv6-m\libc.a(lib_a-reallocr.o)
                0x080050e8                _realloc_r
 .text._sbrk_r  0x080054c4       0x24 c:/program files (x86)/gnu tools arm embedded/5.4 2016q3/bin/../lib/gcc/arm-none-eabi/5.4.1/../../../../arm-none-eabi/lib/armv6-m\libc.a(lib_a-sbrkr.o)
                0x080054c4                _sbrk_r
 .text.__sread  0x080054e8       0x28 c:/program files (x86)/gnu tools arm embedded/5.4 2016q3/bin/../lib/gcc/arm-none-eabi/5.4.1/../../../../arm-none-eabi/lib/armv6-m\libc.a(lib_a-stdio.o)
                0x080054e8                __sread
 .text.__swrite
                0x08005510       0x3c c:/program files (x86)/gnu tools arm embedded/5.4 2016q3/bin/../lib/gcc/arm-none-eabi/5.4.1/../../../../arm-none-eabi/lib/armv6-m\libc.a(lib_a-stdio.o)
                0x08005510                __swrite
 .text.__sseek  0x0800554c       0x2c c:/program files (x86)/gnu tools arm embedded/5.4 2016q3/bin/../lib/gcc/arm-none-eabi/5.4.1/../../../../arm-none-eabi/lib/armv6-m\libc.a(lib_a-stdio.o)
                0x0800554c                __sseek
 .text.__sclose
                0x08005578        0xc c:/program files (x86)/gnu tools arm embedded/5.4 2016q3/bin/../lib/gcc/arm-none-eabi/5.4.1/../../../../arm-none-eabi/lib/armv6-m\libc.a(lib_a-stdio.o)
                0x08005578                __sclose
 .text.__sprint_r.part.0
                0x08005584       0x78 c:/program files (x86)/gnu tools arm embedded/5.4 2016q3/bin/../lib/gcc/arm-none-eabi/5.4.1/../../../../arm-none-eabi/lib/armv6-m\libc.a(lib_a-vfiprintf.o)
 .text.__sprint_r
                0x080055fc       0x14 c:/program files (x86)/gnu tools arm embedded/5.4 2016q3/bin/../lib/gcc/arm-none-eabi/5.4.1/../../../../arm-none-eabi/lib/armv6-m\libc.a(lib_a-vfiprintf.o)
                0x080055fc                __sprint_r
 .text._write_r
                0x08005610       0x28 c:/program files (x86)/gnu tools arm embedded/5.4 2016q3/bin/../lib/gcc/arm-none-eabi/5.4.1/../../../../arm-none-eabi/lib/armv6-m\libc.a(lib_a-writer.o)
                0x08005610                _write_r
 .text._calloc_r
                0x08005638       0x60 c:/program files (x86)/gnu tools arm embedded/5.4 2016q3/bin/../lib/gcc/arm-none-eabi/5.4.1/../../../../arm-none-eabi/lib/armv6-m\libc.a(lib_a-callocr.o)
                0x08005638                _calloc_r
 .text._close_r
                0x08005698       0x24 c:/program files (x86)/gnu tools arm embedded/5.4 2016q3/bin/../lib/gcc/arm-none-eabi/5.4.1/../../../../arm-none-eabi/lib/armv6-m\libc.a(lib_a-closer.o)
                0x08005698                _close_r
 .text._fclose_r
                0x080056bc       0x8c c:/program files (x86)/gnu tools arm embedded/5.4 2016q3/bin/../lib/gcc/arm-none-eabi/5.4.1/../../../../arm-none-eabi/lib/armv6-m\libc.a(lib_a-fclose.o)
                0x080056bc                _fclose_r
 .text.__fputwc
                0x08005748       0x98 c:/program files (x86)/gnu tools arm embedded/5.4 2016q3/bin/../lib/gcc/arm-none-eabi/5.4.1/../../../../arm-none-eabi/lib/armv6-m\libc.a(lib_a-fputwc.o)
                0x08005748                __fputwc
 .text._fputwc_r
                0x080057e0       0x20 c:/program files (x86)/gnu tools arm embedded/5.4 2016q3/bin/../lib/gcc/arm-none-eabi/5.4.1/../../../../arm-none-eabi/lib/armv6-m\libc.a(lib_a-fputwc.o)
                0x080057e0                _fputwc_r
 .text._fstat_r
                0x08005800       0x28 c:/program files (x86)/gnu tools arm embedded/5.4 2016q3/bin/../lib/gcc/arm-none-eabi/5.4.1/../../../../arm-none-eabi/lib/armv6-m\libc.a(lib_a-fstatr.o)
                0x08005800                _fstat_r
 .text._isatty_r
                0x08005828       0x24 c:/program files (x86)/gnu tools arm embedded/5.4 2016q3/bin/../lib/gcc/arm-none-eabi/5.4.1/../../../../arm-none-eabi/lib/armv6-m\libc.a(lib_a-isattyr.o)
                0x08005828                _isatty_r
 .text.__locale_mb_cur_max
                0x0800584c       0x20 c:/program files (x86)/gnu tools arm embedded/5.4 2016q3/bin/../lib/gcc/arm-none-eabi/5.4.1/../../../../arm-none-eabi/lib/armv6-m\libc.a(lib_a-locale.o)
                0x0800584c                __locale_mb_cur_max
 .text._lseek_r
                0x0800586c       0x28 c:/program files (x86)/gnu tools arm embedded/5.4 2016q3/bin/../lib/gcc/arm-none-eabi/5.4.1/../../../../arm-none-eabi/lib/armv6-m\libc.a(lib_a-lseekr.o)
                0x0800586c                _lseek_r
 .text.__ascii_mbtowc
                0x08005894       0x2c c:/program files (x86)/gnu tools arm embedded/5.4 2016q3/bin/../lib/gcc/arm-none-eabi/5.4.1/../../../../arm-none-eabi/lib/armv6-m\libc.a(lib_a-mbtowc_r.o)
                0x08005894                __ascii_mbtowc
 .text._read_r  0x080058c0       0x28 c:/program files (x86)/gnu tools arm embedded/5.4 2016q3/bin/../lib/gcc/arm-none-eabi/5.4.1/../../../../arm-none-eabi/lib/armv6-m\libc.a(lib_a-readr.o)
                0x080058c0                _read_r
 .text.__swbuf_r
                0x080058e8       0xb8 c:/program files (x86)/gnu tools arm embedded/5.4 2016q3/bin/../lib/gcc/arm-none-eabi/5.4.1/../../../../arm-none-eabi/lib/armv6-m\libc.a(lib_a-wbuf.o)
                0x080058e8                __swbuf_r
 .text._wcrtomb_r
                0x080059a0       0x54 c:/program files (x86)/gnu tools arm embedded/5.4 2016q3/bin/../lib/gcc/arm-none-eabi/5.4.1/../../../../arm-none-eabi/lib/armv6-m\libc.a(lib_a-wcrtomb.o)
                0x080059a0                _wcrtomb_r
 .text.__ascii_wctomb
                0x080059f4       0x1c c:/program files (x86)/gnu tools arm embedded/5.4 2016q3/bin/../lib/gcc/arm-none-eabi/5.4.1/../../../../arm-none-eabi/lib/armv6-m\libc.a(lib_a-wctomb_r.o)
                0x080059f4                __ascii_wctomb
 .text          0x08005a10       0x14 c:/program files (x86)/gnu tools arm embedded/5.4 2016q3/bin/../lib/gcc/arm-none-eabi/5.4.1/armv6-m\libgcc.a(_thumb1_case_uqi.o)
                0x08005a10                __gnu_thumb1_case_uqi
 .text          0x08005a24      0x114 c:/program files (x86)/gnu tools arm embedded/5.4 2016q3/bin/../lib/gcc/arm-none-eabi/5.4.1/armv6-m\libgcc.a(_udivsi3.o)
                0x08005a24                __aeabi_uidiv
                0x08005a24                __udivsi3
                0x08005b30                __aeabi_uidivmod
 .text          0x08005b38      0x1d4 c:/program files (x86)/gnu tools arm embedded/5.4 2016q3/bin/../lib/gcc/arm-none-eabi/5.4.1/armv6-m\libgcc.a(_divsi3.o)
                0x08005b38                __divsi3
                0x08005b38                __aeabi_idiv
                0x08005d04                __aeabi_idivmod
 .text          0x08005d0c        0x4 c:/program files (x86)/gnu tools arm embedded/5.4 2016q3/bin/../lib/gcc/arm-none-eabi/5.4.1/armv6-m\libgcc.a(_dvmd_tls.o)
                0x08005d0c                __aeabi_idiv0
                0x08005d0c                __aeabi_ldiv0
 .text          0x08005d10       0x7c c:/program files (x86)/gnu tools arm embedded/5.4 2016q3/bin/../lib/gcc/arm-none-eabi/5.4.1/armv6-m\libgcc.a(_arm_cmpdf2.o)
                0x08005d10                __aeabi_cdrcmple
                0x08005d20                __aeabi_cdcmple
                0x08005d20                __aeabi_cdcmpeq
                0x08005d30                __aeabi_dcmpeq
                0x08005d3c                __aeabi_dcmplt
                0x08005d50                __aeabi_dcmple
                0x08005d64                __aeabi_dcmpgt
                0x08005d78                __aeabi_dcmpge
 .text          0x08005d8c       0x48 c:/program files (x86)/gnu tools arm embedded/5.4 2016q3/bin/../lib/gcc/arm-none-eabi/5.4.1/armv6-m\libgcc.a(_aeabi_ldivmod.o)
                0x08005d8c                __aeabi_ldivmod
 .text          0x08005dd4       0x40 c:/program files (x86)/gnu tools arm embedded/5.4 2016q3/bin/../lib/gcc/arm-none-eabi/5.4.1/armv6-m\libgcc.a(_aeabi_uldivmod.o)
                0x08005dd4                __aeabi_uldivmod
 .text          0x08005e14       0x58 c:/program files (x86)/gnu tools arm embedded/5.4 2016q3/bin/../lib/gcc/arm-none-eabi/5.4.1/armv6-m\libgcc.a(_muldi3.o)
                0x08005e14                __muldi3
                0x08005e14                __aeabi_lmul
 .text          0x08005e6c      0x180 c:/program files (x86)/gnu tools arm embedded/5.4 2016q3/bin/../lib/gcc/arm-none-eabi/5.4.1/armv6-m\libgcc.a(_udivmoddi4.o)
                0x08005e6c                __udivmoddi4
 .text          0x08005fec       0x38 c:/program files (x86)/gnu tools arm embedded/5.4 2016q3/bin/../lib/gcc/arm-none-eabi/5.4.1/armv6-m\libgcc.a(bpabi.o)
                0x08005fec                __gnu_ldivmod_helper
 .text          0x08006024      0x658 c:/program files (x86)/gnu tools arm embedded/5.4 2016q3/bin/../lib/gcc/arm-none-eabi/5.4.1/armv6-m\libgcc.a(adddf3.o)
                0x08006024                __aeabi_dadd
 .text          0x0800667c      0x62c c:/program files (x86)/gnu tools arm embedded/5.4 2016q3/bin/../lib/gcc/arm-none-eabi/5.4.1/armv6-m\libgcc.a(divdf3.o)
                0x0800667c                __aeabi_ddiv
 .text          0x08006ca8       0x80 c:/program files (x86)/gnu tools arm embedded/5.4 2016q3/bin/../lib/gcc/arm-none-eabi/5.4.1/armv6-m\libgcc.a(eqdf2.o)
                0x08006ca8                __nedf2
                0x08006ca8                __eqdf2
 .text          0x08006d28       0xc8 c:/program files (x86)/gnu tools arm embedded/5.4 2016q3/bin/../lib/gcc/arm-none-eabi/5.4.1/armv6-m\libgcc.a(gedf2.o)
                0x08006d28                __gedf2
                0x08006d28                __gtdf2
 .text          0x08006df0       0xd4 c:/program files (x86)/gnu tools arm embedded/5.4 2016q3/bin/../lib/gcc/arm-none-eabi/5.4.1/armv6-m\libgcc.a(ledf2.o)
                0x08006df0                __ledf2
                0x08006df0                __ltdf2
 .text          0x08006ec4      0x4f4 c:/program files (x86)/gnu tools arm embedded/5.4 2016q3/bin/../lib/gcc/arm-none-eabi/5.4.1/armv6-m\libgcc.a(muldf3.o)
                0x08006ec4                __aeabi_dmul
 .text          0x080073b8      0x6a8 c:/program files (x86)/gnu tools arm embedded/5.4 2016q3/bin/../lib/gcc/arm-none-eabi/5.4.1/armv6-m\libgcc.a(subdf3.o)
                0x080073b8                __aeabi_dsub
 .text          0x08007a60       0x40 c:/program files (x86)/gnu tools arm embedded/5.4 2016q3/bin/../lib/gcc/arm-none-eabi/5.4.1/armv6-m\libgcc.a(unorddf2.o)
                0x08007a60                __aeabi_dcmpun
 .text          0x08007aa0       0x6c c:/program files (x86)/gnu tools arm embedded/5.4 2016q3/bin/../lib/gcc/arm-none-eabi/5.4.1/armv6-m\libgcc.a(fixdfsi.o)
                0x08007aa0                __aeabi_d2iz
 .text          0x08007b0c       0x84 c:/program files (x86)/gnu tools arm embedded/5.4 2016q3/bin/../lib/gcc/arm-none-eabi/5.4.1/armv6-m\libgcc.a(floatsidf.o)
                0x08007b0c                __aeabi_i2d
 .text          0x08007b90       0x70 c:/program files (x86)/gnu tools arm embedded/5.4 2016q3/bin/../lib/gcc/arm-none-eabi/5.4.1/armv6-m\libgcc.a(floatunsidf.o)
                0x08007b90                __aeabi_ui2d
 .text          0x08007c00       0xa8 c:/program files (x86)/gnu tools arm embedded/5.4 2016q3/bin/../lib/gcc/arm-none-eabi/5.4.1/armv6-m\libgcc.a(extendsfdf2.o)
                0x08007c00                __aeabi_f2d
 .text          0x08007ca8      0x118 c:/program files (x86)/gnu tools arm embedded/5.4 2016q3/bin/../lib/gcc/arm-none-eabi/5.4.1/armv6-m\libgcc.a(truncdfsf2.o)
                0x08007ca8                __aeabi_d2f
 .text          0x08007dc0      0xa3c c:/program files (x86)/gnu tools arm embedded/5.4 2016q3/bin/../lib/gcc/arm-none-eabi/5.4.1/armv6-m\libgcc.a(unwind-arm.o)
                0x08008098                _Unwind_GetCFA
                0x0800809c                __gnu_Unwind_RaiseException
                0x080080f0                __gnu_Unwind_ForcedUnwind
                0x08008104                __gnu_Unwind_Resume
                0x0800814c                __gnu_Unwind_Resume_or_Rethrow
                0x08008168                _Unwind_Complete
                0x0800816c                _Unwind_DeleteException
                0x0800817c                _Unwind_VRS_Get
                0x080081c8                _Unwind_VRS_Set
                0x08008214                __gnu_Unwind_Backtrace
                0x08008574                __aeabi_unwind_cpp_pr0
                0x08008580                __aeabi_unwind_cpp_pr1
                0x0800858c                __aeabi_unwind_cpp_pr2
                0x08008598                _Unwind_VRS_Pop
 .text          0x080087fc      0x144 c:/program files (x86)/gnu tools arm embedded/5.4 2016q3/bin/../lib/gcc/arm-none-eabi/5.4.1/armv6-m\libgcc.a(libunwind.o)
                0x080087fc                __restore_core_regs
                0x080087fc                restore_core_regs
                0x08008828                __gnu_Unwind_Restore_VFP
                0x0800882c                __gnu_Unwind_Save_VFP
                0x08008830                __gnu_Unwind_Restore_VFP_D
                0x08008834                __gnu_Unwind_Save_VFP_D
                0x08008838                __gnu_Unwind_Restore_VFP_D_16_to_31
                0x0800883c                __gnu_Unwind_Save_VFP_D_16_to_31
                0x08008840                __gnu_Unwind_Restore_WMMXD
                0x08008844                __gnu_Unwind_Save_WMMXD
                0x08008848                __gnu_Unwind_Restore_WMMXC
                0x0800884c                __gnu_Unwind_Save_WMMXC
                0x08008850                ___Unwind_RaiseException
                0x08008850                _Unwind_RaiseException
                0x08008880                _Unwind_Resume
                0x08008880                ___Unwind_Resume
                0x080088b0                _Unwind_Resume_or_Rethrow
                0x080088b0                ___Unwind_Resume_or_Rethrow
                0x080088e0                _Unwind_ForcedUnwind
                0x080088e0                ___Unwind_ForcedUnwind
                0x08008910                ___Unwind_Backtrace
                0x08008910                _Unwind_Backtrace
 .text          0x08008940      0x3b0 c:/program files (x86)/gnu tools arm embedded/5.4 2016q3/bin/../lib/gcc/arm-none-eabi/5.4.1/armv6-m\libgcc.a(pr-support.o)
                0x08008994                __gnu_unwind_execute
                0x08008c98                __gnu_unwind_frame
                0x08008cc0                _Unwind_GetRegionStart
                0x08008ccc                _Unwind_GetLanguageSpecificData
                0x08008ce0                _Unwind_GetTextRelBase
                0x08008ce8                _Unwind_GetDataRelBase
 .text          0x08008cf0       0x3c c:/program files (x86)/gnu tools arm embedded/5.4 2016q3/bin/../lib/gcc/arm-none-eabi/5.4.1/armv6-m\libgcc.a(_clzsi2.o)
                0x08008cf0                __clzsi2
 .text          0x08008d2c       0x18 c:/program files (x86)/gnu tools arm embedded/5.4 2016q3/bin/../lib/gcc/arm-none-eabi/5.4.1/armv6-m\libgcc.a(_clzdi2.o)
                0x08008d2c                __clzdi2
 .text          0x08008d44      0x1bc c:/program files (x86)/gnu tools arm embedded/5.4 2016q3/bin/../lib/gcc/arm-none-eabi/5.4.1/armv6-m\libgcc.a(_divdi3.o)
                0x08008d44                __divdi3
 .text._close   0x08008f00       0x10 c:/program files (x86)/gnu tools arm embedded/5.4 2016q3/bin/../lib/gcc/arm-none-eabi/5.4.1/../../../../arm-none-eabi/lib/armv6-m\libnosys.a(close.o)
                0x08008f00                _close
 .text._fstat   0x08008f10       0x10 c:/program files (x86)/gnu tools arm embedded/5.4 2016q3/bin/../lib/gcc/arm-none-eabi/5.4.1/../../../../arm-none-eabi/lib/armv6-m\libnosys.a(fstat.o)
                0x08008f10                _fstat
 .text._isatty  0x08008f20       0x10 c:/program files (x86)/gnu tools arm embedded/5.4 2016q3/bin/../lib/gcc/arm-none-eabi/5.4.1/../../../../arm-none-eabi/lib/armv6-m\libnosys.a(isatty.o)
                0x08008f20                _isatty
 .text._lseek   0x08008f30       0x10 c:/program files (x86)/gnu tools arm embedded/5.4 2016q3/bin/../lib/gcc/arm-none-eabi/5.4.1/../../../../arm-none-eabi/lib/armv6-m\libnosys.a(lseek.o)
                0x08008f30                _lseek
 .text._read    0x08008f40       0x10 c:/program files (x86)/gnu tools arm embedded/5.4 2016q3/bin/../lib/gcc/arm-none-eabi/5.4.1/../../../../arm-none-eabi/lib/armv6-m\libnosys.a(read.o)
                0x08008f40                _read
 .text._sbrk    0x08008f50       0x1c c:/program files (x86)/gnu tools arm embedded/5.4 2016q3/bin/../lib/gcc/arm-none-eabi/5.4.1/../../../../arm-none-eabi/lib/armv6-m\libnosys.a(sbrk.o)
                0x08008f50                _sbrk
 .text.abort    0x08008f6c       0x10 c:/program files (x86)/gnu tools arm embedded/5.4 2016q3/bin/../lib/gcc/arm-none-eabi/5.4.1/../../../../arm-none-eabi/lib/armv6-m\libc.a(lib_a-abort.o)
                0x08008f6c                abort
 .text._raise_r
                0x08008f7c       0x5c c:/program files (x86)/gnu tools arm embedded/5.4 2016q3/bin/../lib/gcc/arm-none-eabi/5.4.1/../../../../arm-none-eabi/lib/armv6-m\libc.a(lib_a-signal.o)
                0x08008f7c                _raise_r
 .text.raise    0x08008fd8       0x14 c:/program files (x86)/gnu tools arm embedded/5.4 2016q3/bin/../lib/gcc/arm-none-eabi/5.4.1/../../../../arm-none-eabi/lib/armv6-m\libc.a(lib_a-signal.o)
                0x08008fd8                raise
 .text._kill_r  0x08008fec       0x28 c:/program files (x86)/gnu tools arm embedded/5.4 2016q3/bin/../lib/gcc/arm-none-eabi/5.4.1/../../../../arm-none-eabi/lib/armv6-m\libc.a(lib_a-signalr.o)
                0x08008fec                _kill_r
 .text._getpid_r
                0x08009014        0x8 c:/program files (x86)/gnu tools arm embedded/5.4 2016q3/bin/../lib/gcc/arm-none-eabi/5.4.1/../../../../arm-none-eabi/lib/armv6-m\libc.a(lib_a-signalr.o)
                0x08009014                _getpid_r
 .text._getpid  0x0800901c       0x10 c:/program files (x86)/gnu tools arm embedded/5.4 2016q3/bin/../lib/gcc/arm-none-eabi/5.4.1/../../../../arm-none-eabi/lib/armv6-m\libnosys.a(getpid.o)
                0x0800901c                _getpid
 .text._kill    0x0800902c       0x10 c:/program files (x86)/gnu tools arm embedded/5.4 2016q3/bin/../lib/gcc/arm-none-eabi/5.4.1/../../../../arm-none-eabi/lib/armv6-m\libnosys.a(kill.o)
                0x0800902c                _kill
 .text._exit    0x0800903c        0x4 c:/program files (x86)/gnu tools arm embedded/5.4 2016q3/bin/../lib/gcc/arm-none-eabi/5.4.1/../../../../arm-none-eabi/lib/armv6-m\libnosys.a(_exit.o)
                0x0800903c                _exit
                0x08009040                . = ALIGN (0x4)
 *(.rodata*)
 .rodata.str1.1
                0x08009040       0x5f bme280.o
 *fill*         0x0800909f        0x1 
 .rodata.rcc_hsi16_3v3
                0x080090a0       0x18 ../libopencm3/lib\libopencm3_stm32l0.a(rcc.o)
                0x080090a0                rcc_hsi16_3v3
 .rodata.str1.4
                0x080090b8        0x2 c:/program files (x86)/gnu tools arm embedded/5.4 2016q3/bin/../lib/gcc/arm-none-eabi/5.4.1/../../../../arm-none-eabi/lib/armv6-m\libc.a(lib_a-puts.o)
 *fill*         0x080090ba        0x2 
 .rodata._vfprintf_r
                0x080090bc      0x164 c:/program files (x86)/gnu tools arm embedded/5.4 2016q3/bin/../lib/gcc/arm-none-eabi/5.4.1/../../../../arm-none-eabi/lib/armv6-m\libc.a(lib_a-vfprintf.o)
 .rodata.zeroes.7271
                0x08009220       0x10 c:/program files (x86)/gnu tools arm embedded/5.4 2016q3/bin/../lib/gcc/arm-none-eabi/5.4.1/../../../../arm-none-eabi/lib/armv6-m\libc.a(lib_a-vfprintf.o)
 .rodata.str1.4
                0x08009230       0x42 c:/program files (x86)/gnu tools arm embedded/5.4 2016q3/bin/../lib/gcc/arm-none-eabi/5.4.1/../../../../arm-none-eabi/lib/armv6-m\libc.a(lib_a-vfprintf.o)
 *fill*         0x08009272        0x2 
 .rodata.blanks.7270
                0x08009274       0x10 c:/program files (x86)/gnu tools arm embedded/5.4 2016q3/bin/../lib/gcc/arm-none-eabi/5.4.1/../../../../arm-none-eabi/lib/armv6-m\libc.a(lib_a-vfprintf.o)
 .rodata.str1.4
                0x08009284       0x10 c:/program files (x86)/gnu tools arm embedded/5.4 2016q3/bin/../lib/gcc/arm-none-eabi/5.4.1/../../../../arm-none-eabi/lib/armv6-m\libc.a(lib_a-dtoa.o)
                                 0x12 (size before relaxing)
 *fill*         0x08009294        0x4 
 .rodata.__mprec_tens
                0x08009298       0xc8 c:/program files (x86)/gnu tools arm embedded/5.4 2016q3/bin/../lib/gcc/arm-none-eabi/5.4.1/../../../../arm-none-eabi/lib/armv6-m\libc.a(lib_a-mprec.o)
                0x08009298                __mprec_tens
 .rodata.p05.6085
                0x08009360        0xc c:/program files (x86)/gnu tools arm embedded/5.4 2016q3/bin/../lib/gcc/arm-none-eabi/5.4.1/../../../../arm-none-eabi/lib/armv6-m\libc.a(lib_a-mprec.o)
 *fill*         0x0800936c        0x4 
 .rodata.__mprec_bigtens
                0x08009370       0x28 c:/program files (x86)/gnu tools arm embedded/5.4 2016q3/bin/../lib/gcc/arm-none-eabi/5.4.1/../../../../arm-none-eabi/lib/armv6-m\libc.a(lib_a-mprec.o)
                0x08009370                __mprec_bigtens
 .rodata.str1.4
                0x08009398       0x10 c:/program files (x86)/gnu tools arm embedded/5.4 2016q3/bin/../lib/gcc/arm-none-eabi/5.4.1/../../../../arm-none-eabi/lib/armv6-m\libc.a(lib_a-locale.o)
                                 0x12 (size before relaxing)
 .rodata._ctype_
                0x080093a8      0x101 c:/program files (x86)/gnu tools arm embedded/5.4 2016q3/bin/../lib/gcc/arm-none-eabi/5.4.1/../../../../arm-none-eabi/lib/armv6-m\libc.a(lib_a-ctype_.o)
                0x080093a8                _ctype_
 *fill*         0x080094a9        0x3 
 .rodata        0x080094ac       0x40 c:/program files (x86)/gnu tools arm embedded/5.4 2016q3/bin/../lib/gcc/arm-none-eabi/5.4.1/armv6-m\libgcc.a(divdf3.o)
 .rodata        0x080094ec       0x40 c:/program files (x86)/gnu tools arm embedded/5.4 2016q3/bin/../lib/gcc/arm-none-eabi/5.4.1/armv6-m\libgcc.a(muldf3.o)
                0x0800952c                . = ALIGN (0x4)

.glue_7         0x0800952c        0x0
 .glue_7        0x0800952c        0x0 linker stubs

.glue_7t        0x0800952c        0x0
 .glue_7t       0x0800952c        0x0 linker stubs

.vfp11_veneer   0x0800952c        0x0
 .vfp11_veneer  0x0800952c        0x0 linker stubs

.v4_bx          0x0800952c        0x0
 .v4_bx         0x0800952c        0x0 linker stubs

.iplt           0x0800952c        0x0
 .iplt          0x0800952c        0x0 main.o

.preinit_array  0x0800952c        0x0
                0x0800952c                . = ALIGN (0x4)
                0x0800952c                __preinit_array_start = .
 *(.preinit_array)
                0x0800952c                __preinit_array_end = .

.init_array     0x0800952c        0x0
                0x0800952c                . = ALIGN (0x4)
                0x0800952c                __init_array_start = .
 *(SORT(.init_array.*))
 *(.init_array)
                0x0800952c                __init_array_end = .

.fini_array     0x0800952c        0x0
                0x0800952c                . = ALIGN (0x4)
                0x0800952c                __fini_array_start = .
 *(.fini_array)
 *(SORT(.fini_array.*))
                0x0800952c                __fini_array_end = .

.ARM.extab      0x0800952c       0x30
 *(.ARM.extab*)
 .ARM.extab.text._ZN6I2CDev5setupEm
                0x0800952c        0x0 bme280.o
 .ARM.extab.text._ZN6BME280I6I2CDevE4initEv
                0x0800952c        0x0 bme280.o
 .ARM.extab.text._ZN6BME280I6I2CDevE11getPressureEv
                0x0800952c        0x0 bme280.o
 .ARM.extab.text._ZN6BME280I6I2CDevE11getHumidityEv
                0x0800952c        0x0 bme280.o
 .ARM.extab     0x0800952c       0x24 c:/program files (x86)/gnu tools arm embedded/5.4 2016q3/bin/../lib/gcc/arm-none-eabi/5.4.1/armv6-m\libgcc.a(unwind-arm.o)
 .ARM.extab     0x08009550        0xc c:/program files (x86)/gnu tools arm embedded/5.4 2016q3/bin/../lib/gcc/arm-none-eabi/5.4.1/armv6-m\libgcc.a(pr-support.o)

.ARM.exidx      0x0800955c      0x108
                0x0800955c                __exidx_start = .
 *(.ARM.exidx*)
 .ARM.exidx.text._write
                0x0800955c        0x8 main.o
 .ARM.exidx.text.sys_tick_handler
                0x08009564        0x8 main.o
 .ARM.exidx.text._Z6millisv
                0x0800956c        0x0 main.o
                                  0x8 (size before relaxing)
 .ARM.exidx.text.startup.main
                0x0800956c        0x8 main.o
 .ARM.exidx.text._ZN6I2CDev5setupEm
                0x08009574        0x8 bme280.o
 .ARM.exidx.text._ZN6BME280I6I2CDevE4initEv
                0x0800957c        0x8 bme280.o
 .ARM.exidx.text._Z5setupv
                0x08009584        0x8 bme280.o
 .ARM.exidx.text._ZN6BME280I6I2CDevE11getPressureEv
                0x0800958c        0x8 bme280.o
 .ARM.exidx.text._ZN6BME280I6I2CDevE11getHumidityEv
                0x08009594        0x0 bme280.o
                                  0x8 (size before relaxing)
 .ARM.exidx.text._Z4loopv
                0x08009594       0x10 bme280.o
                                  0x8 (size before relaxing)
 .ARM.exidx     0x080095a4        0x0 c:/program files (x86)/gnu tools arm embedded/5.4 2016q3/bin/../lib/gcc/arm-none-eabi/5.4.1/armv6-m\libgcc.a(_udivmoddi4.o)
                                  0x8 (size before relaxing)
 .ARM.exidx     0x080095a4       0x90 c:/program files (x86)/gnu tools arm embedded/5.4 2016q3/bin/../lib/gcc/arm-none-eabi/5.4.1/armv6-m\libgcc.a(unwind-arm.o)
                                 0xd8 (size before relaxing)
 .ARM.exidx     0x08009634       0x30 c:/program files (x86)/gnu tools arm embedded/5.4 2016q3/bin/../lib/gcc/arm-none-eabi/5.4.1/armv6-m\libgcc.a(pr-support.o)
                                 0x48 (size before relaxing)
 .ARM.exidx     0x08009664        0x0 c:/program files (x86)/gnu tools arm embedded/5.4 2016q3/bin/../lib/gcc/arm-none-eabi/5.4.1/armv6-m\libgcc.a(_divdi3.o)
                                  0x8 (size before relaxing)
                0x08009664                __exidx_end = .

.rel.dyn        0x08009664        0x0
 .rel.iplt      0x08009664        0x0 main.o
                0x08009664                . = ALIGN (0x4)
                0x08009664                _etext = .

.data           0x20000000      0x9b8 load address 0x08009664
                0x20000000                _data = .
 *(.data*)
 .data.rcc_ahb_frequency
                0x20000000        0x4 ../libopencm3/lib\libopencm3_stm32l0.a(rcc.o)
                0x20000000                rcc_ahb_frequency
 .data.rcc_apb1_frequency
                0x20000004        0x4 ../libopencm3/lib\libopencm3_stm32l0.a(rcc.o)
                0x20000004                rcc_apb1_frequency
 .data.rcc_apb2_frequency
                0x20000008        0x4 ../libopencm3/lib\libopencm3_stm32l0.a(rcc.o)
                0x20000008                rcc_apb2_frequency
 *fill*         0x2000000c        0x4 
 .data.impure_data
                0x20000010      0x428 c:/program files (x86)/gnu tools arm embedded/5.4 2016q3/bin/../lib/gcc/arm-none-eabi/5.4.1/../../../../arm-none-eabi/lib/armv6-m\libc.a(lib_a-impure.o)
 .data._impure_ptr
                0x20000438        0x4 c:/program files (x86)/gnu tools arm embedded/5.4 2016q3/bin/../lib/gcc/arm-none-eabi/5.4.1/../../../../arm-none-eabi/lib/armv6-m\libc.a(lib_a-impure.o)
                0x20000438                _impure_ptr
 .data.__malloc_av_
                0x2000043c      0x408 c:/program files (x86)/gnu tools arm embedded/5.4 2016q3/bin/../lib/gcc/arm-none-eabi/5.4.1/../../../../arm-none-eabi/lib/armv6-m\libc.a(lib_a-mallocr.o)
                0x2000043c                __malloc_av_
 .data.__malloc_trim_threshold
                0x20000844        0x4 c:/program files (x86)/gnu tools arm embedded/5.4 2016q3/bin/../lib/gcc/arm-none-eabi/5.4.1/../../../../arm-none-eabi/lib/armv6-m\libc.a(lib_a-mallocr.o)
                0x20000844                __malloc_trim_threshold
 .data.__malloc_sbrk_base
                0x20000848        0x4 c:/program files (x86)/gnu tools arm embedded/5.4 2016q3/bin/../lib/gcc/arm-none-eabi/5.4.1/../../../../arm-none-eabi/lib/armv6-m\libc.a(lib_a-mallocr.o)
                0x20000848                __malloc_sbrk_base
 .data.__global_locale
                0x2000084c      0x16c c:/program files (x86)/gnu tools arm embedded/5.4 2016q3/bin/../lib/gcc/arm-none-eabi/5.4.1/../../../../arm-none-eabi/lib/armv6-m\libc.a(lib_a-locale.o)
                0x2000084c                __global_locale
                0x200009b8                . = ALIGN (0x4)
                0x200009b8                _edata = .
                0x08009664                _data_loadaddr = LOADADDR (.data)

.igot.plt       0x200009b8        0x0 load address 0x0800a01c
 .igot.plt      0x200009b8        0x0 main.o

.bss            0x200009b8       0x98 load address 0x0800a01c
 *(.bss*)
 .bss._ZL5ticks
                0x200009b8        0x4 main.o
 .bss.timertick
                0x200009bc        0x4 bme280.o
                0x200009bc                timertick
 .bss.bme280    0x200009c0       0x54 bme280.o
                0x200009c0                bme280
 .bss.__malloc_max_total_mem
                0x20000a14        0x4 c:/program files (x86)/gnu tools arm embedded/5.4 2016q3/bin/../lib/gcc/arm-none-eabi/5.4.1/../../../../arm-none-eabi/lib/armv6-m\libc.a(lib_a-mallocr.o)
                0x20000a14                __malloc_max_total_mem
 .bss.__malloc_max_sbrked_mem
                0x20000a18        0x4 c:/program files (x86)/gnu tools arm embedded/5.4 2016q3/bin/../lib/gcc/arm-none-eabi/5.4.1/../../../../arm-none-eabi/lib/armv6-m\libc.a(lib_a-mallocr.o)
                0x20000a18                __malloc_max_sbrked_mem
 .bss.__malloc_top_pad
                0x20000a1c        0x4 c:/program files (x86)/gnu tools arm embedded/5.4 2016q3/bin/../lib/gcc/arm-none-eabi/5.4.1/../../../../arm-none-eabi/lib/armv6-m\libc.a(lib_a-mallocr.o)
                0x20000a1c                __malloc_top_pad
 .bss.__malloc_current_mallinfo
                0x20000a20       0x28 c:/program files (x86)/gnu tools arm embedded/5.4 2016q3/bin/../lib/gcc/arm-none-eabi/5.4.1/../../../../arm-none-eabi/lib/armv6-m\libc.a(lib_a-mallocr.o)
                0x20000a20                __malloc_current_mallinfo
 .bss.heap_end.4167
                0x20000a48        0x4 c:/program files (x86)/gnu tools arm embedded/5.4 2016q3/bin/../lib/gcc/arm-none-eabi/5.4.1/../../../../arm-none-eabi/lib/armv6-m\libnosys.a(sbrk.o)
 *(COMMON)
 COMMON         0x20000a4c        0x4 c:/program files (x86)/gnu tools arm embedded/5.4 2016q3/bin/../lib/gcc/arm-none-eabi/5.4.1/../../../../arm-none-eabi/lib/armv6-m\libc.a(lib_a-reent.o)
                0x20000a4c                errno
                0x20000a50                . = ALIGN (0x4)
                0x20000a50                _ebss = .

/DISCARD/
 *(.eh_frame)
                0x20000a50                . = ALIGN (0x4)
                0x20000a50                end = .
                0x20002000                PROVIDE (_stack, (ORIGIN (ram) + LENGTH (ram)))
OUTPUT(bme280.elf elf32-littlearm)

.debug_info     0x00000000     0x44c8
 .debug_info    0x00000000      0x7cc main.o
 .debug_info    0x000007cc     0x10ef bme280.o
 .debug_info    0x000018bb      0x8e9 ../libopencm3/lib\libopencm3_stm32l0.a(rcc.o)
 .debug_info    0x000021a4      0x22c ../libopencm3/lib\libopencm3_stm32l0.a(gpio_common_all.o)
 .debug_info    0x000023d0      0x1f5 ../libopencm3/lib\libopencm3_stm32l0.a(gpio_common_f0234.o)
 .debug_info    0x000025c5      0x55c ../libopencm3/lib\libopencm3_stm32l0.a(rcc_common_all.o)
 .debug_info    0x00002b21      0x251 ../libopencm3/lib\libopencm3_stm32l0.a(flash_common_l01.o)
 .debug_info    0x00002d72      0xc6e ../libopencm3/lib\libopencm3_stm32l0.a(i2c_common_v2.o)
 .debug_info    0x000039e0       0xe1 ../libopencm3/lib\libopencm3_stm32l0.a(usart.o)
 .debug_info    0x00003ac1      0x54d ../libopencm3/lib\libopencm3_stm32l0.a(usart_common_l0f0.o)
 .debug_info    0x0000400e      0x2a7 ../libopencm3/lib\libopencm3_stm32l0.a(vector.o)
 .debug_info    0x000042b5      0x213 ../libopencm3/lib\libopencm3_stm32l0.a(systick.o)

.debug_abbrev   0x00000000     0x11ad
 .debug_abbrev  0x00000000      0x1f5 main.o
 .debug_abbrev  0x000001f5      0x378 bme280.o
 .debug_abbrev  0x0000056d      0x23f ../libopencm3/lib\libopencm3_stm32l0.a(rcc.o)
 .debug_abbrev  0x000007ac      0x10e ../libopencm3/lib\libopencm3_stm32l0.a(gpio_common_all.o)
 .debug_abbrev  0x000008ba       0xb7 ../libopencm3/lib\libopencm3_stm32l0.a(gpio_common_f0234.o)
 .debug_abbrev  0x00000971      0x105 ../libopencm3/lib\libopencm3_stm32l0.a(rcc_common_all.o)
 .debug_abbrev  0x00000a76       0xbc ../libopencm3/lib\libopencm3_stm32l0.a(flash_common_l01.o)
 .debug_abbrev  0x00000b32      0x1d7 ../libopencm3/lib\libopencm3_stm32l0.a(i2c_common_v2.o)
 .debug_abbrev  0x00000d09       0x83 ../libopencm3/lib\libopencm3_stm32l0.a(usart.o)
 .debug_abbrev  0x00000d8c      0x193 ../libopencm3/lib\libopencm3_stm32l0.a(usart_common_l0f0.o)
 .debug_abbrev  0x00000f1f      0x146 ../libopencm3/lib\libopencm3_stm32l0.a(vector.o)
 .debug_abbrev  0x00001065      0x148 ../libopencm3/lib\libopencm3_stm32l0.a(systick.o)

.debug_loc      0x00000000     0x1cde
 .debug_loc     0x00000000      0x108 main.o
 .debug_loc     0x00000108      0xb25 bme280.o
 .debug_loc     0x00000c2d      0x334 ../libopencm3/lib\libopencm3_stm32l0.a(rcc.o)
 .debug_loc     0x00000f61       0x97 ../libopencm3/lib\libopencm3_stm32l0.a(gpio_common_all.o)
 .debug_loc     0x00000ff8      0x173 ../libopencm3/lib\libopencm3_stm32l0.a(gpio_common_f0234.o)
 .debug_loc     0x0000116b       0xe7 ../libopencm3/lib\libopencm3_stm32l0.a(rcc_common_all.o)
 .debug_loc     0x00001252      0x13a ../libopencm3/lib\libopencm3_stm32l0.a(flash_common_l01.o)
 .debug_loc     0x0000138c      0x592 ../libopencm3/lib\libopencm3_stm32l0.a(i2c_common_v2.o)
 .debug_loc     0x0000191e       0x60 ../libopencm3/lib\libopencm3_stm32l0.a(usart.o)
 .debug_loc     0x0000197e      0x1e0 ../libopencm3/lib\libopencm3_stm32l0.a(usart_common_l0f0.o)
 .debug_loc     0x00001b5e       0xdc ../libopencm3/lib\libopencm3_stm32l0.a(vector.o)
 .debug_loc     0x00001c3a       0xa4 ../libopencm3/lib\libopencm3_stm32l0.a(systick.o)

.debug_aranges  0x00000000      0x618
 .debug_aranges
                0x00000000       0x40 main.o
 .debug_aranges
                0x00000040       0x48 bme280.o
 .debug_aranges
                0x00000088      0x118 ../libopencm3/lib\libopencm3_stm32l0.a(rcc.o)
 .debug_aranges
                0x000001a0       0x50 ../libopencm3/lib\libopencm3_stm32l0.a(gpio_common_all.o)
 .debug_aranges
                0x000001f0       0x30 ../libopencm3/lib\libopencm3_stm32l0.a(gpio_common_f0234.o)
 .debug_aranges
                0x00000220       0x58 ../libopencm3/lib\libopencm3_stm32l0.a(rcc_common_all.o)
 .debug_aranges
                0x00000278       0x80 ../libopencm3/lib\libopencm3_stm32l0.a(flash_common_l01.o)
 .debug_aranges
                0x000002f8      0x178 ../libopencm3/lib\libopencm3_stm32l0.a(i2c_common_v2.o)
 .debug_aranges
                0x00000470       0x20 ../libopencm3/lib\libopencm3_stm32l0.a(usart.o)
 .debug_aranges
                0x00000490       0xe0 ../libopencm3/lib\libopencm3_stm32l0.a(usart_common_l0f0.o)
 .debug_aranges
                0x00000570       0x30 ../libopencm3/lib\libopencm3_stm32l0.a(vector.o)
 .debug_aranges
                0x000005a0       0x78 ../libopencm3/lib\libopencm3_stm32l0.a(systick.o)

.debug_ranges   0x00000000      0x6b8
 .debug_ranges  0x00000000       0x48 main.o
 .debug_ranges  0x00000048      0x110 bme280.o
 .debug_ranges  0x00000158      0x108 ../libopencm3/lib\libopencm3_stm32l0.a(rcc.o)
 .debug_ranges  0x00000260       0x40 ../libopencm3/lib\libopencm3_stm32l0.a(gpio_common_all.o)
 .debug_ranges  0x000002a0       0x20 ../libopencm3/lib\libopencm3_stm32l0.a(gpio_common_f0234.o)
 .debug_ranges  0x000002c0       0x48 ../libopencm3/lib\libopencm3_stm32l0.a(rcc_common_all.o)
 .debug_ranges  0x00000308       0x70 ../libopencm3/lib\libopencm3_stm32l0.a(flash_common_l01.o)
 .debug_ranges  0x00000378      0x180 ../libopencm3/lib\libopencm3_stm32l0.a(i2c_common_v2.o)
 .debug_ranges  0x000004f8       0x10 ../libopencm3/lib\libopencm3_stm32l0.a(usart.o)
 .debug_ranges  0x00000508      0x108 ../libopencm3/lib\libopencm3_stm32l0.a(usart_common_l0f0.o)
 .debug_ranges  0x00000610       0x20 ../libopencm3/lib\libopencm3_stm32l0.a(vector.o)
 .debug_ranges  0x00000630       0x88 ../libopencm3/lib\libopencm3_stm32l0.a(systick.o)

.debug_line     0x00000000     0x3202
 .debug_line    0x00000000      0x275 main.o
 .debug_line    0x00000275      0x3e0 bme280.o
 .debug_line    0x00000655      0x637 ../libopencm3/lib\libopencm3_stm32l0.a(rcc.o)
 .debug_line    0x00000c8c      0x3b5 ../libopencm3/lib\libopencm3_stm32l0.a(gpio_common_all.o)
 .debug_line    0x00001041      0x3ab ../libopencm3/lib\libopencm3_stm32l0.a(gpio_common_f0234.o)
 .debug_line    0x000013ec      0x395 ../libopencm3/lib\libopencm3_stm32l0.a(rcc_common_all.o)
 .debug_line    0x00001781      0x45d ../libopencm3/lib\libopencm3_stm32l0.a(flash_common_l01.o)
 .debug_line    0x00001bde      0x6de ../libopencm3/lib\libopencm3_stm32l0.a(i2c_common_v2.o)
 .debug_line    0x000022bc      0x33e ../libopencm3/lib\libopencm3_stm32l0.a(usart.o)
 .debug_line    0x000025fa      0x53b ../libopencm3/lib\libopencm3_stm32l0.a(usart_common_l0f0.o)
 .debug_line    0x00002b35      0x388 ../libopencm3/lib\libopencm3_stm32l0.a(vector.o)
 .debug_line    0x00002ebd      0x345 ../libopencm3/lib\libopencm3_stm32l0.a(systick.o)

.debug_str      0x00000000     0xdbbe
 .debug_str     0x00000000      0x652 main.o
                                0x73b (size before relaxing)
 .debug_str     0x00000652      0x508 bme280.o
                                0xa5f (size before relaxing)
 .debug_str     0x00000b5a     0x70c0 ../libopencm3/lib\libopencm3_stm32l0.a(rcc.o)
                               0x7310 (size before relaxing)
 .debug_str     0x00007c1a     0x14fd ../libopencm3/lib\libopencm3_stm32l0.a(gpio_common_all.o)
                               0x5478 (size before relaxing)
 .debug_str     0x00009117       0x61 ../libopencm3/lib\libopencm3_stm32l0.a(gpio_common_f0234.o)
                               0x549a (size before relaxing)
 .debug_str     0x00009178      0x28b ../libopencm3/lib\libopencm3_stm32l0.a(rcc_common_all.o)
                               0x6863 (size before relaxing)
 .debug_str     0x00009403      0x117 ../libopencm3/lib\libopencm3_stm32l0.a(flash_common_l01.o)
                               0x4bee (size before relaxing)
 .debug_str     0x0000951a     0x14ff ../libopencm3/lib\libopencm3_stm32l0.a(i2c_common_v2.o)
                               0x788b (size before relaxing)
 .debug_str     0x0000aa19     0x1a27 ../libopencm3/lib\libopencm3_stm32l0.a(usart.o)
                               0x7d0a (size before relaxing)
 .debug_str     0x0000c440      0x1aa ../libopencm3/lib\libopencm3_stm32l0.a(usart_common_l0f0.o)
                               0x5bda (size before relaxing)
 .debug_str     0x0000c5ea     0x12e9 ../libopencm3/lib\libopencm3_stm32l0.a(vector.o)
                               0x49a7 (size before relaxing)
 .debug_str     0x0000d8d3      0x2eb ../libopencm3/lib\libopencm3_stm32l0.a(systick.o)
                               0x3a14 (size before relaxing)

.comment        0x00000000       0x6e
 .comment       0x00000000       0x6e main.o
                                 0x6f (size before relaxing)
 .comment       0x0000006e       0x6f bme280.o
 .comment       0x0000006e       0x6f ../libopencm3/lib\libopencm3_stm32l0.a(rcc.o)
 .comment       0x0000006e       0x6f ../libopencm3/lib\libopencm3_stm32l0.a(gpio_common_all.o)
 .comment       0x0000006e       0x6f ../libopencm3/lib\libopencm3_stm32l0.a(gpio_common_f0234.o)
 .comment       0x0000006e       0x6f ../libopencm3/lib\libopencm3_stm32l0.a(rcc_common_all.o)
 .comment       0x0000006e       0x6f ../libopencm3/lib\libopencm3_stm32l0.a(flash_common_l01.o)
 .comment       0x0000006e       0x6f ../libopencm3/lib\libopencm3_stm32l0.a(i2c_common_v2.o)
 .comment       0x0000006e       0x6f ../libopencm3/lib\libopencm3_stm32l0.a(usart.o)
 .comment       0x0000006e       0x6f ../libopencm3/lib\libopencm3_stm32l0.a(usart_common_l0f0.o)
 .comment       0x0000006e       0x6f ../libopencm3/lib\libopencm3_stm32l0.a(vector.o)
 .comment       0x0000006e       0x6f ../libopencm3/lib\libopencm3_stm32l0.a(systick.o)

.ARM.attributes
                0x00000000       0x30
 .ARM.attributes
                0x00000000       0x32 main.o
 .ARM.attributes
                0x00000032       0x32 bme280.o
 .ARM.attributes
                0x00000064       0x32 ../libopencm3/lib\libopencm3_stm32l0.a(rcc.o)
 .ARM.attributes
                0x00000096       0x32 ../libopencm3/lib\libopencm3_stm32l0.a(gpio_common_all.o)
 .ARM.attributes
                0x000000c8       0x32 ../libopencm3/lib\libopencm3_stm32l0.a(gpio_common_f0234.o)
 .ARM.attributes
                0x000000fa       0x32 ../libopencm3/lib\libopencm3_stm32l0.a(rcc_common_all.o)
 .ARM.attributes
                0x0000012c       0x32 ../libopencm3/lib\libopencm3_stm32l0.a(flash_common_l01.o)
 .ARM.attributes
                0x0000015e       0x32 ../libopencm3/lib\libopencm3_stm32l0.a(i2c_common_v2.o)
 .ARM.attributes
                0x00000190       0x32 ../libopencm3/lib\libopencm3_stm32l0.a(usart.o)
 .ARM.attributes
                0x000001c2       0x32 ../libopencm3/lib\libopencm3_stm32l0.a(usart_common_l0f0.o)
 .ARM.attributes
                0x000001f4       0x32 ../libopencm3/lib\libopencm3_stm32l0.a(vector.o)
 .ARM.attributes
                0x00000226       0x32 ../libopencm3/lib\libopencm3_stm32l0.a(systick.o)
 .ARM.attributes
                0x00000258       0x2c c:/program files (x86)/gnu tools arm embedded/5.4 2016q3/bin/../lib/gcc/arm-none-eabi/5.4.1/../../../../arm-none-eabi/lib/armv6-m\libc.a(lib_a-errno.o)
 .ARM.attributes
                0x00000284       0x2c c:/program files (x86)/gnu tools arm embedded/5.4 2016q3/bin/../lib/gcc/arm-none-eabi/5.4.1/../../../../arm-none-eabi/lib/armv6-m\libc.a(lib_a-impure.o)
 .ARM.attributes
                0x000002b0       0x2c c:/program files (x86)/gnu tools arm embedded/5.4 2016q3/bin/../lib/gcc/arm-none-eabi/5.4.1/../../../../arm-none-eabi/lib/armv6-m\libc.a(lib_a-printf.o)
 .ARM.attributes
                0x000002dc       0x2c c:/program files (x86)/gnu tools arm embedded/5.4 2016q3/bin/../lib/gcc/arm-none-eabi/5.4.1/../../../../arm-none-eabi/lib/armv6-m\libc.a(lib_a-puts.o)
 .ARM.attributes
                0x00000308       0x2c c:/program files (x86)/gnu tools arm embedded/5.4 2016q3/bin/../lib/gcc/arm-none-eabi/5.4.1/../../../../arm-none-eabi/lib/armv6-m\libc.a(lib_a-strlen-stub.o)
 .ARM.attributes
                0x00000334       0x2c c:/program files (x86)/gnu tools arm embedded/5.4 2016q3/bin/../lib/gcc/arm-none-eabi/5.4.1/../../../../arm-none-eabi/lib/armv6-m\libc.a(lib_a-vfprintf.o)
 .ARM.attributes
                0x00000360       0x2c c:/program files (x86)/gnu tools arm embedded/5.4 2016q3/bin/../lib/gcc/arm-none-eabi/5.4.1/../../../../arm-none-eabi/lib/armv6-m\libc.a(lib_a-wsetup.o)
 .ARM.attributes
                0x0000038c       0x2c c:/program files (x86)/gnu tools arm embedded/5.4 2016q3/bin/../lib/gcc/arm-none-eabi/5.4.1/../../../../arm-none-eabi/lib/armv6-m\libc.a(lib_a-dtoa.o)
 .ARM.attributes
                0x000003b8       0x2c c:/program files (x86)/gnu tools arm embedded/5.4 2016q3/bin/../lib/gcc/arm-none-eabi/5.4.1/../../../../arm-none-eabi/lib/armv6-m\libc.a(lib_a-fflush.o)
 .ARM.attributes
                0x000003e4       0x2c c:/program files (x86)/gnu tools arm embedded/5.4 2016q3/bin/../lib/gcc/arm-none-eabi/5.4.1/../../../../arm-none-eabi/lib/armv6-m\libc.a(lib_a-findfp.o)
 .ARM.attributes
                0x00000410       0x2c c:/program files (x86)/gnu tools arm embedded/5.4 2016q3/bin/../lib/gcc/arm-none-eabi/5.4.1/../../../../arm-none-eabi/lib/armv6-m\libc.a(lib_a-freer.o)
 .ARM.attributes
                0x0000043c       0x2c c:/program files (x86)/gnu tools arm embedded/5.4 2016q3/bin/../lib/gcc/arm-none-eabi/5.4.1/../../../../arm-none-eabi/lib/armv6-m\libc.a(lib_a-fvwrite.o)
 .ARM.attributes
                0x00000468       0x2c c:/program files (x86)/gnu tools arm embedded/5.4 2016q3/bin/../lib/gcc/arm-none-eabi/5.4.1/../../../../arm-none-eabi/lib/armv6-m\libc.a(lib_a-fwalk.o)
 .ARM.attributes
                0x00000494       0x2c c:/program files (x86)/gnu tools arm embedded/5.4 2016q3/bin/../lib/gcc/arm-none-eabi/5.4.1/../../../../arm-none-eabi/lib/armv6-m\libc.a(lib_a-localeconv.o)
 .ARM.attributes
                0x000004c0       0x2c c:/program files (x86)/gnu tools arm embedded/5.4 2016q3/bin/../lib/gcc/arm-none-eabi/5.4.1/../../../../arm-none-eabi/lib/armv6-m\libc.a(lib_a-makebuf.o)
 .ARM.attributes
                0x000004ec       0x2c c:/program files (x86)/gnu tools arm embedded/5.4 2016q3/bin/../lib/gcc/arm-none-eabi/5.4.1/../../../../arm-none-eabi/lib/armv6-m\libc.a(lib_a-mallocr.o)
 .ARM.attributes
                0x00000518       0x2c c:/program files (x86)/gnu tools arm embedded/5.4 2016q3/bin/../lib/gcc/arm-none-eabi/5.4.1/../../../../arm-none-eabi/lib/armv6-m\libc.a(lib_a-memchr-stub.o)
 .ARM.attributes
                0x00000544       0x2c c:/program files (x86)/gnu tools arm embedded/5.4 2016q3/bin/../lib/gcc/arm-none-eabi/5.4.1/../../../../arm-none-eabi/lib/armv6-m\libc.a(lib_a-memcpy-stub.o)
 .ARM.attributes
                0x00000570       0x2c c:/program files (x86)/gnu tools arm embedded/5.4 2016q3/bin/../lib/gcc/arm-none-eabi/5.4.1/../../../../arm-none-eabi/lib/armv6-m\libc.a(lib_a-memmove.o)
 .ARM.attributes
                0x0000059c       0x2c c:/program files (x86)/gnu tools arm embedded/5.4 2016q3/bin/../lib/gcc/arm-none-eabi/5.4.1/../../../../arm-none-eabi/lib/armv6-m\libc.a(lib_a-memset.o)
 .ARM.attributes
                0x000005c8       0x2c c:/program files (x86)/gnu tools arm embedded/5.4 2016q3/bin/../lib/gcc/arm-none-eabi/5.4.1/../../../../arm-none-eabi/lib/armv6-m\libc.a(lib_a-mlock.o)
 .ARM.attributes
                0x000005f4       0x2c c:/program files (x86)/gnu tools arm embedded/5.4 2016q3/bin/../lib/gcc/arm-none-eabi/5.4.1/../../../../arm-none-eabi/lib/armv6-m\libc.a(lib_a-mprec.o)
 .ARM.attributes
                0x00000620       0x2c c:/program files (x86)/gnu tools arm embedded/5.4 2016q3/bin/../lib/gcc/arm-none-eabi/5.4.1/../../../../arm-none-eabi/lib/armv6-m\libc.a(lib_a-reallocr.o)
 .ARM.attributes
                0x0000064c       0x2c c:/program files (x86)/gnu tools arm embedded/5.4 2016q3/bin/../lib/gcc/arm-none-eabi/5.4.1/../../../../arm-none-eabi/lib/armv6-m\libc.a(lib_a-sbrkr.o)
 .ARM.attributes
                0x00000678       0x2c c:/program files (x86)/gnu tools arm embedded/5.4 2016q3/bin/../lib/gcc/arm-none-eabi/5.4.1/../../../../arm-none-eabi/lib/armv6-m\libc.a(lib_a-stdio.o)
 .ARM.attributes
                0x000006a4       0x2c c:/program files (x86)/gnu tools arm embedded/5.4 2016q3/bin/../lib/gcc/arm-none-eabi/5.4.1/../../../../arm-none-eabi/lib/armv6-m\libc.a(lib_a-vfiprintf.o)
 .ARM.attributes
                0x000006d0       0x2c c:/program files (x86)/gnu tools arm embedded/5.4 2016q3/bin/../lib/gcc/arm-none-eabi/5.4.1/../../../../arm-none-eabi/lib/armv6-m\libc.a(lib_a-writer.o)
 .ARM.attributes
                0x000006fc       0x2c c:/program files (x86)/gnu tools arm embedded/5.4 2016q3/bin/../lib/gcc/arm-none-eabi/5.4.1/../../../../arm-none-eabi/lib/armv6-m\libc.a(lib_a-callocr.o)
 .ARM.attributes
                0x00000728       0x2c c:/program files (x86)/gnu tools arm embedded/5.4 2016q3/bin/../lib/gcc/arm-none-eabi/5.4.1/../../../../arm-none-eabi/lib/armv6-m\libc.a(lib_a-closer.o)
 .ARM.attributes
                0x00000754       0x2c c:/program files (x86)/gnu tools arm embedded/5.4 2016q3/bin/../lib/gcc/arm-none-eabi/5.4.1/../../../../arm-none-eabi/lib/armv6-m\libc.a(lib_a-fclose.o)
 .ARM.attributes
                0x00000780       0x2c c:/program files (x86)/gnu tools arm embedded/5.4 2016q3/bin/../lib/gcc/arm-none-eabi/5.4.1/../../../../arm-none-eabi/lib/armv6-m\libc.a(lib_a-fputwc.o)
 .ARM.attributes
                0x000007ac       0x2c c:/program files (x86)/gnu tools arm embedded/5.4 2016q3/bin/../lib/gcc/arm-none-eabi/5.4.1/../../../../arm-none-eabi/lib/armv6-m\libc.a(lib_a-fstatr.o)
 .ARM.attributes
                0x000007d8       0x2c c:/program files (x86)/gnu tools arm embedded/5.4 2016q3/bin/../lib/gcc/arm-none-eabi/5.4.1/../../../../arm-none-eabi/lib/armv6-m\libc.a(lib_a-isattyr.o)
 .ARM.attributes
                0x00000804       0x2c c:/program files (x86)/gnu tools arm embedded/5.4 2016q3/bin/../lib/gcc/arm-none-eabi/5.4.1/../../../../arm-none-eabi/lib/armv6-m\libc.a(lib_a-locale.o)
 .ARM.attributes
                0x00000830       0x2c c:/program files (x86)/gnu tools arm embedded/5.4 2016q3/bin/../lib/gcc/arm-none-eabi/5.4.1/../../../../arm-none-eabi/lib/armv6-m\libc.a(lib_a-lseekr.o)
 .ARM.attributes
                0x0000085c       0x2c c:/program files (x86)/gnu tools arm embedded/5.4 2016q3/bin/../lib/gcc/arm-none-eabi/5.4.1/../../../../arm-none-eabi/lib/armv6-m\libc.a(lib_a-mbtowc_r.o)
 .ARM.attributes
                0x00000888       0x2c c:/program files (x86)/gnu tools arm embedded/5.4 2016q3/bin/../lib/gcc/arm-none-eabi/5.4.1/../../../../arm-none-eabi/lib/armv6-m\libc.a(lib_a-readr.o)
 .ARM.attributes
                0x000008b4       0x2c c:/program files (x86)/gnu tools arm embedded/5.4 2016q3/bin/../lib/gcc/arm-none-eabi/5.4.1/../../../../arm-none-eabi/lib/armv6-m\libc.a(lib_a-reent.o)
 .ARM.attributes
                0x000008e0       0x2c c:/program files (x86)/gnu tools arm embedded/5.4 2016q3/bin/../lib/gcc/arm-none-eabi/5.4.1/../../../../arm-none-eabi/lib/armv6-m\libc.a(lib_a-wbuf.o)
 .ARM.attributes
                0x0000090c       0x2c c:/program files (x86)/gnu tools arm embedded/5.4 2016q3/bin/../lib/gcc/arm-none-eabi/5.4.1/../../../../arm-none-eabi/lib/armv6-m\libc.a(lib_a-wcrtomb.o)
 .ARM.attributes
                0x00000938       0x2c c:/program files (x86)/gnu tools arm embedded/5.4 2016q3/bin/../lib/gcc/arm-none-eabi/5.4.1/../../../../arm-none-eabi/lib/armv6-m\libc.a(lib_a-wctomb_r.o)
 .ARM.attributes
                0x00000964       0x2c c:/program files (x86)/gnu tools arm embedded/5.4 2016q3/bin/../lib/gcc/arm-none-eabi/5.4.1/../../../../arm-none-eabi/lib/armv6-m\libc.a(lib_a-ctype_.o)
 .ARM.attributes
                0x00000990       0x1e c:/program files (x86)/gnu tools arm embedded/5.4 2016q3/bin/../lib/gcc/arm-none-eabi/5.4.1/armv6-m\libgcc.a(_thumb1_case_uqi.o)
 .ARM.attributes
                0x000009ae       0x1e c:/program files (x86)/gnu tools arm embedded/5.4 2016q3/bin/../lib/gcc/arm-none-eabi/5.4.1/armv6-m\libgcc.a(_udivsi3.o)
 .ARM.attributes
                0x000009cc       0x1e c:/program files (x86)/gnu tools arm embedded/5.4 2016q3/bin/../lib/gcc/arm-none-eabi/5.4.1/armv6-m\libgcc.a(_divsi3.o)
 .ARM.attributes
                0x000009ea       0x1e c:/program files (x86)/gnu tools arm embedded/5.4 2016q3/bin/../lib/gcc/arm-none-eabi/5.4.1/armv6-m\libgcc.a(_dvmd_tls.o)
 .ARM.attributes
                0x00000a08       0x1e c:/program files (x86)/gnu tools arm embedded/5.4 2016q3/bin/../lib/gcc/arm-none-eabi/5.4.1/armv6-m\libgcc.a(_arm_cmpdf2.o)
 .ARM.attributes
                0x00000a26       0x1e c:/program files (x86)/gnu tools arm embedded/5.4 2016q3/bin/../lib/gcc/arm-none-eabi/5.4.1/armv6-m\libgcc.a(_aeabi_ldivmod.o)
 .ARM.attributes
                0x00000a44       0x1e c:/program files (x86)/gnu tools arm embedded/5.4 2016q3/bin/../lib/gcc/arm-none-eabi/5.4.1/armv6-m\libgcc.a(_aeabi_uldivmod.o)
 .ARM.attributes
                0x00000a62       0x2c c:/program files (x86)/gnu tools arm embedded/5.4 2016q3/bin/../lib/gcc/arm-none-eabi/5.4.1/armv6-m\libgcc.a(_muldi3.o)
 .ARM.attributes
                0x00000a8e       0x2c c:/program files (x86)/gnu tools arm embedded/5.4 2016q3/bin/../lib/gcc/arm-none-eabi/5.4.1/armv6-m\libgcc.a(_udivmoddi4.o)
 .ARM.attributes
                0x00000aba       0x2c c:/program files (x86)/gnu tools arm embedded/5.4 2016q3/bin/../lib/gcc/arm-none-eabi/5.4.1/armv6-m\libgcc.a(bpabi.o)
 .ARM.attributes
                0x00000ae6       0x2c c:/program files (x86)/gnu tools arm embedded/5.4 2016q3/bin/../lib/gcc/arm-none-eabi/5.4.1/armv6-m\libgcc.a(adddf3.o)
 .ARM.attributes
                0x00000b12       0x2c c:/program files (x86)/gnu tools arm embedded/5.4 2016q3/bin/../lib/gcc/arm-none-eabi/5.4.1/armv6-m\libgcc.a(divdf3.o)
 .ARM.attributes
                0x00000b3e       0x2c c:/program files (x86)/gnu tools arm embedded/5.4 2016q3/bin/../lib/gcc/arm-none-eabi/5.4.1/armv6-m\libgcc.a(eqdf2.o)
 .ARM.attributes
                0x00000b6a       0x2c c:/program files (x86)/gnu tools arm embedded/5.4 2016q3/bin/../lib/gcc/arm-none-eabi/5.4.1/armv6-m\libgcc.a(gedf2.o)
 .ARM.attributes
                0x00000b96       0x2c c:/program files (x86)/gnu tools arm embedded/5.4 2016q3/bin/../lib/gcc/arm-none-eabi/5.4.1/armv6-m\libgcc.a(ledf2.o)
 .ARM.attributes
                0x00000bc2       0x2c c:/program files (x86)/gnu tools arm embedded/5.4 2016q3/bin/../lib/gcc/arm-none-eabi/5.4.1/armv6-m\libgcc.a(muldf3.o)
 .ARM.attributes
                0x00000bee       0x2c c:/program files (x86)/gnu tools arm embedded/5.4 2016q3/bin/../lib/gcc/arm-none-eabi/5.4.1/armv6-m\libgcc.a(subdf3.o)
 .ARM.attributes
                0x00000c1a       0x2c c:/program files (x86)/gnu tools arm embedded/5.4 2016q3/bin/../lib/gcc/arm-none-eabi/5.4.1/armv6-m\libgcc.a(unorddf2.o)
 .ARM.attributes
                0x00000c46       0x2c c:/program files (x86)/gnu tools arm embedded/5.4 2016q3/bin/../lib/gcc/arm-none-eabi/5.4.1/armv6-m\libgcc.a(fixdfsi.o)
 .ARM.attributes
                0x00000c72       0x2c c:/program files (x86)/gnu tools arm embedded/5.4 2016q3/bin/../lib/gcc/arm-none-eabi/5.4.1/armv6-m\libgcc.a(floatsidf.o)
 .ARM.attributes
                0x00000c9e       0x2c c:/program files (x86)/gnu tools arm embedded/5.4 2016q3/bin/../lib/gcc/arm-none-eabi/5.4.1/armv6-m\libgcc.a(floatunsidf.o)
 .ARM.attributes
                0x00000cca       0x2c c:/program files (x86)/gnu tools arm embedded/5.4 2016q3/bin/../lib/gcc/arm-none-eabi/5.4.1/armv6-m\libgcc.a(extendsfdf2.o)
 .ARM.attributes
                0x00000cf6       0x2c c:/program files (x86)/gnu tools arm embedded/5.4 2016q3/bin/../lib/gcc/arm-none-eabi/5.4.1/armv6-m\libgcc.a(truncdfsf2.o)
 .ARM.attributes
                0x00000d22       0x2c c:/program files (x86)/gnu tools arm embedded/5.4 2016q3/bin/../lib/gcc/arm-none-eabi/5.4.1/armv6-m\libgcc.a(unwind-arm.o)
 .ARM.attributes
                0x00000d4e       0x1e c:/program files (x86)/gnu tools arm embedded/5.4 2016q3/bin/../lib/gcc/arm-none-eabi/5.4.1/armv6-m\libgcc.a(libunwind.o)
 .ARM.attributes
                0x00000d6c       0x2c c:/program files (x86)/gnu tools arm embedded/5.4 2016q3/bin/../lib/gcc/arm-none-eabi/5.4.1/armv6-m\libgcc.a(pr-support.o)
 .ARM.attributes
                0x00000d98       0x1e c:/program files (x86)/gnu tools arm embedded/5.4 2016q3/bin/../lib/gcc/arm-none-eabi/5.4.1/armv6-m\libgcc.a(_clzsi2.o)
 .ARM.attributes
                0x00000db6       0x1e c:/program files (x86)/gnu tools arm embedded/5.4 2016q3/bin/../lib/gcc/arm-none-eabi/5.4.1/armv6-m\libgcc.a(_clzdi2.o)
 .ARM.attributes
                0x00000dd4       0x2c c:/program files (x86)/gnu tools arm embedded/5.4 2016q3/bin/../lib/gcc/arm-none-eabi/5.4.1/armv6-m\libgcc.a(_divdi3.o)
 .ARM.attributes
                0x00000e00       0x2c c:/program files (x86)/gnu tools arm embedded/5.4 2016q3/bin/../lib/gcc/arm-none-eabi/5.4.1/../../../../arm-none-eabi/lib/armv6-m\libnosys.a(close.o)
 .ARM.attributes
                0x00000e2c       0x2c c:/program files (x86)/gnu tools arm embedded/5.4 2016q3/bin/../lib/gcc/arm-none-eabi/5.4.1/../../../../arm-none-eabi/lib/armv6-m\libnosys.a(fstat.o)
 .ARM.attributes
                0x00000e58       0x2c c:/program files (x86)/gnu tools arm embedded/5.4 2016q3/bin/../lib/gcc/arm-none-eabi/5.4.1/../../../../arm-none-eabi/lib/armv6-m\libnosys.a(isatty.o)
 .ARM.attributes
                0x00000e84       0x2c c:/program files (x86)/gnu tools arm embedded/5.4 2016q3/bin/../lib/gcc/arm-none-eabi/5.4.1/../../../../arm-none-eabi/lib/armv6-m\libnosys.a(lseek.o)
 .ARM.attributes
                0x00000eb0       0x2c c:/program files (x86)/gnu tools arm embedded/5.4 2016q3/bin/../lib/gcc/arm-none-eabi/5.4.1/../../../../arm-none-eabi/lib/armv6-m\libnosys.a(read.o)
 .ARM.attributes
                0x00000edc       0x2c c:/program files (x86)/gnu tools arm embedded/5.4 2016q3/bin/../lib/gcc/arm-none-eabi/5.4.1/../../../../arm-none-eabi/lib/armv6-m\libnosys.a(sbrk.o)
 .ARM.attributes
                0x00000f08       0x2c c:/program files (x86)/gnu tools arm embedded/5.4 2016q3/bin/../lib/gcc/arm-none-eabi/5.4.1/../../../../arm-none-eabi/lib/armv6-m\libc.a(lib_a-abort.o)
 .ARM.attributes
                0x00000f34       0x2c c:/program files (x86)/gnu tools arm embedded/5.4 2016q3/bin/../lib/gcc/arm-none-eabi/5.4.1/../../../../arm-none-eabi/lib/armv6-m\libc.a(lib_a-signal.o)
 .ARM.attributes
                0x00000f60       0x2c c:/program files (x86)/gnu tools arm embedded/5.4 2016q3/bin/../lib/gcc/arm-none-eabi/5.4.1/../../../../arm-none-eabi/lib/armv6-m\libc.a(lib_a-signalr.o)
 .ARM.attributes
                0x00000f8c       0x2c c:/program files (x86)/gnu tools arm embedded/5.4 2016q3/bin/../lib/gcc/arm-none-eabi/5.4.1/../../../../arm-none-eabi/lib/armv6-m\libnosys.a(getpid.o)
 .ARM.attributes
                0x00000fb8       0x2c c:/program files (x86)/gnu tools arm embedded/5.4 2016q3/bin/../lib/gcc/arm-none-eabi/5.4.1/../../../../arm-none-eabi/lib/armv6-m\libnosys.a(kill.o)
 .ARM.attributes
                0x00000fe4       0x2c c:/program files (x86)/gnu tools arm embedded/5.4 2016q3/bin/../lib/gcc/arm-none-eabi/5.4.1/../../../../arm-none-eabi/lib/armv6-m\libnosys.a(_exit.o)

.debug_frame    0x00000000     0x2434
 .debug_frame   0x00000000       0x7c main.o
 .debug_frame   0x0000007c       0xc4 bme280.o
 .debug_frame   0x00000140      0x270 ../libopencm3/lib\libopencm3_stm32l0.a(rcc.o)
 .debug_frame   0x000003b0       0x80 ../libopencm3/lib\libopencm3_stm32l0.a(gpio_common_all.o)
 .debug_frame   0x00000430       0x78 ../libopencm3/lib\libopencm3_stm32l0.a(gpio_common_f0234.o)
 .debug_frame   0x000004a8       0xb0 ../libopencm3/lib\libopencm3_stm32l0.a(rcc_common_all.o)
 .debug_frame   0x00000558      0x10c ../libopencm3/lib\libopencm3_stm32l0.a(flash_common_l01.o)
 .debug_frame   0x00000664      0x308 ../libopencm3/lib\libopencm3_stm32l0.a(i2c_common_v2.o)
 .debug_frame   0x0000096c       0x28 ../libopencm3/lib\libopencm3_stm32l0.a(usart.o)
 .debug_frame   0x00000994      0x1b4 ../libopencm3/lib\libopencm3_stm32l0.a(usart_common_l0f0.o)
 .debug_frame   0x00000b48       0x40 ../libopencm3/lib\libopencm3_stm32l0.a(vector.o)
 .debug_frame   0x00000b88       0xd8 ../libopencm3/lib\libopencm3_stm32l0.a(systick.o)
 .debug_frame   0x00000c60       0x20 c:/program files (x86)/gnu tools arm embedded/5.4 2016q3/bin/../lib/gcc/arm-none-eabi/5.4.1/../../../../arm-none-eabi/lib/armv6-m\libc.a(lib_a-errno.o)
 .debug_frame   0x00000c80       0x48 c:/program files (x86)/gnu tools arm embedded/5.4 2016q3/bin/../lib/gcc/arm-none-eabi/5.4.1/../../../../arm-none-eabi/lib/armv6-m\libc.a(lib_a-printf.o)
 .debug_frame   0x00000cc8       0x44 c:/program files (x86)/gnu tools arm embedded/5.4 2016q3/bin/../lib/gcc/arm-none-eabi/5.4.1/../../../../arm-none-eabi/lib/armv6-m\libc.a(lib_a-puts.o)
 .debug_frame   0x00000d0c       0x28 c:/program files (x86)/gnu tools arm embedded/5.4 2016q3/bin/../lib/gcc/arm-none-eabi/5.4.1/../../../../arm-none-eabi/lib/armv6-m\libc.a(lib_a-strlen-stub.o)
 .debug_frame   0x00000d34       0x74 c:/program files (x86)/gnu tools arm embedded/5.4 2016q3/bin/../lib/gcc/arm-none-eabi/5.4.1/../../../../arm-none-eabi/lib/armv6-m\libc.a(lib_a-vfprintf.o)
 .debug_frame   0x00000da8       0x2c c:/program files (x86)/gnu tools arm embedded/5.4 2016q3/bin/../lib/gcc/arm-none-eabi/5.4.1/../../../../arm-none-eabi/lib/armv6-m\libc.a(lib_a-wsetup.o)
 .debug_frame   0x00000dd4       0x68 c:/program files (x86)/gnu tools arm embedded/5.4 2016q3/bin/../lib/gcc/arm-none-eabi/5.4.1/../../../../arm-none-eabi/lib/armv6-m\libc.a(lib_a-dtoa.o)
 .debug_frame   0x00000e3c       0x68 c:/program files (x86)/gnu tools arm embedded/5.4 2016q3/bin/../lib/gcc/arm-none-eabi/5.4.1/../../../../arm-none-eabi/lib/armv6-m\libc.a(lib_a-fflush.o)
 .debug_frame   0x00000ea4      0x14c c:/program files (x86)/gnu tools arm embedded/5.4 2016q3/bin/../lib/gcc/arm-none-eabi/5.4.1/../../../../arm-none-eabi/lib/armv6-m\libc.a(lib_a-findfp.o)
 .debug_frame   0x00000ff0       0x54 c:/program files (x86)/gnu tools arm embedded/5.4 2016q3/bin/../lib/gcc/arm-none-eabi/5.4.1/../../../../arm-none-eabi/lib/armv6-m\libc.a(lib_a-freer.o)
 .debug_frame   0x00001044       0x3c c:/program files (x86)/gnu tools arm embedded/5.4 2016q3/bin/../lib/gcc/arm-none-eabi/5.4.1/../../../../arm-none-eabi/lib/armv6-m\libc.a(lib_a-fvwrite.o)
 .debug_frame   0x00001080       0x5c c:/program files (x86)/gnu tools arm embedded/5.4 2016q3/bin/../lib/gcc/arm-none-eabi/5.4.1/../../../../arm-none-eabi/lib/armv6-m\libc.a(lib_a-fwalk.o)
 .debug_frame   0x000010dc       0x40 c:/program files (x86)/gnu tools arm embedded/5.4 2016q3/bin/../lib/gcc/arm-none-eabi/5.4.1/../../../../arm-none-eabi/lib/armv6-m\libc.a(lib_a-localeconv.o)
 .debug_frame   0x0000111c       0x50 c:/program files (x86)/gnu tools arm embedded/5.4 2016q3/bin/../lib/gcc/arm-none-eabi/5.4.1/../../../../arm-none-eabi/lib/armv6-m\libc.a(lib_a-makebuf.o)
 .debug_frame   0x0000116c       0x3c c:/program files (x86)/gnu tools arm embedded/5.4 2016q3/bin/../lib/gcc/arm-none-eabi/5.4.1/../../../../arm-none-eabi/lib/armv6-m\libc.a(lib_a-mallocr.o)
 .debug_frame   0x000011a8       0x2c c:/program files (x86)/gnu tools arm embedded/5.4 2016q3/bin/../lib/gcc/arm-none-eabi/5.4.1/../../../../arm-none-eabi/lib/armv6-m\libc.a(lib_a-memchr-stub.o)
 .debug_frame   0x000011d4       0x2c c:/program files (x86)/gnu tools arm embedded/5.4 2016q3/bin/../lib/gcc/arm-none-eabi/5.4.1/../../../../arm-none-eabi/lib/armv6-m\libc.a(lib_a-memcpy-stub.o)
 .debug_frame   0x00001200       0x2c c:/program files (x86)/gnu tools arm embedded/5.4 2016q3/bin/../lib/gcc/arm-none-eabi/5.4.1/../../../../arm-none-eabi/lib/armv6-m\libc.a(lib_a-memmove.o)
 .debug_frame   0x0000122c       0x2c c:/program files (x86)/gnu tools arm embedded/5.4 2016q3/bin/../lib/gcc/arm-none-eabi/5.4.1/../../../../arm-none-eabi/lib/armv6-m\libc.a(lib_a-memset.o)
 .debug_frame   0x00001258       0x30 c:/program files (x86)/gnu tools arm embedded/5.4 2016q3/bin/../lib/gcc/arm-none-eabi/5.4.1/../../../../arm-none-eabi/lib/armv6-m\libc.a(lib_a-mlock.o)
 .debug_frame   0x00001288      0x258 c:/program files (x86)/gnu tools arm embedded/5.4 2016q3/bin/../lib/gcc/arm-none-eabi/5.4.1/../../../../arm-none-eabi/lib/armv6-m\libc.a(lib_a-mprec.o)
 .debug_frame   0x000014e0       0x3c c:/program files (x86)/gnu tools arm embedded/5.4 2016q3/bin/../lib/gcc/arm-none-eabi/5.4.1/../../../../arm-none-eabi/lib/armv6-m\libc.a(lib_a-reallocr.o)
 .debug_frame   0x0000151c       0x2c c:/program files (x86)/gnu tools arm embedded/5.4 2016q3/bin/../lib/gcc/arm-none-eabi/5.4.1/../../../../arm-none-eabi/lib/armv6-m\libc.a(lib_a-sbrkr.o)
 .debug_frame   0x00001548       0x90 c:/program files (x86)/gnu tools arm embedded/5.4 2016q3/bin/../lib/gcc/arm-none-eabi/5.4.1/../../../../arm-none-eabi/lib/armv6-m\libc.a(lib_a-stdio.o)
 .debug_frame   0x000015d8       0xb4 c:/program files (x86)/gnu tools arm embedded/5.4 2016q3/bin/../lib/gcc/arm-none-eabi/5.4.1/../../../../arm-none-eabi/lib/armv6-m\libc.a(lib_a-vfiprintf.o)
 .debug_frame   0x0000168c       0x2c c:/program files (x86)/gnu tools arm embedded/5.4 2016q3/bin/../lib/gcc/arm-none-eabi/5.4.1/../../../../arm-none-eabi/lib/armv6-m\libc.a(lib_a-writer.o)
 .debug_frame   0x000016b8       0x28 c:/program files (x86)/gnu tools arm embedded/5.4 2016q3/bin/../lib/gcc/arm-none-eabi/5.4.1/../../../../arm-none-eabi/lib/armv6-m\libc.a(lib_a-callocr.o)
 .debug_frame   0x000016e0       0x2c c:/program files (x86)/gnu tools arm embedded/5.4 2016q3/bin/../lib/gcc/arm-none-eabi/5.4.1/../../../../arm-none-eabi/lib/armv6-m\libc.a(lib_a-closer.o)
 .debug_frame   0x0000170c       0x44 c:/program files (x86)/gnu tools arm embedded/5.4 2016q3/bin/../lib/gcc/arm-none-eabi/5.4.1/../../../../arm-none-eabi/lib/armv6-m\libc.a(lib_a-fclose.o)
 .debug_frame   0x00001750       0x6c c:/program files (x86)/gnu tools arm embedded/5.4 2016q3/bin/../lib/gcc/arm-none-eabi/5.4.1/../../../../arm-none-eabi/lib/armv6-m\libc.a(lib_a-fputwc.o)
 .debug_frame   0x000017bc       0x2c c:/program files (x86)/gnu tools arm embedded/5.4 2016q3/bin/../lib/gcc/arm-none-eabi/5.4.1/../../../../arm-none-eabi/lib/armv6-m\libc.a(lib_a-fstatr.o)
 .debug_frame   0x000017e8       0x2c c:/program files (x86)/gnu tools arm embedded/5.4 2016q3/bin/../lib/gcc/arm-none-eabi/5.4.1/../../../../arm-none-eabi/lib/armv6-m\libc.a(lib_a-isattyr.o)
 .debug_frame   0x00001814       0x8c c:/program files (x86)/gnu tools arm embedded/5.4 2016q3/bin/../lib/gcc/arm-none-eabi/5.4.1/../../../../arm-none-eabi/lib/armv6-m\libc.a(lib_a-locale.o)
 .debug_frame   0x000018a0       0x2c c:/program files (x86)/gnu tools arm embedded/5.4 2016q3/bin/../lib/gcc/arm-none-eabi/5.4.1/../../../../arm-none-eabi/lib/armv6-m\libc.a(lib_a-lseekr.o)
 .debug_frame   0x000018cc       0x40 c:/program files (x86)/gnu tools arm embedded/5.4 2016q3/bin/../lib/gcc/arm-none-eabi/5.4.1/../../../../arm-none-eabi/lib/armv6-m\libc.a(lib_a-mbtowc_r.o)
 .debug_frame   0x0000190c       0x2c c:/program files (x86)/gnu tools arm embedded/5.4 2016q3/bin/../lib/gcc/arm-none-eabi/5.4.1/../../../../arm-none-eabi/lib/armv6-m\libc.a(lib_a-readr.o)
 .debug_frame   0x00001938       0x48 c:/program files (x86)/gnu tools arm embedded/5.4 2016q3/bin/../lib/gcc/arm-none-eabi/5.4.1/../../../../arm-none-eabi/lib/armv6-m\libc.a(lib_a-reent.o)
 .debug_frame   0x00001980       0x48 c:/program files (x86)/gnu tools arm embedded/5.4 2016q3/bin/../lib/gcc/arm-none-eabi/5.4.1/../../../../arm-none-eabi/lib/armv6-m\libc.a(lib_a-wbuf.o)
 .debug_frame   0x000019c8       0x50 c:/program files (x86)/gnu tools arm embedded/5.4 2016q3/bin/../lib/gcc/arm-none-eabi/5.4.1/../../../../arm-none-eabi/lib/armv6-m\libc.a(lib_a-wcrtomb.o)
 .debug_frame   0x00001a18       0x3c c:/program files (x86)/gnu tools arm embedded/5.4 2016q3/bin/../lib/gcc/arm-none-eabi/5.4.1/../../../../arm-none-eabi/lib/armv6-m\libc.a(lib_a-wctomb_r.o)
 .debug_frame   0x00001a54       0x20 c:/program files (x86)/gnu tools arm embedded/5.4 2016q3/bin/../lib/gcc/arm-none-eabi/5.4.1/armv6-m\libgcc.a(_udivsi3.o)
 .debug_frame   0x00001a74       0x20 c:/program files (x86)/gnu tools arm embedded/5.4 2016q3/bin/../lib/gcc/arm-none-eabi/5.4.1/armv6-m\libgcc.a(_divsi3.o)
 .debug_frame   0x00001a94       0x34 c:/program files (x86)/gnu tools arm embedded/5.4 2016q3/bin/../lib/gcc/arm-none-eabi/5.4.1/armv6-m\libgcc.a(_muldi3.o)
 .debug_frame   0x00001ac8       0x3c c:/program files (x86)/gnu tools arm embedded/5.4 2016q3/bin/../lib/gcc/arm-none-eabi/5.4.1/armv6-m\libgcc.a(_udivmoddi4.o)
 .debug_frame   0x00001b04       0x30 c:/program files (x86)/gnu tools arm embedded/5.4 2016q3/bin/../lib/gcc/arm-none-eabi/5.4.1/armv6-m\libgcc.a(bpabi.o)
 .debug_frame   0x00001b34       0x3c c:/program files (x86)/gnu tools arm embedded/5.4 2016q3/bin/../lib/gcc/arm-none-eabi/5.4.1/armv6-m\libgcc.a(adddf3.o)
 .debug_frame   0x00001b70       0x3c c:/program files (x86)/gnu tools arm embedded/5.4 2016q3/bin/../lib/gcc/arm-none-eabi/5.4.1/armv6-m\libgcc.a(divdf3.o)
 .debug_frame   0x00001bac       0x38 c:/program files (x86)/gnu tools arm embedded/5.4 2016q3/bin/../lib/gcc/arm-none-eabi/5.4.1/armv6-m\libgcc.a(eqdf2.o)
 .debug_frame   0x00001be4       0x38 c:/program files (x86)/gnu tools arm embedded/5.4 2016q3/bin/../lib/gcc/arm-none-eabi/5.4.1/armv6-m\libgcc.a(gedf2.o)
 .debug_frame   0x00001c1c       0x38 c:/program files (x86)/gnu tools arm embedded/5.4 2016q3/bin/../lib/gcc/arm-none-eabi/5.4.1/armv6-m\libgcc.a(ledf2.o)
 .debug_frame   0x00001c54       0x3c c:/program files (x86)/gnu tools arm embedded/5.4 2016q3/bin/../lib/gcc/arm-none-eabi/5.4.1/armv6-m\libgcc.a(muldf3.o)
 .debug_frame   0x00001c90       0x38 c:/program files (x86)/gnu tools arm embedded/5.4 2016q3/bin/../lib/gcc/arm-none-eabi/5.4.1/armv6-m\libgcc.a(subdf3.o)
 .debug_frame   0x00001cc8       0x2c c:/program files (x86)/gnu tools arm embedded/5.4 2016q3/bin/../lib/gcc/arm-none-eabi/5.4.1/armv6-m\libgcc.a(unorddf2.o)
 .debug_frame   0x00001cf4       0x2c c:/program files (x86)/gnu tools arm embedded/5.4 2016q3/bin/../lib/gcc/arm-none-eabi/5.4.1/armv6-m\libgcc.a(fixdfsi.o)
 .debug_frame   0x00001d20       0x2c c:/program files (x86)/gnu tools arm embedded/5.4 2016q3/bin/../lib/gcc/arm-none-eabi/5.4.1/armv6-m\libgcc.a(floatsidf.o)
 .debug_frame   0x00001d4c       0x2c c:/program files (x86)/gnu tools arm embedded/5.4 2016q3/bin/../lib/gcc/arm-none-eabi/5.4.1/armv6-m\libgcc.a(floatunsidf.o)
 .debug_frame   0x00001d78       0x2c c:/program files (x86)/gnu tools arm embedded/5.4 2016q3/bin/../lib/gcc/arm-none-eabi/5.4.1/armv6-m\libgcc.a(extendsfdf2.o)
 .debug_frame   0x00001da4       0x2c c:/program files (x86)/gnu tools arm embedded/5.4 2016q3/bin/../lib/gcc/arm-none-eabi/5.4.1/armv6-m\libgcc.a(truncdfsf2.o)