Archive member included to satisfy reference by file (symbol)

../libopencm3/lib\libopencm3_stm32l0.a(rcc.o)
                              main.o (rcc_clock_setup_hsi16_3v3)
../libopencm3/lib\libopencm3_stm32l0.a(spi_common_all.o)
                              radio.o (spi_enable)
../libopencm3/lib\libopencm3_stm32l0.a(gpio_common_all.o)
                              radio.o (gpio_set)
../libopencm3/lib\libopencm3_stm32l0.a(gpio_common_f0234.o)
                              main.o (gpio_mode_setup)
../libopencm3/lib\libopencm3_stm32l0.a(rcc_common_all.o)
                              main.o (rcc_periph_clock_enable)
../libopencm3/lib\libopencm3_stm32l0.a(flash_common_l01.o)
                              ../libopencm3/lib\libopencm3_stm32l0.a(rcc.o) (flash_set_ws)
../libopencm3/lib\libopencm3_stm32l0.a(usart.o)
                              main.o (usart_set_baudrate)
../libopencm3/lib\libopencm3_stm32l0.a(usart_common_l0f0.o)
                              main.o (usart_set_databits)
../libopencm3/lib\libopencm3_stm32l0.a(vector.o)
                              (reset_handler)
../libopencm3/lib\libopencm3_stm32l0.a(systick.o)
                              main.o (systick_set_reload)
../libopencm3/lib\libopencm3_stm32l0.a(assert.o)
                              ../libopencm3/lib\libopencm3_stm32l0.a(rcc.o) (cm3_assert_failed)
c:/program files (x86)/gnu tools arm embedded/5.4 2016q3/bin/../lib/gcc/arm-none-eabi/5.4.1/../../../../arm-none-eabi/lib/armv6-m\libc.a(lib_a-errno.o)
                              main.o (__errno)
c:/program files (x86)/gnu tools arm embedded/5.4 2016q3/bin/../lib/gcc/arm-none-eabi/5.4.1/../../../../arm-none-eabi/lib/armv6-m\libc.a(lib_a-impure.o)
                              radio.o (_impure_ptr)
c:/program files (x86)/gnu tools arm embedded/5.4 2016q3/bin/../lib/gcc/arm-none-eabi/5.4.1/../../../../arm-none-eabi/lib/armv6-m\libc.a(lib_a-printf.o)
                              radio.o (printf)
c:/program files (x86)/gnu tools arm embedded/5.4 2016q3/bin/../lib/gcc/arm-none-eabi/5.4.1/../../../../arm-none-eabi/lib/armv6-m\libc.a(lib_a-puts.o)
                              radio.o (puts)
c:/program files (x86)/gnu tools arm embedded/5.4 2016q3/bin/../lib/gcc/arm-none-eabi/5.4.1/../../../../arm-none-eabi/lib/armv6-m\libc.a(lib_a-strlen-stub.o)
                              c:/program files (x86)/gnu tools arm embedded/5.4 2016q3/bin/../lib/gcc/arm-none-eabi/5.4.1/../../../../arm-none-eabi/lib/armv6-m\libc.a(lib_a-puts.o) (strlen)
c:/program files (x86)/gnu tools arm embedded/5.4 2016q3/bin/../lib/gcc/arm-none-eabi/5.4.1/../../../../arm-none-eabi/lib/armv6-m\libc.a(lib_a-vfprintf.o)
                              c:/program files (x86)/gnu tools arm embedded/5.4 2016q3/bin/../lib/gcc/arm-none-eabi/5.4.1/../../../../arm-none-eabi/lib/armv6-m\libc.a(lib_a-printf.o) (_vfprintf_r)
c:/program files (x86)/gnu tools arm embedded/5.4 2016q3/bin/../lib/gcc/arm-none-eabi/5.4.1/../../../../arm-none-eabi/lib/armv6-m\libc.a(lib_a-wbuf.o)
                              radio.o (__swbuf_r)
c:/program files (x86)/gnu tools arm embedded/5.4 2016q3/bin/../lib/gcc/arm-none-eabi/5.4.1/../../../../arm-none-eabi/lib/armv6-m\libc.a(lib_a-wsetup.o)
                              c:/program files (x86)/gnu tools arm embedded/5.4 2016q3/bin/../lib/gcc/arm-none-eabi/5.4.1/../../../../arm-none-eabi/lib/armv6-m\libc.a(lib_a-vfprintf.o) (__swsetup_r)
c:/program files (x86)/gnu tools arm embedded/5.4 2016q3/bin/../lib/gcc/arm-none-eabi/5.4.1/../../../../arm-none-eabi/lib/armv6-m\libc.a(lib_a-dtoa.o)
                              c:/program files (x86)/gnu tools arm embedded/5.4 2016q3/bin/../lib/gcc/arm-none-eabi/5.4.1/../../../../arm-none-eabi/lib/armv6-m\libc.a(lib_a-vfprintf.o) (_dtoa_r)
c:/program files (x86)/gnu tools arm embedded/5.4 2016q3/bin/../lib/gcc/arm-none-eabi/5.4.1/../../../../arm-none-eabi/lib/armv6-m\libc.a(lib_a-fflush.o)
                              c:/program files (x86)/gnu tools arm embedded/5.4 2016q3/bin/../lib/gcc/arm-none-eabi/5.4.1/../../../../arm-none-eabi/lib/armv6-m\libc.a(lib_a-vfprintf.o) (_fflush_r)
c:/program files (x86)/gnu tools arm embedded/5.4 2016q3/bin/../lib/gcc/arm-none-eabi/5.4.1/../../../../arm-none-eabi/lib/armv6-m\libc.a(lib_a-findfp.o)
                              c:/program files (x86)/gnu tools arm embedded/5.4 2016q3/bin/../lib/gcc/arm-none-eabi/5.4.1/../../../../arm-none-eabi/lib/armv6-m\libc.a(lib_a-puts.o) (__sinit)
c:/program files (x86)/gnu tools arm embedded/5.4 2016q3/bin/../lib/gcc/arm-none-eabi/5.4.1/../../../../arm-none-eabi/lib/armv6-m\libc.a(lib_a-freer.o)
                              c:/program files (x86)/gnu tools arm embedded/5.4 2016q3/bin/../lib/gcc/arm-none-eabi/5.4.1/../../../../arm-none-eabi/lib/armv6-m\libc.a(lib_a-wsetup.o) (_free_r)
c:/program files (x86)/gnu tools arm embedded/5.4 2016q3/bin/../lib/gcc/arm-none-eabi/5.4.1/../../../../arm-none-eabi/lib/armv6-m\libc.a(lib_a-fvwrite.o)
[...]
Memory Configuration

Name             Origin             Length             Attributes
rom              0x08000000         0x00010000         xr
ram              0x20000000         0x00002000         xrw
eep              0x08080000         0x00000800         r
*default*        0x00000000         0xffffffff

Linker script and memory map

LOAD main.o
LOAD radio.o
LOAD ../libopencm3/lib\libopencm3_stm32l0.a
START GROUP
LOAD c:/program files (x86)/gnu tools arm embedded/5.4 2016q3/bin/../lib/gcc/arm-none-eabi/5.4.1/../../../../arm-none-eabi/lib/armv6-m\libc.a
LOAD c:/program files (x86)/gnu tools arm embedded/5.4 2016q3/bin/../lib/gcc/arm-none-eabi/5.4.1/armv6-m\libgcc.a
LOAD c:/program files (x86)/gnu tools arm embedded/5.4 2016q3/bin/../lib/gcc/arm-none-eabi/5.4.1/../../../../arm-none-eabi/lib/armv6-m\libnosys.a
END GROUP
START GROUP
LOAD c:/program files (x86)/gnu tools arm embedded/5.4 2016q3/bin/../lib/gcc/arm-none-eabi/5.4.1/armv6-m\libgcc.a
LOAD c:/program files (x86)/gnu tools arm embedded/5.4 2016q3/bin/../lib/gcc/arm-none-eabi/5.4.1/../../../../arm-none-eabi/lib/armv6-m\libc.a
END GROUP

.text           0x08000000     0x8dfc
 *(.vectors)
 .vectors       0x08000000       0xc0 ../libopencm3/lib\libopencm3_stm32l0.a(vector.o)
                0x08000000                vector_table
 *(.text*)
 .text._write   0x080000c0       0x34 main.o
                0x080000c0                _write
 .text._Z11serial_getcv
                0x080000f4       0x20 main.o
                0x080000f4                serial_getc()
 .text.sys_tick_handler
                0x08000114       0x10 main.o
                0x08000114                sys_tick_handler
 .text.startup.main
                0x08000124       0xb4 main.o
                0x08000124                main
 .text._ZN6SpiDev6masterEi
                0x080001d8       0x9c radio.o
                0x080001d8                SpiDev::master(int)
 .text._ZN6SpiDev5rwRegEhh
                0x08000274       0x3c radio.o
                0x08000274                SpiDev::rwReg(unsigned char, unsigned char)
 .text._ZN4RF69I6SpiDevE9configureEPKh.isra.3.constprop.5
                0x080002b0       0x28 radio.o
 .text._ZN4RF69I6SpiDevE7readRegEh.isra.1
                0x080002d8        0xa radio.o
 *fill*         0x080002e2        0x2 
 .text._Z5setupv
                0x080002e4       0xcc radio.o
                0x080002e4                setup()
 .text._ZN4RF69I6SpiDevE7setModeEh
                0x080003b0       0x28 radio.o
                0x080003b0                RF69<SpiDev>::setMode(unsigned char)
 .text._ZN4RF69I6SpiDevE7receiveEPvi
                0x080003d8       0xac radio.o
                0x080003d8                RF69<SpiDev>::receive(void*, int)
 .text._Z4loopv
                0x08000484      0x144 radio.o
                0x08000484                loop()
 .text.rcc_osc_on
                0x080005c8       0x54 ../libopencm3/lib\libopencm3_stm32l0.a(rcc.o)
                0x080005c8                rcc_osc_on
 .text.rcc_is_osc_ready
                0x0800061c       0x58 ../libopencm3/lib\libopencm3_stm32l0.a(rcc.o)
                0x0800061c                rcc_is_osc_ready
 .text.rcc_wait_for_osc_ready
                0x08000674       0x10 ../libopencm3/lib\libopencm3_stm32l0.a(rcc.o)
                0x08000674                rcc_wait_for_osc_ready
 .text.rcc_set_pll_source_hsi16
                0x08000684       0x14 ../libopencm3/lib\libopencm3_stm32l0.a(rcc.o)
                0x08000684                rcc_set_pll_source_hsi16
 .text.rcc_set_sysclk_source
                0x08000698       0x44 ../libopencm3/lib\libopencm3_stm32l0.a(rcc.o)
                0x08000698                rcc_set_sysclk_source
 .text.rcc_set_pll_multiplier
                0x080006dc       0x18 ../libopencm3/lib\libopencm3_stm32l0.a(rcc.o)
                0x080006dc                rcc_set_pll_multiplier
 .text.rcc_set_pll_divider
                0x080006f4       0x18 ../libopencm3/lib\libopencm3_stm32l0.a(rcc.o)
                0x080006f4                rcc_set_pll_divider
 .text.rcc_set_ppre1
                0x0800070c       0x18 ../libopencm3/lib\libopencm3_stm32l0.a(rcc.o)
                0x0800070c                rcc_set_ppre1
 .text.rcc_set_ppre2
                0x08000724       0x18 ../libopencm3/lib\libopencm3_stm32l0.a(rcc.o)
                0x08000724                rcc_set_ppre2
 .text.rcc_set_hpre
                0x0800073c       0x14 ../libopencm3/lib\libopencm3_stm32l0.a(rcc.o)
                0x0800073c                rcc_set_hpre
 .text.rcc_clock_setup_hsi16_3v3
                0x08000750       0x94 ../libopencm3/lib\libopencm3_stm32l0.a(rcc.o)
                0x08000750                rcc_clock_setup_hsi16_3v3
 .text.spi_enable
                0x080007e4        0xa ../libopencm3/lib\libopencm3_stm32l0.a(spi_common_all.o)
                0x080007e4                spi_enable
 .text.spi_xfer
                0x080007ee       0x10 ../libopencm3/lib\libopencm3_stm32l0.a(spi_common_all.o)
                0x080007ee                spi_xfer
 .text.spi_enable_software_slave_management
                0x080007fe       0x16 ../libopencm3/lib\libopencm3_stm32l0.a(spi_common_all.o)
                0x080007fe                spi_enable_software_slave_management
 .text.spi_set_nss_high
                0x08000814        0xc ../libopencm3/lib\libopencm3_stm32l0.a(spi_common_all.o)
                0x08000814                spi_set_nss_high
 .text.spi_set_baudrate_prescaler
                0x08000820       0x18 ../libopencm3/lib\libopencm3_stm32l0.a(spi_common_all.o)
                0x08000820                spi_set_baudrate_prescaler
 .text.spi_set_master_mode
                0x08000838        0xa ../libopencm3/lib\libopencm3_stm32l0.a(spi_common_all.o)
                0x08000838                spi_set_master_mode
 .text.gpio_set
                0x08000842        0x4 ../libopencm3/lib\libopencm3_stm32l0.a(gpio_common_all.o)
                0x08000842                gpio_set
 .text.gpio_clear
                0x08000846        0x6 ../libopencm3/lib\libopencm3_stm32l0.a(gpio_common_all.o)
                0x08000846                gpio_clear
 .text.gpio_mode_setup
                0x0800084c       0x3a ../libopencm3/lib\libopencm3_stm32l0.a(gpio_common_f0234.o)
                0x0800084c                gpio_mode_setup
 .text.gpio_set_output_options
                0x08000886       0x3a ../libopencm3/lib\libopencm3_stm32l0.a(gpio_common_f0234.o)
                0x08000886                gpio_set_output_options
 .text.gpio_set_af
                0x080008c0       0x58 ../libopencm3/lib\libopencm3_stm32l0.a(gpio_common_f0234.o)
                0x080008c0                gpio_set_af
 .text.rcc_periph_clock_enable
                0x08000918       0x1c ../libopencm3/lib\libopencm3_stm32l0.a(rcc_common_all.o)
                0x08000918                rcc_periph_clock_enable
 .text.flash_set_ws
                0x08000934       0x14 ../libopencm3/lib\libopencm3_stm32l0.a(flash_common_l01.o)
                0x08000934                flash_set_ws
 .text.usart_set_baudrate
                0x08000948       0x2c ../libopencm3/lib\libopencm3_stm32l0.a(usart.o)
                0x08000948                usart_set_baudrate
 .text.usart_set_databits
                0x08000974       0x1c ../libopencm3/lib\libopencm3_stm32l0.a(usart_common_l0f0.o)
                0x08000974                usart_set_databits
 .text.usart_set_stopbits
                0x08000990       0x10 ../libopencm3/lib\libopencm3_stm32l0.a(usart_common_l0f0.o)
                0x08000990                usart_set_stopbits
 .text.usart_set_parity
                0x080009a0       0x10 ../libopencm3/lib\libopencm3_stm32l0.a(usart_common_l0f0.o)
                0x080009a0                usart_set_parity
 .text.usart_set_mode
                0x080009b0        0xc ../libopencm3/lib\libopencm3_stm32l0.a(usart_common_l0f0.o)
                0x080009b0                usart_set_mode
 .text.usart_set_flow_control
                0x080009bc       0x10 ../libopencm3/lib\libopencm3_stm32l0.a(usart_common_l0f0.o)
                0x080009bc                usart_set_flow_control
 .text.usart_enable
                0x080009cc        0xa ../libopencm3/lib\libopencm3_stm32l0.a(usart_common_l0f0.o)
                0x080009cc                usart_enable
 .text.usart_recv
                0x080009d6        0x8 ../libopencm3/lib\libopencm3_stm32l0.a(usart_common_l0f0.o)
                0x080009d6                usart_recv
 .text.usart_wait_send_ready
                0x080009de        0xa ../libopencm3/lib\libopencm3_stm32l0.a(usart_common_l0f0.o)
                0x080009de                usart_wait_send_ready
 .text.usart_send_blocking
                0x080009e8       0x10 ../libopencm3/lib\libopencm3_stm32l0.a(usart_common_l0f0.o)
                0x080009e8                usart_send_blocking
 .text.blocking_handler
                0x080009f8        0x2 ../libopencm3/lib\libopencm3_stm32l0.a(vector.o)
                0x080009f8                rtc_isr
                0x080009f8                blocking_handler
                0x080009f8                tsc_isr
                0x080009f8                spi1_isr
                0x080009f8                i2c1_isr
                0x080009f8                i2c2_isr
                0x080009f8                tim21_isr
                0x080009f8                usart1_isr
                0x080009f8                reserved4_isr
                0x080009f8                exti2_3_isr
                0x080009f8                reserved5_isr
                0x080009f8                lptim1_isr
                0x080009f8                pvd_isr
                0x080009f8                lpuart1_isr
                0x080009f8                rcc_isr
                0x080009f8                reserved3_isr
                0x080009f8                flash_isr
                0x080009f8                hard_fault_handler
                0x080009f8                spi2_isr
                0x080009f8                usb_isr
                0x080009f8                usart2_isr
                0x080009f8                adc_comp_isr
                0x080009f8                reserved2_isr
                0x080009f8                reserved1_isr
                0x080009f8                dma1_channel1_isr
                0x080009f8                tim6_dac_isr
                0x080009f8                lcd_isr
                0x080009f8                dma1_channel2_3_isr
                0x080009f8                tim22_isr
                0x080009f8                exti4_15_isr
                0x080009f8                wwdg_isr
                0x080009f8                tim2_isr
                0x080009f8                dma1_channel4_5_isr
                0x080009f8                exti0_1_isr
 .text.null_handler
                0x080009fa        0x2 ../libopencm3/lib\libopencm3_stm32l0.a(vector.o)
                0x080009fa                sv_call_handler
                0x080009fa                pend_sv_handler
                0x080009fa                nmi_handler
                0x080009fa                null_handler
 .text.reset_handler
                0x080009fc       0x8c ../libopencm3/lib\libopencm3_stm32l0.a(vector.o)
                0x080009fc                reset_handler
 .text.systick_set_reload
                0x08000a88       0x10 ../libopencm3/lib\libopencm3_stm32l0.a(systick.o)
                0x08000a88                systick_set_reload
 .text.systick_set_clocksource
                0x08000a98       0x14 ../libopencm3/lib\libopencm3_stm32l0.a(systick.o)
                0x08000a98                systick_set_clocksource
 .text.systick_interrupt_enable
                0x08000aac       0x10 ../libopencm3/lib\libopencm3_stm32l0.a(systick.o)
                0x08000aac                systick_interrupt_enable
 .text.systick_counter_enable
                0x08000abc       0x10 ../libopencm3/lib\libopencm3_stm32l0.a(systick.o)
                0x08000abc                systick_counter_enable
 .text.__errno  0x08000acc        0xc c:/program files (x86)/gnu tools arm embedded/5.4 2016q3/bin/../lib/gcc/arm-none-eabi/5.4.1/../../../../arm-none-eabi/lib/armv6-m\libc.a(lib_a-errno.o)
                0x08000acc                __errno
 .text.printf   0x08000ad8       0x24 c:/program files (x86)/gnu tools arm embedded/5.4 2016q3/bin/../lib/gcc/arm-none-eabi/5.4.1/../../../../arm-none-eabi/lib/armv6-m\libc.a(lib_a-printf.o)
                0x08000ad8                printf
 .text._puts_r  0x08000afc       0x70 c:/program files (x86)/gnu tools arm embedded/5.4 2016q3/bin/../lib/gcc/arm-none-eabi/5.4.1/../../../../arm-none-eabi/lib/armv6-m\libc.a(lib_a-puts.o)
                0x08000afc                _puts_r
 .text.puts     0x08000b6c       0x14 c:/program files (x86)/gnu tools arm embedded/5.4 2016q3/bin/../lib/gcc/arm-none-eabi/5.4.1/../../../../arm-none-eabi/lib/armv6-m\libc.a(lib_a-puts.o)
                0x08000b6c                puts
 .text.strlen   0x08000b80       0x68 c:/program files (x86)/gnu tools arm embedded/5.4 2016q3/bin/../lib/gcc/arm-none-eabi/5.4.1/../../../../arm-none-eabi/lib/armv6-m\libc.a(lib_a-strlen-stub.o)
                0x08000b80                strlen
 .text._vfprintf_r
                0x08000be8     0x1828 c:/program files (x86)/gnu tools arm embedded/5.4 2016q3/bin/../lib/gcc/arm-none-eabi/5.4.1/../../../../arm-none-eabi/lib/armv6-m\libc.a(lib_a-vfprintf.o)
                0x08000be8                _vfprintf_r
 .text.__sbprintf
                0x08002410       0x74 c:/program files (x86)/gnu tools arm embedded/5.4 2016q3/bin/../lib/gcc/arm-none-eabi/5.4.1/../../../../arm-none-eabi/lib/armv6-m\libc.a(lib_a-vfprintf.o)
 .text.__swbuf_r
                0x08002484       0xb8 c:/program files (x86)/gnu tools arm embedded/5.4 2016q3/bin/../lib/gcc/arm-none-eabi/5.4.1/../../../../arm-none-eabi/lib/armv6-m\libc.a(lib_a-wbuf.o)
                0x08002484                __swbuf_r
 .text.__swsetup_r
                0x0800253c       0xd4 c:/program files (x86)/gnu tools arm embedded/5.4 2016q3/bin/../lib/gcc/arm-none-eabi/5.4.1/../../../../arm-none-eabi/lib/armv6-m\libc.a(lib_a-wsetup.o)
                0x0800253c                __swsetup_r
 .text.quorem   0x08002610      0x150 c:/program files (x86)/gnu tools arm embedded/5.4 2016q3/bin/../lib/gcc/arm-none-eabi/5.4.1/../../../../arm-none-eabi/lib/armv6-m\libc.a(lib_a-dtoa.o)
 .text._dtoa_r  0x08002760      0xf54 c:/program files (x86)/gnu tools arm embedded/5.4 2016q3/bin/../lib/gcc/arm-none-eabi/5.4.1/../../../../arm-none-eabi/lib/armv6-m\libc.a(lib_a-dtoa.o)
                0x08002760                _dtoa_r
 .text.__sflush_r
                0x080036b4      0x150 c:/program files (x86)/gnu tools arm embedded/5.4 2016q3/bin/../lib/gcc/arm-none-eabi/5.4.1/../../../../arm-none-eabi/lib/armv6-m\libc.a(lib_a-fflush.o)
                0x080036b4                __sflush_r
 .text._fflush_r
                0x08003804       0x2c c:/program files (x86)/gnu tools arm embedded/5.4 2016q3/bin/../lib/gcc/arm-none-eabi/5.4.1/../../../../arm-none-eabi/lib/armv6-m\libc.a(lib_a-fflush.o)
                0x08003804                _fflush_r
 .text._cleanup_r
                0x08003830       0x10 c:/program files (x86)/gnu tools arm embedded/5.4 2016q3/bin/../lib/gcc/arm-none-eabi/5.4.1/../../../../arm-none-eabi/lib/armv6-m\libc.a(lib_a-findfp.o)
                0x08003830                _cleanup_r
 .text.__sinit.part.1
                0x08003840       0xf0 c:/program files (x86)/gnu tools arm embedded/5.4 2016q3/bin/../lib/gcc/arm-none-eabi/5.4.1/../../../../arm-none-eabi/lib/armv6-m\libc.a(lib_a-findfp.o)
 .text.__sinit  0x08003930       0x10 c:/program files (x86)/gnu tools arm embedded/5.4 2016q3/bin/../lib/gcc/arm-none-eabi/5.4.1/../../../../arm-none-eabi/lib/armv6-m\libc.a(lib_a-findfp.o)
                0x08003930                __sinit
 .text.__sfp_lock_acquire
                0x08003940        0x4 c:/program files (x86)/gnu tools arm embedded/5.4 2016q3/bin/../lib/gcc/arm-none-eabi/5.4.1/../../../../arm-none-eabi/lib/armv6-m\libc.a(lib_a-findfp.o)
                0x08003940                __sfp_lock_acquire
 .text.__sfp_lock_release
                0x08003944        0x4 c:/program files (x86)/gnu tools arm embedded/5.4 2016q3/bin/../lib/gcc/arm-none-eabi/5.4.1/../../../../arm-none-eabi/lib/armv6-m\libc.a(lib_a-findfp.o)
                0x08003944                __sfp_lock_release
 .text._malloc_trim_r
                0x08003948       0xa0 c:/program files (x86)/gnu tools arm embedded/5.4 2016q3/bin/../lib/gcc/arm-none-eabi/5.4.1/../../../../arm-none-eabi/lib/armv6-m\libc.a(lib_a-freer.o)
                0x08003948                _malloc_trim_r
 .text._free_r  0x080039e8      0x1c4 c:/program files (x86)/gnu tools arm embedded/5.4 2016q3/bin/../lib/gcc/arm-none-eabi/5.4.1/../../../../arm-none-eabi/lib/armv6-m\libc.a(lib_a-freer.o)
                0x080039e8                _free_r
 .text.__sfvwrite_r
                0x08003bac      0x31c c:/program files (x86)/gnu tools arm embedded/5.4 2016q3/bin/../lib/gcc/arm-none-eabi/5.4.1/../../../../arm-none-eabi/lib/armv6-m\libc.a(lib_a-fvwrite.o)
                0x08003bac                __sfvwrite_r
 .text._fwalk_reent
                0x08003ec8       0x4c c:/program files (x86)/gnu tools arm embedded/5.4 2016q3/bin/../lib/gcc/arm-none-eabi/5.4.1/../../../../arm-none-eabi/lib/armv6-m\libc.a(lib_a-fwalk.o)
                0x08003ec8                _fwalk_reent
 .text._localeconv_r
                0x08003f14       0x1c c:/program files (x86)/gnu tools arm embedded/5.4 2016q3/bin/../lib/gcc/arm-none-eabi/5.4.1/../../../../arm-none-eabi/lib/armv6-m\libc.a(lib_a-localeconv.o)
                0x08003f14                _localeconv_r
 .text.__swhatbuf_r
                0x08003f30       0x60 c:/program files (x86)/gnu tools arm embedded/5.4 2016q3/bin/../lib/gcc/arm-none-eabi/5.4.1/../../../../arm-none-eabi/lib/armv6-m\libc.a(lib_a-makebuf.o)
                0x08003f30                __swhatbuf_r
 .text.__smakebuf_r
                0x08003f90       0x88 c:/program files (x86)/gnu tools arm embedded/5.4 2016q3/bin/../lib/gcc/arm-none-eabi/5.4.1/../../../../arm-none-eabi/lib/armv6-m\libc.a(lib_a-makebuf.o)
                0x08003f90                __smakebuf_r
 .text._malloc_r
                0x08004018      0x554 c:/program files (x86)/gnu tools arm embedded/5.4 2016q3/bin/../lib/gcc/arm-none-eabi/5.4.1/../../../../arm-none-eabi/lib/armv6-m\libc.a(lib_a-mallocr.o)
                0x08004018                _malloc_r
 .text.memchr   0x0800456c       0x90 c:/program files (x86)/gnu tools arm embedded/5.4 2016q3/bin/../lib/gcc/arm-none-eabi/5.4.1/../../../../arm-none-eabi/lib/armv6-m\libc.a(lib_a-memchr-stub.o)
                0x0800456c                memchr
 .text.memcpy   0x080045fc       0x7c c:/program files (x86)/gnu tools arm embedded/5.4 2016q3/bin/../lib/gcc/arm-none-eabi/5.4.1/../../../../arm-none-eabi/lib/armv6-m\libc.a(lib_a-memcpy-stub.o)
                0x080045fc                memcpy
 .text.memmove  0x08004678       0x98 c:/program files (x86)/gnu tools arm embedded/5.4 2016q3/bin/../lib/gcc/arm-none-eabi/5.4.1/../../../../arm-none-eabi/lib/armv6-m\libc.a(lib_a-memmove.o)
                0x08004678                memmove
 .text.memset   0x08004710       0x8c c:/program files (x86)/gnu tools arm embedded/5.4 2016q3/bin/../lib/gcc/arm-none-eabi/5.4.1/../../../../arm-none-eabi/lib/armv6-m\libc.a(lib_a-memset.o)
                0x08004710                memset
 .text.__malloc_lock
                0x0800479c        0x4 c:/program files (x86)/gnu tools arm embedded/5.4 2016q3/bin/../lib/gcc/arm-none-eabi/5.4.1/../../../../arm-none-eabi/lib/armv6-m\libc.a(lib_a-mlock.o)
                0x0800479c                __malloc_lock
 .text.__malloc_unlock
                0x080047a0        0x4 c:/program files (x86)/gnu tools arm embedded/5.4 2016q3/bin/../lib/gcc/arm-none-eabi/5.4.1/../../../../arm-none-eabi/lib/armv6-m\libc.a(lib_a-mlock.o)
                0x080047a0                __malloc_unlock
 .text._Balloc  0x080047a4       0x50 c:/program files (x86)/gnu tools arm embedded/5.4 2016q3/bin/../lib/gcc/arm-none-eabi/5.4.1/../../../../arm-none-eabi/lib/armv6-m\libc.a(lib_a-mprec.o)
                0x080047a4                _Balloc
 .text._Bfree   0x080047f4       0x14 c:/program files (x86)/gnu tools arm embedded/5.4 2016q3/bin/../lib/gcc/arm-none-eabi/5.4.1/../../../../arm-none-eabi/lib/armv6-m\libc.a(lib_a-mprec.o)
                0x080047f4                _Bfree
 .text.__multadd
                0x08004808       0x8c c:/program files (x86)/gnu tools arm embedded/5.4 2016q3/bin/../lib/gcc/arm-none-eabi/5.4.1/../../../../arm-none-eabi/lib/armv6-m\libc.a(lib_a-mprec.o)
                0x08004808                __multadd
 .text.__hi0bits
                0x08004894       0x3c c:/program files (x86)/gnu tools arm embedded/5.4 2016q3/bin/../lib/gcc/arm-none-eabi/5.4.1/../../../../arm-none-eabi/lib/armv6-m\libc.a(lib_a-mprec.o)
                0x08004894                __hi0bits
 .text.__lo0bits
                0x080048d0       0x5c c:/program files (x86)/gnu tools arm embedded/5.4 2016q3/bin/../lib/gcc/arm-none-eabi/5.4.1/../../../../arm-none-eabi/lib/armv6-m\libc.a(lib_a-mprec.o)
                0x080048d0                __lo0bits
 .text.__i2b    0x0800492c       0x14 c:/program files (x86)/gnu tools arm embedded/5.4 2016q3/bin/../lib/gcc/arm-none-eabi/5.4.1/../../../../arm-none-eabi/lib/armv6-m\libc.a(lib_a-mprec.o)
                0x0800492c                __i2b
 .text.__multiply
                0x08004940      0x15c c:/program files (x86)/gnu tools arm embedded/5.4 2016q3/bin/../lib/gcc/arm-none-eabi/5.4.1/../../../../arm-none-eabi/lib/armv6-m\libc.a(lib_a-mprec.o)
                0x08004940                __multiply
 .text.__pow5mult
                0x08004a9c       0xbc c:/program files (x86)/gnu tools arm embedded/5.4 2016q3/bin/../lib/gcc/arm-none-eabi/5.4.1/../../../../arm-none-eabi/lib/armv6-m\libc.a(lib_a-mprec.o)
                0x08004a9c                __pow5mult
 .text.__lshift
                0x08004b58       0xc0 c:/program files (x86)/gnu tools arm embedded/5.4 2016q3/bin/../lib/gcc/arm-none-eabi/5.4.1/../../../../arm-none-eabi/lib/armv6-m\libc.a(lib_a-mprec.o)
                0x08004b58                __lshift
 .text.__mcmp   0x08004c18       0x3c c:/program files (x86)/gnu tools arm embedded/5.4 2016q3/bin/../lib/gcc/arm-none-eabi/5.4.1/../../../../arm-none-eabi/lib/armv6-m\libc.a(lib_a-mprec.o)
                0x08004c18                __mcmp
 .text.__mdiff  0x08004c54      0x11c c:/program files (x86)/gnu tools arm embedded/5.4 2016q3/bin/../lib/gcc/arm-none-eabi/5.4.1/../../../../arm-none-eabi/lib/armv6-m\libc.a(lib_a-mprec.o)
                0x08004c54                __mdiff
 .text.__d2b    0x08004d70       0xbc c:/program files (x86)/gnu tools arm embedded/5.4 2016q3/bin/../lib/gcc/arm-none-eabi/5.4.1/../../../../arm-none-eabi/lib/armv6-m\libc.a(lib_a-mprec.o)
                0x08004d70                __d2b
 .text._realloc_r
                0x08004e2c      0x3dc c:/program files (x86)/gnu tools arm embedded/5.4 2016q3/bin/../lib/gcc/arm-none-eabi/5.4.1/../../../../arm-none-eabi/lib/armv6-m\libc.a(lib_a-reallocr.o)
                0x08004e2c                _realloc_r
 .text._sbrk_r  0x08005208       0x24 c:/program files (x86)/gnu tools arm embedded/5.4 2016q3/bin/../lib/gcc/arm-none-eabi/5.4.1/../../../../arm-none-eabi/lib/armv6-m\libc.a(lib_a-sbrkr.o)
                0x08005208                _sbrk_r
 .text.__sread  0x0800522c       0x28 c:/program files (x86)/gnu tools arm embedded/5.4 2016q3/bin/../lib/gcc/arm-none-eabi/5.4.1/../../../../arm-none-eabi/lib/armv6-m\libc.a(lib_a-stdio.o)
                0x0800522c                __sread
 .text.__swrite
                0x08005254       0x3c c:/program files (x86)/gnu tools arm embedded/5.4 2016q3/bin/../lib/gcc/arm-none-eabi/5.4.1/../../../../arm-none-eabi/lib/armv6-m\libc.a(lib_a-stdio.o)
                0x08005254                __swrite
 .text.__sseek  0x08005290       0x2c c:/program files (x86)/gnu tools arm embedded/5.4 2016q3/bin/../lib/gcc/arm-none-eabi/5.4.1/../../../../arm-none-eabi/lib/armv6-m\libc.a(lib_a-stdio.o)
                0x08005290                __sseek
 .text.__sclose
                0x080052bc        0xc c:/program files (x86)/gnu tools arm embedded/5.4 2016q3/bin/../lib/gcc/arm-none-eabi/5.4.1/../../../../arm-none-eabi/lib/armv6-m\libc.a(lib_a-stdio.o)
                0x080052bc                __sclose
 .text.__sprint_r.part.0
                0x080052c8       0x78 c:/program files (x86)/gnu tools arm embedded/5.4 2016q3/bin/../lib/gcc/arm-none-eabi/5.4.1/../../../../arm-none-eabi/lib/armv6-m\libc.a(lib_a-vfiprintf.o)
 .text.__sprint_r
                0x08005340       0x14 c:/program files (x86)/gnu tools arm embedded/5.4 2016q3/bin/../lib/gcc/arm-none-eabi/5.4.1/../../../../arm-none-eabi/lib/armv6-m\libc.a(lib_a-vfiprintf.o)
                0x08005340                __sprint_r
 .text._write_r
                0x08005354       0x28 c:/program files (x86)/gnu tools arm embedded/5.4 2016q3/bin/../lib/gcc/arm-none-eabi/5.4.1/../../../../arm-none-eabi/lib/armv6-m\libc.a(lib_a-writer.o)
                0x08005354                _write_r
 .text._calloc_r
                0x0800537c       0x60 c:/program files (x86)/gnu tools arm embedded/5.4 2016q3/bin/../lib/gcc/arm-none-eabi/5.4.1/../../../../arm-none-eabi/lib/armv6-m\libc.a(lib_a-callocr.o)
                0x0800537c                _calloc_r
 .text._close_r
                0x080053dc       0x24 c:/program files (x86)/gnu tools arm embedded/5.4 2016q3/bin/../lib/gcc/arm-none-eabi/5.4.1/../../../../arm-none-eabi/lib/armv6-m\libc.a(lib_a-closer.o)
                0x080053dc                _close_r
 .text._fclose_r
                0x08005400       0x8c c:/program files (x86)/gnu tools arm embedded/5.4 2016q3/bin/../lib/gcc/arm-none-eabi/5.4.1/../../../../arm-none-eabi/lib/armv6-m\libc.a(lib_a-fclose.o)
                0x08005400                _fclose_r
 .text.__fputwc
                0x0800548c       0x98 c:/program files (x86)/gnu tools arm embedded/5.4 2016q3/bin/../lib/gcc/arm-none-eabi/5.4.1/../../../../arm-none-eabi/lib/armv6-m\libc.a(lib_a-fputwc.o)
                0x0800548c                __fputwc
 .text._fputwc_r
                0x08005524       0x20 c:/program files (x86)/gnu tools arm embedded/5.4 2016q3/bin/../lib/gcc/arm-none-eabi/5.4.1/../../../../arm-none-eabi/lib/armv6-m\libc.a(lib_a-fputwc.o)
                0x08005524                _fputwc_r
 .text._fstat_r
                0x08005544       0x28 c:/program files (x86)/gnu tools arm embedded/5.4 2016q3/bin/../lib/gcc/arm-none-eabi/5.4.1/../../../../arm-none-eabi/lib/armv6-m\libc.a(lib_a-fstatr.o)
                0x08005544                _fstat_r
 .text._isatty_r
                0x0800556c       0x24 c:/program files (x86)/gnu tools arm embedded/5.4 2016q3/bin/../lib/gcc/arm-none-eabi/5.4.1/../../../../arm-none-eabi/lib/armv6-m\libc.a(lib_a-isattyr.o)
                0x0800556c                _isatty_r
 .text.__locale_mb_cur_max
                0x08005590       0x20 c:/program files (x86)/gnu tools arm embedded/5.4 2016q3/bin/../lib/gcc/arm-none-eabi/5.4.1/../../../../arm-none-eabi/lib/armv6-m\libc.a(lib_a-locale.o)
                0x08005590                __locale_mb_cur_max
 .text._lseek_r
                0x080055b0       0x28 c:/program files (x86)/gnu tools arm embedded/5.4 2016q3/bin/../lib/gcc/arm-none-eabi/5.4.1/../../../../arm-none-eabi/lib/armv6-m\libc.a(lib_a-lseekr.o)
                0x080055b0                _lseek_r
 .text.__ascii_mbtowc
                0x080055d8       0x2c c:/program files (x86)/gnu tools arm embedded/5.4 2016q3/bin/../lib/gcc/arm-none-eabi/5.4.1/../../../../arm-none-eabi/lib/armv6-m\libc.a(lib_a-mbtowc_r.o)
                0x080055d8                __ascii_mbtowc
 .text._read_r  0x08005604       0x28 c:/program files (x86)/gnu tools arm embedded/5.4 2016q3/bin/../lib/gcc/arm-none-eabi/5.4.1/../../../../arm-none-eabi/lib/armv6-m\libc.a(lib_a-readr.o)
                0x08005604                _read_r
 .text._wcrtomb_r
                0x0800562c       0x54 c:/program files (x86)/gnu tools arm embedded/5.4 2016q3/bin/../lib/gcc/arm-none-eabi/5.4.1/../../../../arm-none-eabi/lib/armv6-m\libc.a(lib_a-wcrtomb.o)
                0x0800562c                _wcrtomb_r
 .text.__ascii_wctomb
                0x08005680       0x1c c:/program files (x86)/gnu tools arm embedded/5.4 2016q3/bin/../lib/gcc/arm-none-eabi/5.4.1/../../../../arm-none-eabi/lib/armv6-m\libc.a(lib_a-wctomb_r.o)
                0x08005680                __ascii_wctomb
 .text          0x0800569c       0x14 c:/program files (x86)/gnu tools arm embedded/5.4 2016q3/bin/../lib/gcc/arm-none-eabi/5.4.1/armv6-m\libgcc.a(_thumb1_case_uqi.o)
                0x0800569c                __gnu_thumb1_case_uqi
 .text          0x080056b0      0x114 c:/program files (x86)/gnu tools arm embedded/5.4 2016q3/bin/../lib/gcc/arm-none-eabi/5.4.1/armv6-m\libgcc.a(_udivsi3.o)
                0x080056b0                __aeabi_uidiv
                0x080056b0                __udivsi3
                0x080057bc                __aeabi_uidivmod
 .text          0x080057c4      0x1d4 c:/program files (x86)/gnu tools arm embedded/5.4 2016q3/bin/../lib/gcc/arm-none-eabi/5.4.1/armv6-m\libgcc.a(_divsi3.o)
                0x080057c4                __divsi3
                0x080057c4                __aeabi_idiv
                0x08005990                __aeabi_idivmod
 .text          0x08005998        0x4 c:/program files (x86)/gnu tools arm embedded/5.4 2016q3/bin/../lib/gcc/arm-none-eabi/5.4.1/armv6-m\libgcc.a(_dvmd_tls.o)
                0x08005998                __aeabi_idiv0
                0x08005998                __aeabi_ldiv0
 .text          0x0800599c       0x7c c:/program files (x86)/gnu tools arm embedded/5.4 2016q3/bin/../lib/gcc/arm-none-eabi/5.4.1/armv6-m\libgcc.a(_arm_cmpdf2.o)
                0x0800599c                __aeabi_cdrcmple
                0x080059ac                __aeabi_cdcmple
                0x080059ac                __aeabi_cdcmpeq
                0x080059bc                __aeabi_dcmpeq
                0x080059c8                __aeabi_dcmplt
                0x080059dc                __aeabi_dcmple
                0x080059f0                __aeabi_dcmpgt
                0x08005a04                __aeabi_dcmpge
 .text          0x08005a18       0x40 c:/program files (x86)/gnu tools arm embedded/5.4 2016q3/bin/../lib/gcc/arm-none-eabi/5.4.1/armv6-m\libgcc.a(_aeabi_uldivmod.o)
                0x08005a18                __aeabi_uldivmod
 .text          0x08005a58      0x180 c:/program files (x86)/gnu tools arm embedded/5.4 2016q3/bin/../lib/gcc/arm-none-eabi/5.4.1/armv6-m\libgcc.a(_udivmoddi4.o)
                0x08005a58                __udivmoddi4
 .text          0x08005bd8      0x658 c:/program files (x86)/gnu tools arm embedded/5.4 2016q3/bin/../lib/gcc/arm-none-eabi/5.4.1/armv6-m\libgcc.a(adddf3.o)
                0x08005bd8                __aeabi_dadd
 .text          0x08006230      0x62c c:/program files (x86)/gnu tools arm embedded/5.4 2016q3/bin/../lib/gcc/arm-none-eabi/5.4.1/armv6-m\libgcc.a(divdf3.o)
                0x08006230                __aeabi_ddiv
 .text          0x0800685c       0x80 c:/program files (x86)/gnu tools arm embedded/5.4 2016q3/bin/../lib/gcc/arm-none-eabi/5.4.1/armv6-m\libgcc.a(eqdf2.o)
                0x0800685c                __nedf2
                0x0800685c                __eqdf2
 .text          0x080068dc       0xc8 c:/program files (x86)/gnu tools arm embedded/5.4 2016q3/bin/../lib/gcc/arm-none-eabi/5.4.1/armv6-m\libgcc.a(gedf2.o)
                0x080068dc                __gedf2
                0x080068dc                __gtdf2
 .text          0x080069a4       0xd4 c:/program files (x86)/gnu tools arm embedded/5.4 2016q3/bin/../lib/gcc/arm-none-eabi/5.4.1/armv6-m\libgcc.a(ledf2.o)
                0x080069a4                __ledf2
                0x080069a4                __ltdf2
 .text          0x08006a78      0x4f4 c:/program files (x86)/gnu tools arm embedded/5.4 2016q3/bin/../lib/gcc/arm-none-eabi/5.4.1/armv6-m\libgcc.a(muldf3.o)
                0x08006a78                __aeabi_dmul
 .text          0x08006f6c      0x6a8 c:/program files (x86)/gnu tools arm embedded/5.4 2016q3/bin/../lib/gcc/arm-none-eabi/5.4.1/armv6-m\libgcc.a(subdf3.o)
                0x08006f6c                __aeabi_dsub
 .text          0x08007614       0x40 c:/program files (x86)/gnu tools arm embedded/5.4 2016q3/bin/../lib/gcc/arm-none-eabi/5.4.1/armv6-m\libgcc.a(unorddf2.o)
                0x08007614                __aeabi_dcmpun
 .text          0x08007654       0x6c c:/program files (x86)/gnu tools arm embedded/5.4 2016q3/bin/../lib/gcc/arm-none-eabi/5.4.1/armv6-m\libgcc.a(fixdfsi.o)
                0x08007654                __aeabi_d2iz
 .text          0x080076c0       0x84 c:/program files (x86)/gnu tools arm embedded/5.4 2016q3/bin/../lib/gcc/arm-none-eabi/5.4.1/armv6-m\libgcc.a(floatsidf.o)
                0x080076c0                __aeabi_i2d
 .text          0x08007744       0x70 c:/program files (x86)/gnu tools arm embedded/5.4 2016q3/bin/../lib/gcc/arm-none-eabi/5.4.1/armv6-m\libgcc.a(floatunsidf.o)
                0x08007744                __aeabi_ui2d
 .text          0x080077b4      0xa3c c:/program files (x86)/gnu tools arm embedded/5.4 2016q3/bin/../lib/gcc/arm-none-eabi/5.4.1/armv6-m\libgcc.a(unwind-arm.o)
                0x08007a8c                _Unwind_GetCFA
                0x08007a90                __gnu_Unwind_RaiseException
                0x08007ae4                __gnu_Unwind_ForcedUnwind
                0x08007af8                __gnu_Unwind_Resume
                0x08007b40                __gnu_Unwind_Resume_or_Rethrow
                0x08007b5c                _Unwind_Complete
                0x08007b60                _Unwind_DeleteException
                0x08007b70                _Unwind_VRS_Get
                0x08007bbc                _Unwind_VRS_Set
                0x08007c08                __gnu_Unwind_Backtrace
                0x08007f68                __aeabi_unwind_cpp_pr0
                0x08007f74                __aeabi_unwind_cpp_pr1
                0x08007f80                __aeabi_unwind_cpp_pr2
                0x08007f8c                _Unwind_VRS_Pop
 .text          0x080081f0      0x144 c:/program files (x86)/gnu tools arm embedded/5.4 2016q3/bin/../lib/gcc/arm-none-eabi/5.4.1/armv6-m\libgcc.a(libunwind.o)
                0x080081f0                __restore_core_regs
                0x080081f0                restore_core_regs
                0x0800821c                __gnu_Unwind_Restore_VFP
                0x08008220                __gnu_Unwind_Save_VFP
                0x08008224                __gnu_Unwind_Restore_VFP_D
                0x08008228                __gnu_Unwind_Save_VFP_D
                0x0800822c                __gnu_Unwind_Restore_VFP_D_16_to_31
                0x08008230                __gnu_Unwind_Save_VFP_D_16_to_31
                0x08008234                __gnu_Unwind_Restore_WMMXD
                0x08008238                __gnu_Unwind_Save_WMMXD
                0x0800823c                __gnu_Unwind_Restore_WMMXC
                0x08008240                __gnu_Unwind_Save_WMMXC
                0x08008244                ___Unwind_RaiseException
                0x08008244                _Unwind_RaiseException
                0x08008274                _Unwind_Resume
                0x08008274                ___Unwind_Resume
                0x080082a4                _Unwind_Resume_or_Rethrow
                0x080082a4                ___Unwind_Resume_or_Rethrow
                0x080082d4                _Unwind_ForcedUnwind
                0x080082d4                ___Unwind_ForcedUnwind
                0x08008304                ___Unwind_Backtrace
                0x08008304                _Unwind_Backtrace
 .text          0x08008334      0x3b0 c:/program files (x86)/gnu tools arm embedded/5.4 2016q3/bin/../lib/gcc/arm-none-eabi/5.4.1/armv6-m\libgcc.a(pr-support.o)
                0x08008388                __gnu_unwind_execute
                0x0800868c                __gnu_unwind_frame
                0x080086b4                _Unwind_GetRegionStart
                0x080086c0                _Unwind_GetLanguageSpecificData
                0x080086d4                _Unwind_GetTextRelBase
                0x080086dc                _Unwind_GetDataRelBase
 .text          0x080086e4       0x3c c:/program files (x86)/gnu tools arm embedded/5.4 2016q3/bin/../lib/gcc/arm-none-eabi/5.4.1/armv6-m\libgcc.a(_clzsi2.o)
                0x080086e4                __clzsi2
 .text          0x08008720       0x18 c:/program files (x86)/gnu tools arm embedded/5.4 2016q3/bin/../lib/gcc/arm-none-eabi/5.4.1/armv6-m\libgcc.a(_clzdi2.o)
                0x08008720                __clzdi2
 .text._close   0x08008738       0x10 c:/program files (x86)/gnu tools arm embedded/5.4 2016q3/bin/../lib/gcc/arm-none-eabi/5.4.1/../../../../arm-none-eabi/lib/armv6-m\libnosys.a(close.o)
                0x08008738                _close
 .text._fstat   0x08008748       0x10 c:/program files (x86)/gnu tools arm embedded/5.4 2016q3/bin/../lib/gcc/arm-none-eabi/5.4.1/../../../../arm-none-eabi/lib/armv6-m\libnosys.a(fstat.o)
                0x08008748                _fstat
 .text._isatty  0x08008758       0x10 c:/program files (x86)/gnu tools arm embedded/5.4 2016q3/bin/../lib/gcc/arm-none-eabi/5.4.1/../../../../arm-none-eabi/lib/armv6-m\libnosys.a(isatty.o)
                0x08008758                _isatty
 .text._lseek   0x08008768       0x10 c:/program files (x86)/gnu tools arm embedded/5.4 2016q3/bin/../lib/gcc/arm-none-eabi/5.4.1/../../../../arm-none-eabi/lib/armv6-m\libnosys.a(lseek.o)
                0x08008768                _lseek
 .text._read    0x08008778       0x10 c:/program files (x86)/gnu tools arm embedded/5.4 2016q3/bin/../lib/gcc/arm-none-eabi/5.4.1/../../../../arm-none-eabi/lib/armv6-m\libnosys.a(read.o)
                0x08008778                _read
 .text._sbrk    0x08008788       0x1c c:/program files (x86)/gnu tools arm embedded/5.4 2016q3/bin/../lib/gcc/arm-none-eabi/5.4.1/../../../../arm-none-eabi/lib/armv6-m\libnosys.a(sbrk.o)
                0x08008788                _sbrk
 .text.abort    0x080087a4       0x10 c:/program files (x86)/gnu tools arm embedded/5.4 2016q3/bin/../lib/gcc/arm-none-eabi/5.4.1/../../../../arm-none-eabi/lib/armv6-m\libc.a(lib_a-abort.o)
                0x080087a4                abort
 .text._raise_r
                0x080087b4       0x5c c:/program files (x86)/gnu tools arm embedded/5.4 2016q3/bin/../lib/gcc/arm-none-eabi/5.4.1/../../../../arm-none-eabi/lib/armv6-m\libc.a(lib_a-signal.o)
                0x080087b4                _raise_r
 .text.raise    0x08008810       0x14 c:/program files (x86)/gnu tools arm embedded/5.4 2016q3/bin/../lib/gcc/arm-none-eabi/5.4.1/../../../../arm-none-eabi/lib/armv6-m\libc.a(lib_a-signal.o)
                0x08008810                raise
 .text._kill_r  0x08008824       0x28 c:/program files (x86)/gnu tools arm embedded/5.4 2016q3/bin/../lib/gcc/arm-none-eabi/5.4.1/../../../../arm-none-eabi/lib/armv6-m\libc.a(lib_a-signalr.o)
                0x08008824                _kill_r
 .text._getpid_r
                0x0800884c        0x8 c:/program files (x86)/gnu tools arm embedded/5.4 2016q3/bin/../lib/gcc/arm-none-eabi/5.4.1/../../../../arm-none-eabi/lib/armv6-m\libc.a(lib_a-signalr.o)
                0x0800884c                _getpid_r
 .text._getpid  0x08008854       0x10 c:/program files (x86)/gnu tools arm embedded/5.4 2016q3/bin/../lib/gcc/arm-none-eabi/5.4.1/../../../../arm-none-eabi/lib/armv6-m\libnosys.a(getpid.o)
                0x08008854                _getpid
 .text._kill    0x08008864       0x10 c:/program files (x86)/gnu tools arm embedded/5.4 2016q3/bin/../lib/gcc/arm-none-eabi/5.4.1/../../../../arm-none-eabi/lib/armv6-m\libnosys.a(kill.o)
                0x08008864                _kill
 .text._exit    0x08008874        0x4 c:/program files (x86)/gnu tools arm embedded/5.4 2016q3/bin/../lib/gcc/arm-none-eabi/5.4.1/../../../../arm-none-eabi/lib/armv6-m\libnosys.a(_exit.o)
                0x08008874                _exit
                0x08008878                . = ALIGN (0x4)
 *(.rodata*)
 .rodata._ZL10configRegs
                0x08008878       0x29 radio.o
 .rodata.str1.1
                0x080088a1       0xd1 radio.o
                                 0xd2 (size before relaxing)
 *fill*         0x08008972        0x2 
 .rodata.rcc_hsi16_3v3
                0x08008974       0x18 ../libopencm3/lib\libopencm3_stm32l0.a(rcc.o)
                0x08008974                rcc_hsi16_3v3
 .rodata.str1.4
                0x0800898c        0x2 c:/program files (x86)/gnu tools arm embedded/5.4 2016q3/bin/../lib/gcc/arm-none-eabi/5.4.1/../../../../arm-none-eabi/lib/armv6-m\libc.a(lib_a-puts.o)
 *fill*         0x0800898e        0x2 
 .rodata._vfprintf_r
                0x08008990      0x164 c:/program files (x86)/gnu tools arm embedded/5.4 2016q3/bin/../lib/gcc/arm-none-eabi/5.4.1/../../../../arm-none-eabi/lib/armv6-m\libc.a(lib_a-vfprintf.o)
 .rodata.zeroes.7271
                0x08008af4       0x10 c:/program files (x86)/gnu tools arm embedded/5.4 2016q3/bin/../lib/gcc/arm-none-eabi/5.4.1/../../../../arm-none-eabi/lib/armv6-m\libc.a(lib_a-vfprintf.o)
 .rodata.str1.4
                0x08008b04       0x42 c:/program files (x86)/gnu tools arm embedded/5.4 2016q3/bin/../lib/gcc/arm-none-eabi/5.4.1/../../../../arm-none-eabi/lib/armv6-m\libc.a(lib_a-vfprintf.o)
 *fill*         0x08008b46        0x2 
 .rodata.blanks.7270
                0x08008b48       0x10 c:/program files (x86)/gnu tools arm embedded/5.4 2016q3/bin/../lib/gcc/arm-none-eabi/5.4.1/../../../../arm-none-eabi/lib/armv6-m\libc.a(lib_a-vfprintf.o)
 .rodata.str1.4
                0x08008b58       0x10 c:/program files (x86)/gnu tools arm embedded/5.4 2016q3/bin/../lib/gcc/arm-none-eabi/5.4.1/../../../../arm-none-eabi/lib/armv6-m\libc.a(lib_a-dtoa.o)
                                 0x12 (size before relaxing)
 .rodata.__mprec_tens
                0x08008b68       0xc8 c:/program files (x86)/gnu tools arm embedded/5.4 2016q3/bin/../lib/gcc/arm-none-eabi/5.4.1/../../../../arm-none-eabi/lib/armv6-m\libc.a(lib_a-mprec.o)
                0x08008b68                __mprec_tens
 .rodata.p05.6085
                0x08008c30        0xc c:/program files (x86)/gnu tools arm embedded/5.4 2016q3/bin/../lib/gcc/arm-none-eabi/5.4.1/../../../../arm-none-eabi/lib/armv6-m\libc.a(lib_a-mprec.o)
 *fill*         0x08008c3c        0x4 
 .rodata.__mprec_bigtens
                0x08008c40       0x28 c:/program files (x86)/gnu tools arm embedded/5.4 2016q3/bin/../lib/gcc/arm-none-eabi/5.4.1/../../../../arm-none-eabi/lib/armv6-m\libc.a(lib_a-mprec.o)
                0x08008c40                __mprec_bigtens
 .rodata.str1.4
                0x08008c68       0x10 c:/program files (x86)/gnu tools arm embedded/5.4 2016q3/bin/../lib/gcc/arm-none-eabi/5.4.1/../../../../arm-none-eabi/lib/armv6-m\libc.a(lib_a-locale.o)
                                 0x12 (size before relaxing)
 .rodata._ctype_
                0x08008c78      0x101 c:/program files (x86)/gnu tools arm embedded/5.4 2016q3/bin/../lib/gcc/arm-none-eabi/5.4.1/../../../../arm-none-eabi/lib/armv6-m\libc.a(lib_a-ctype_.o)
                0x08008c78                _ctype_
 *fill*         0x08008d79        0x3 
 .rodata        0x08008d7c       0x40 c:/program files (x86)/gnu tools arm embedded/5.4 2016q3/bin/../lib/gcc/arm-none-eabi/5.4.1/armv6-m\libgcc.a(divdf3.o)
 .rodata        0x08008dbc       0x40 c:/program files (x86)/gnu tools arm embedded/5.4 2016q3/bin/../lib/gcc/arm-none-eabi/5.4.1/armv6-m\libgcc.a(muldf3.o)
                0x08008dfc                . = ALIGN (0x4)

.glue_7         0x08008dfc        0x0
 .glue_7        0x08008dfc        0x0 linker stubs

.glue_7t        0x08008dfc        0x0
 .glue_7t       0x08008dfc        0x0 linker stubs

.vfp11_veneer   0x08008dfc        0x0
 .vfp11_veneer  0x08008dfc        0x0 linker stubs

.v4_bx          0x08008dfc        0x0
 .v4_bx         0x08008dfc        0x0 linker stubs

.iplt           0x08008dfc        0x0
 .iplt          0x08008dfc        0x0 main.o

.preinit_array  0x08008dfc        0x0
                0x08008dfc                . = ALIGN (0x4)
                0x08008dfc                __preinit_array_start = .
 *(.preinit_array)
                0x08008dfc                __preinit_array_end = .

.init_array     0x08008dfc        0x0
                0x08008dfc                . = ALIGN (0x4)
                0x08008dfc                __init_array_start = .
 *(SORT(.init_array.*))
 *(.init_array)
                0x08008dfc                __init_array_end = .

.fini_array     0x08008dfc        0x0
                0x08008dfc                . = ALIGN (0x4)
                0x08008dfc                __fini_array_start = .
 *(.fini_array)
 *(SORT(.fini_array.*))
                0x08008dfc                __fini_array_end = .

.ARM.extab      0x08008dfc       0x3c
 *(.ARM.extab*)
 .ARM.extab.text._ZN6SpiDev6masterEi
                0x08008dfc        0x0 radio.o
 .ARM.extab.text._ZN6SpiDev5rwRegEhh
                0x08008dfc        0x0 radio.o
 .ARM.extab.text._Z5setupv
                0x08008dfc        0xc radio.o
 .ARM.extab.text._ZN4RF69I6SpiDevE7setModeEh
                0x08008e08        0x0 radio.o
 .ARM.extab.text._ZN4RF69I6SpiDevE7receiveEPvi
                0x08008e08        0x0 radio.o
 .ARM.extab     0x08008e08       0x24 c:/program files (x86)/gnu tools arm embedded/5.4 2016q3/bin/../lib/gcc/arm-none-eabi/5.4.1/armv6-m\libgcc.a(unwind-arm.o)
 .ARM.extab     0x08008e2c        0xc c:/program files (x86)/gnu tools arm embedded/5.4 2016q3/bin/../lib/gcc/arm-none-eabi/5.4.1/armv6-m\libgcc.a(pr-support.o)

.ARM.exidx      0x08008e38      0x128
                0x08008e38                __exidx_start = .
 *(.ARM.exidx*)
 .ARM.exidx.text._write
                0x08008e38        0x8 main.o
 .ARM.exidx.text._Z11serial_getcv
                0x08008e40        0x8 main.o
 .ARM.exidx.text.sys_tick_handler
                0x08008e48        0x8 main.o
 .ARM.exidx.text.startup.main
                0x08008e50        0x8 main.o
 .ARM.exidx.text._ZN6SpiDev6masterEi
                0x08008e58        0x8 radio.o
 .ARM.exidx.text._ZN6SpiDev5rwRegEhh
                0x08008e60        0x8 radio.o
 .ARM.exidx.text._ZN4RF69I6SpiDevE9configureEPKh.isra.3.constprop.5
                0x08008e68        0x8 radio.o
 .ARM.exidx.text._ZN4RF69I6SpiDevE7readRegEh.isra.1
                0x08008e70        0x8 radio.o
 .ARM.exidx.text._Z5setupv
                0x08008e78        0x8 radio.o
 .ARM.exidx.text._ZN4RF69I6SpiDevE7setModeEh
                0x08008e80        0x8 radio.o
 .ARM.exidx.text._ZN4RF69I6SpiDevE7receiveEPvi
                0x08008e88        0x8 radio.o
 .ARM.exidx.text._Z4loopv
                0x08008e90       0x10 radio.o
                                  0x8 (size before relaxing)
 .ARM.exidx     0x08008ea0        0x0 c:/program files (x86)/gnu tools arm embedded/5.4 2016q3/bin/../lib/gcc/arm-none-eabi/5.4.1/armv6-m\libgcc.a(_udivmoddi4.o)
                                  0x8 (size before relaxing)
 .ARM.exidx     0x08008ea0       0x90 c:/program files (x86)/gnu tools arm embedded/5.4 2016q3/bin/../lib/gcc/arm-none-eabi/5.4.1/armv6-m\libgcc.a(unwind-arm.o)
                                 0xd8 (size before relaxing)
 .ARM.exidx     0x08008f30       0x30 c:/program files (x86)/gnu tools arm embedded/5.4 2016q3/bin/../lib/gcc/arm-none-eabi/5.4.1/armv6-m\libgcc.a(pr-support.o)
                                 0x48 (size before relaxing)
                0x08008f60                __exidx_end = .

.rel.dyn        0x08008f60        0x0
 .rel.iplt      0x08008f60        0x0 main.o
                0x08008f60                . = ALIGN (0x4)
                0x08008f60                _etext = .

.data           0x20000000      0x9b8 load address 0x08008f60
                0x20000000                _data = .
 *(.data*)
 .data.rcc_ahb_frequency
                0x20000000        0x4 ../libopencm3/lib\libopencm3_stm32l0.a(rcc.o)
                0x20000000                rcc_ahb_frequency
 .data.rcc_apb1_frequency
                0x20000004        0x4 ../libopencm3/lib\libopencm3_stm32l0.a(rcc.o)
                0x20000004                rcc_apb1_frequency
 .data.rcc_apb2_frequency
                0x20000008        0x4 ../libopencm3/lib\libopencm3_stm32l0.a(rcc.o)
                0x20000008                rcc_apb2_frequency
 *fill*         0x2000000c        0x4 
 .data.impure_data
                0x20000010      0x428 c:/program files (x86)/gnu tools arm embedded/5.4 2016q3/bin/../lib/gcc/arm-none-eabi/5.4.1/../../../../arm-none-eabi/lib/armv6-m\libc.a(lib_a-impure.o)
 .data._impure_ptr
                0x20000438        0x4 c:/program files (x86)/gnu tools arm embedded/5.4 2016q3/bin/../lib/gcc/arm-none-eabi/5.4.1/../../../../arm-none-eabi/lib/armv6-m\libc.a(lib_a-impure.o)
                0x20000438                _impure_ptr
 .data.__malloc_av_
                0x2000043c      0x408 c:/program files (x86)/gnu tools arm embedded/5.4 2016q3/bin/../lib/gcc/arm-none-eabi/5.4.1/../../../../arm-none-eabi/lib/armv6-m\libc.a(lib_a-mallocr.o)
                0x2000043c                __malloc_av_
 .data.__malloc_trim_threshold
                0x20000844        0x4 c:/program files (x86)/gnu tools arm embedded/5.4 2016q3/bin/../lib/gcc/arm-none-eabi/5.4.1/../../../../arm-none-eabi/lib/armv6-m\libc.a(lib_a-mallocr.o)
                0x20000844                __malloc_trim_threshold
 .data.__malloc_sbrk_base
                0x20000848        0x4 c:/program files (x86)/gnu tools arm embedded/5.4 2016q3/bin/../lib/gcc/arm-none-eabi/5.4.1/../../../../arm-none-eabi/lib/armv6-m\libc.a(lib_a-mallocr.o)
                0x20000848                __malloc_sbrk_base
 .data.__global_locale
                0x2000084c      0x16c c:/program files (x86)/gnu tools arm embedded/5.4 2016q3/bin/../lib/gcc/arm-none-eabi/5.4.1/../../../../arm-none-eabi/lib/armv6-m\libc.a(lib_a-locale.o)
                0x2000084c                __global_locale
                0x200009b8                . = ALIGN (0x4)
                0x200009b8                _edata = .
                0x08008f60                _data_loadaddr = LOADADDR (.data)

.igot.plt       0x200009b8        0x0 load address 0x08009918
 .igot.plt      0x200009b8        0x0 main.o

.bss            0x200009b8       0xcc load address 0x08009918
 *(.bss*)
 .bss._ZL5ticks
                0x200009b8        0x4 main.o
 .bss._ZZN4RF69I6SpiDevE7receiveEPviE8lastFlag
                0x200009bc        0x1 radio.o
                0x200009bc                RF69<SpiDev>::receive(void*, int)::lastFlag
 .bss.rxBuf     0x200009bd       0x40 radio.o
                0x200009bd                rxBuf
 *fill*         0x200009fd        0x1 
 .bss.rf        0x200009fe        0x8 radio.o
                0x200009fe                rf
 .bss.txBuf     0x20000a06       0x3e radio.o
                0x20000a06                txBuf
 .bss.txCnt     0x20000a44        0x2 radio.o
                0x20000a44                txCnt
 *fill*         0x20000a46        0x2 
 .bss.__malloc_max_total_mem
                0x20000a48        0x4 c:/program files (x86)/gnu tools arm embedded/5.4 2016q3/bin/../lib/gcc/arm-none-eabi/5.4.1/../../../../arm-none-eabi/lib/armv6-m\libc.a(lib_a-mallocr.o)
                0x20000a48                __malloc_max_total_mem
 .bss.__malloc_max_sbrked_mem
                0x20000a4c        0x4 c:/program files (x86)/gnu tools arm embedded/5.4 2016q3/bin/../lib/gcc/arm-none-eabi/5.4.1/../../../../arm-none-eabi/lib/armv6-m\libc.a(lib_a-mallocr.o)
                0x20000a4c                __malloc_max_sbrked_mem
 .bss.__malloc_top_pad
                0x20000a50        0x4 c:/program files (x86)/gnu tools arm embedded/5.4 2016q3/bin/../lib/gcc/arm-none-eabi/5.4.1/../../../../arm-none-eabi/lib/armv6-m\libc.a(lib_a-mallocr.o)
                0x20000a50                __malloc_top_pad
 .bss.__malloc_current_mallinfo
                0x20000a54       0x28 c:/program files (x86)/gnu tools arm embedded/5.4 2016q3/bin/../lib/gcc/arm-none-eabi/5.4.1/../../../../arm-none-eabi/lib/armv6-m\libc.a(lib_a-mallocr.o)
                0x20000a54                __malloc_current_mallinfo
 .bss.heap_end.4167
                0x20000a7c        0x4 c:/program files (x86)/gnu tools arm embedded/5.4 2016q3/bin/../lib/gcc/arm-none-eabi/5.4.1/../../../../arm-none-eabi/lib/armv6-m\libnosys.a(sbrk.o)
 *(COMMON)
 COMMON         0x20000a80        0x4 c:/program files (x86)/gnu tools arm embedded/5.4 2016q3/bin/../lib/gcc/arm-none-eabi/5.4.1/../../../../arm-none-eabi/lib/armv6-m\libc.a(lib_a-reent.o)
                0x20000a80                errno
                0x20000a84                . = ALIGN (0x4)
                0x20000a84                _ebss = .

/DISCARD/
 *(.eh_frame)
                0x20000a84                . = ALIGN (0x4)
                0x20000a84                end = .
                0x20002000                PROVIDE (_stack, (ORIGIN (ram) + LENGTH (ram)))
OUTPUT(radio.elf elf32-littlearm)

.debug_info     0x00000000     0x4e2b
 .debug_info    0x00000000      0x7cc main.o
 .debug_info    0x000007cc     0x1dc8 radio.o
 .debug_info    0x00002594      0x8e9 ../libopencm3/lib\libopencm3_stm32l0.a(rcc.o)
 .debug_info    0x00002e7d      0x8f8 ../libopencm3/lib\libopencm3_stm32l0.a(spi_common_all.o)
 .debug_info    0x00003775      0x22c ../libopencm3/lib\libopencm3_stm32l0.a(gpio_common_all.o)
 .debug_info    0x000039a1      0x1f5 ../libopencm3/lib\libopencm3_stm32l0.a(gpio_common_f0234.o)
 .debug_info    0x00003b96      0x55c ../libopencm3/lib\libopencm3_stm32l0.a(rcc_common_all.o)
 .debug_info    0x000040f2      0x251 ../libopencm3/lib\libopencm3_stm32l0.a(flash_common_l01.o)
 .debug_info    0x00004343       0xe1 ../libopencm3/lib\libopencm3_stm32l0.a(usart.o)
 .debug_info    0x00004424      0x54d ../libopencm3/lib\libopencm3_stm32l0.a(usart_common_l0f0.o)
 .debug_info    0x00004971      0x2a7 ../libopencm3/lib\libopencm3_stm32l0.a(vector.o)
 .debug_info    0x00004c18      0x213 ../libopencm3/lib\libopencm3_stm32l0.a(systick.o)

.debug_abbrev   0x00000000     0x1340
 .debug_abbrev  0x00000000      0x1f5 main.o
 .debug_abbrev  0x000001f5      0x54a radio.o
 .debug_abbrev  0x0000073f      0x23f ../libopencm3/lib\libopencm3_stm32l0.a(rcc.o)
 .debug_abbrev  0x0000097e      0x198 ../libopencm3/lib\libopencm3_stm32l0.a(spi_common_all.o)
 .debug_abbrev  0x00000b16      0x10e ../libopencm3/lib\libopencm3_stm32l0.a(gpio_common_all.o)
 .debug_abbrev  0x00000c24       0xb7 ../libopencm3/lib\libopencm3_stm32l0.a(gpio_common_f0234.o)
 .debug_abbrev  0x00000cdb      0x105 ../libopencm3/lib\libopencm3_stm32l0.a(rcc_common_all.o)
 .debug_abbrev  0x00000de0       0xbc ../libopencm3/lib\libopencm3_stm32l0.a(flash_common_l01.o)
 .debug_abbrev  0x00000e9c       0x83 ../libopencm3/lib\libopencm3_stm32l0.a(usart.o)
 .debug_abbrev  0x00000f1f      0x193 ../libopencm3/lib\libopencm3_stm32l0.a(usart_common_l0f0.o)
 .debug_abbrev  0x000010b2      0x146 ../libopencm3/lib\libopencm3_stm32l0.a(vector.o)
 .debug_abbrev  0x000011f8      0x148 ../libopencm3/lib\libopencm3_stm32l0.a(systick.o)

.debug_loc      0x00000000     0x142b
 .debug_loc     0x00000000      0x108 main.o
 .debug_loc     0x00000108      0x6d1 radio.o
 .debug_loc     0x000007d9      0x334 ../libopencm3/lib\libopencm3_stm32l0.a(rcc.o)
 .debug_loc     0x00000b0d      0x133 ../libopencm3/lib\libopencm3_stm32l0.a(spi_common_all.o)
 .debug_loc     0x00000c40       0x97 ../libopencm3/lib\libopencm3_stm32l0.a(gpio_common_all.o)
 .debug_loc     0x00000cd7      0x173 ../libopencm3/lib\libopencm3_stm32l0.a(gpio_common_f0234.o)
 .debug_loc     0x00000e4a       0xe7 ../libopencm3/lib\libopencm3_stm32l0.a(rcc_common_all.o)
 .debug_loc     0x00000f31      0x13a ../libopencm3/lib\libopencm3_stm32l0.a(flash_common_l01.o)
 .debug_loc     0x0000106b       0x60 ../libopencm3/lib\libopencm3_stm32l0.a(usart.o)
 .debug_loc     0x000010cb      0x1e0 ../libopencm3/lib\libopencm3_stm32l0.a(usart_common_l0f0.o)
 .debug_loc     0x000012ab       0xdc ../libopencm3/lib\libopencm3_stm32l0.a(vector.o)
 .debug_loc     0x00001387       0xa4 ../libopencm3/lib\libopencm3_stm32l0.a(systick.o)

.debug_aranges  0x00000000      0x628
 .debug_aranges
                0x00000000       0x40 main.o
 .debug_aranges
                0x00000040       0x58 radio.o
 .debug_aranges
                0x00000098      0x118 ../libopencm3/lib\libopencm3_stm32l0.a(rcc.o)
 .debug_aranges
                0x000001b0      0x178 ../libopencm3/lib\libopencm3_stm32l0.a(spi_common_all.o)
 .debug_aranges
                0x00000328       0x50 ../libopencm3/lib\libopencm3_stm32l0.a(gpio_common_all.o)
 .debug_aranges
                0x00000378       0x30 ../libopencm3/lib\libopencm3_stm32l0.a(gpio_common_f0234.o)
 .debug_aranges
                0x000003a8       0x58 ../libopencm3/lib\libopencm3_stm32l0.a(rcc_common_all.o)
 .debug_aranges
                0x00000400       0x80 ../libopencm3/lib\libopencm3_stm32l0.a(flash_common_l01.o)
 .debug_aranges
                0x00000480       0x20 ../libopencm3/lib\libopencm3_stm32l0.a(usart.o)
 .debug_aranges
                0x000004a0       0xe0 ../libopencm3/lib\libopencm3_stm32l0.a(usart_common_l0f0.o)
 .debug_aranges
                0x00000580       0x30 ../libopencm3/lib\libopencm3_stm32l0.a(vector.o)
 .debug_aranges
                0x000005b0       0x78 ../libopencm3/lib\libopencm3_stm32l0.a(systick.o)

.debug_ranges   0x00000000      0x638
 .debug_ranges  0x00000000       0x48 main.o
 .debug_ranges  0x00000048       0xa8 radio.o
 .debug_ranges  0x000000f0      0x108 ../libopencm3/lib\libopencm3_stm32l0.a(rcc.o)
 .debug_ranges  0x000001f8      0x168 ../libopencm3/lib\libopencm3_stm32l0.a(spi_common_all.o)
 .debug_ranges  0x00000360       0x40 ../libopencm3/lib\libopencm3_stm32l0.a(gpio_common_all.o)
 .debug_ranges  0x000003a0       0x20 ../libopencm3/lib\libopencm3_stm32l0.a(gpio_common_f0234.o)
 .debug_ranges  0x000003c0       0x48 ../libopencm3/lib\libopencm3_stm32l0.a(rcc_common_all.o)
 .debug_ranges  0x00000408       0x70 ../libopencm3/lib\libopencm3_stm32l0.a(flash_common_l01.o)
 .debug_ranges  0x00000478       0x10 ../libopencm3/lib\libopencm3_stm32l0.a(usart.o)
 .debug_ranges  0x00000488      0x108 ../libopencm3/lib\libopencm3_stm32l0.a(usart_common_l0f0.o)
 .debug_ranges  0x00000590       0x20 ../libopencm3/lib\libopencm3_stm32l0.a(vector.o)
 .debug_ranges  0x000005b0       0x88 ../libopencm3/lib\libopencm3_stm32l0.a(systick.o)

.debug_line     0x00000000     0x325a
 .debug_line    0x00000000      0x275 main.o
 .debug_line    0x00000275      0x437 radio.o
 .debug_line    0x000006ac      0x637 ../libopencm3/lib\libopencm3_stm32l0.a(rcc.o)
 .debug_line    0x00000ce3      0x6df ../libopencm3/lib\libopencm3_stm32l0.a(spi_common_all.o)
 .debug_line    0x000013c2      0x3b5 ../libopencm3/lib\libopencm3_stm32l0.a(gpio_common_all.o)
 .debug_line    0x00001777      0x3ab ../libopencm3/lib\libopencm3_stm32l0.a(gpio_common_f0234.o)
 .debug_line    0x00001b22      0x395 ../libopencm3/lib\libopencm3_stm32l0.a(rcc_common_all.o)
 .debug_line    0x00001eb7      0x45d ../libopencm3/lib\libopencm3_stm32l0.a(flash_common_l01.o)
 .debug_line    0x00002314      0x33e ../libopencm3/lib\libopencm3_stm32l0.a(usart.o)
 .debug_line    0x00002652      0x53b ../libopencm3/lib\libopencm3_stm32l0.a(usart_common_l0f0.o)
 .debug_line    0x00002b8d      0x388 ../libopencm3/lib\libopencm3_stm32l0.a(vector.o)
 .debug_line    0x00002f15      0x345 ../libopencm3/lib\libopencm3_stm32l0.a(systick.o)

.debug_str      0x00000000     0xdc91
 .debug_str     0x00000000      0x64d main.o
                                0x73b (size before relaxing)
 .debug_str     0x0000064d      0x8d5 radio.o
                                0xe68 (size before relaxing)
 .debug_str     0x00000f22     0x70c0 ../libopencm3/lib\libopencm3_stm32l0.a(rcc.o)
                               0x7310 (size before relaxing)
 .debug_str     0x00007fe2     0x13a3 ../libopencm3/lib\libopencm3_stm32l0.a(spi_common_all.o)
                               0x76f9 (size before relaxing)
 .debug_str     0x00009385     0x14ef ../libopencm3/lib\libopencm3_stm32l0.a(gpio_common_all.o)
                               0x5478 (size before relaxing)
 .debug_str     0x0000a874       0x61 ../libopencm3/lib\libopencm3_stm32l0.a(gpio_common_f0234.o)
                               0x549a (size before relaxing)
 .debug_str     0x0000a8d5      0x102 ../libopencm3/lib\libopencm3_stm32l0.a(rcc_common_all.o)
                               0x6863 (size before relaxing)
 .debug_str     0x0000a9d7      0x11f ../libopencm3/lib\libopencm3_stm32l0.a(flash_common_l01.o)
                               0x4bee (size before relaxing)
 .debug_str     0x0000aaf6     0x1a27 ../libopencm3/lib\libopencm3_stm32l0.a(usart.o)
                               0x7d0a (size before relaxing)
 .debug_str     0x0000c51d      0x1aa ../libopencm3/lib\libopencm3_stm32l0.a(usart_common_l0f0.o)
                               0x5bda (size before relaxing)
 .debug_str     0x0000c6c7     0x12e4 ../libopencm3/lib\libopencm3_stm32l0.a(vector.o)
                               0x49a7 (size before relaxing)
 .debug_str     0x0000d9ab      0x2e6 ../libopencm3/lib\libopencm3_stm32l0.a(systick.o)
                               0x3a14 (size before relaxing)

.comment        0x00000000       0x6e
 .comment       0x00000000       0x6e main.o
                                 0x6f (size before relaxing)
 .comment       0x0000006e       0x6f radio.o
 .comment       0x0000006e       0x6f ../libopencm3/lib\libopencm3_stm32l0.a(rcc.o)
 .comment       0x0000006e       0x6f ../libopencm3/lib\libopencm3_stm32l0.a(spi_common_all.o)
 .comment       0x0000006e       0x6f ../libopencm3/lib\libopencm3_stm32l0.a(gpio_common_all.o)
 .comment       0x0000006e       0x6f ../libopencm3/lib\libopencm3_stm32l0.a(gpio_common_f0234.o)
 .comment       0x0000006e       0x6f ../libopencm3/lib\libopencm3_stm32l0.a(rcc_common_all.o)
 .comment       0x0000006e       0x6f ../libopencm3/lib\libopencm3_stm32l0.a(flash_common_l01.o)
 .comment       0x0000006e       0x6f ../libopencm3/lib\libopencm3_stm32l0.a(usart.o)
 .comment       0x0000006e       0x6f ../libopencm3/lib\libopencm3_stm32l0.a(usart_common_l0f0.o)
 .comment       0x0000006e       0x6f ../libopencm3/lib\libopencm3_stm32l0.a(vector.o)
 .comment       0x0000006e       0x6f ../libopencm3/lib\libopencm3_stm32l0.a(systick.o)

.ARM.attributes
                0x00000000       0x30
 .ARM.attributes
                0x00000000       0x32 main.o
 .ARM.attributes
                0x00000032       0x32 radio.o
 .ARM.attributes
                0x00000064       0x32 ../libopencm3/lib\libopencm3_stm32l0.a(rcc.o)
 .ARM.attributes
                0x00000096       0x32 ../libopencm3/lib\libopencm3_stm32l0.a(spi_common_all.o)
 .ARM.attributes
                0x000000c8       0x32 ../libopencm3/lib\libopencm3_stm32l0.a(gpio_common_all.o)
 .ARM.attributes
                0x000000fa       0x32 ../libopencm3/lib\libopencm3_stm32l0.a(gpio_common_f0234.o)
 .ARM.attributes
                0x0000012c       0x32 ../libopencm3/lib\libopencm3_stm32l0.a(rcc_common_all.o)
 .ARM.attributes
                0x0000015e       0x32 ../libopencm3/lib\libopencm3_stm32l0.a(flash_common_l01.o)
 .ARM.attributes
                0x00000190       0x32 ../libopencm3/lib\libopencm3_stm32l0.a(usart.o)
 .ARM.attributes
                0x000001c2       0x32 ../libopencm3/lib\libopencm3_stm32l0.a(usart_common_l0f0.o)
 .ARM.attributes
                0x000001f4       0x32 ../libopencm3/lib\libopencm3_stm32l0.a(vector.o)
 .ARM.attributes
                0x00000226       0x32 ../libopencm3/lib\libopencm3_stm32l0.a(systick.o)
 .ARM.attributes
                0x00000258       0x2c c:/program files (x86)/gnu tools arm embedded/5.4 2016q3/bin/../lib/gcc/arm-none-eabi/5.4.1/../../../../arm-none-eabi/lib/armv6-m\libc.a(lib_a-errno.o)
 .ARM.attributes
                0x00000284       0x2c c:/program files (x86)/gnu tools arm embedded/5.4 2016q3/bin/../lib/gcc/arm-none-eabi/5.4.1/../../../../arm-none-eabi/lib/armv6-m\libc.a(lib_a-impure.o)
 .ARM.attributes
                0x000002b0       0x2c c:/program files (x86)/gnu tools arm embedded/5.4 2016q3/bin/../lib/gcc/arm-none-eabi/5.4.1/../../../../arm-none-eabi/lib/armv6-m\libc.a(lib_a-printf.o)
 .ARM.attributes
                0x000002dc       0x2c c:/program files (x86)/gnu tools arm embedded/5.4 2016q3/bin/../lib/gcc/arm-none-eabi/5.4.1/../../../../arm-none-eabi/lib/armv6-m\libc.a(lib_a-puts.o)
 .ARM.attributes
                0x00000308       0x2c c:/program files (x86)/gnu tools arm embedded/5.4 2016q3/bin/../lib/gcc/arm-none-eabi/5.4.1/../../../../arm-none-eabi/lib/armv6-m\libc.a(lib_a-strlen-stub.o)
 .ARM.attributes
                0x00000334       0x2c c:/program files (x86)/gnu tools arm embedded/5.4 2016q3/bin/../lib/gcc/arm-none-eabi/5.4.1/../../../../arm-none-eabi/lib/armv6-m\libc.a(lib_a-vfprintf.o)
 .ARM.attributes
                0x00000360       0x2c c:/program files (x86)/gnu tools arm embedded/5.4 2016q3/bin/../lib/gcc/arm-none-eabi/5.4.1/../../../../arm-none-eabi/lib/armv6-m\libc.a(lib_a-wbuf.o)
 .ARM.attributes
                0x0000038c       0x2c c:/program files (x86)/gnu tools arm embedded/5.4 2016q3/bin/../lib/gcc/arm-none-eabi/5.4.1/../../../../arm-none-eabi/lib/armv6-m\libc.a(lib_a-wsetup.o)
 .ARM.attributes
                0x000003b8       0x2c c:/program files (x86)/gnu tools arm embedded/5.4 2016q3/bin/../lib/gcc/arm-none-eabi/5.4.1/../../../../arm-none-eabi/lib/armv6-m\libc.a(lib_a-dtoa.o)
 .ARM.attributes
                0x000003e4       0x2c c:/program files (x86)/gnu tools arm embedded/5.4 2016q3/bin/../lib/gcc/arm-none-eabi/5.4.1/../../../../arm-none-eabi/lib/armv6-m\libc.a(lib_a-fflush.o)
 .ARM.attributes
                0x00000410       0x2c c:/program files (x86)/gnu tools arm embedded/5.4 2016q3/bin/../lib/gcc/arm-none-eabi/5.4.1/../../../../arm-none-eabi/lib/armv6-m\libc.a(lib_a-findfp.o)
 .ARM.attributes
                0x0000043c       0x2c c:/program files (x86)/gnu tools arm embedded/5.4 2016q3/bin/../lib/gcc/arm-none-eabi/5.4.1/../../../../arm-none-eabi/lib/armv6-m\libc.a(lib_a-freer.o)
 .ARM.attributes
                0x00000468       0x2c c:/program files (x86)/gnu tools arm embedded/5.4 2016q3/bin/../lib/gcc/arm-none-eabi/5.4.1/../../../../arm-none-eabi/lib/armv6-m\libc.a(lib_a-fvwrite.o)
 .ARM.attributes
                0x00000494       0x2c c:/program files (x86)/gnu tools arm embedded/5.4 2016q3/bin/../lib/gcc/arm-none-eabi/5.4.1/../../../../arm-none-eabi/lib/armv6-m\libc.a(lib_a-fwalk.o)
 .ARM.attributes
                0x000004c0       0x2c c:/program files (x86)/gnu tools arm embedded/5.4 2016q3/bin/../lib/gcc/arm-none-eabi/5.4.1/../../../../arm-none-eabi/lib/armv6-m\libc.a(lib_a-localeconv.o)
 .ARM.attributes
                0x000004ec       0x2c c:/program files (x86)/gnu tools arm embedded/5.4 2016q3/bin/../lib/gcc/arm-none-eabi/5.4.1/../../../../arm-none-eabi/lib/armv6-m\libc.a(lib_a-makebuf.o)
 .ARM.attributes
                0x00000518       0x2c c:/program files (x86)/gnu tools arm embedded/5.4 2016q3/bin/../lib/gcc/arm-none-eabi/5.4.1/../../../../arm-none-eabi/lib/armv6-m\libc.a(lib_a-mallocr.o)
 .ARM.attributes
                0x00000544       0x2c c:/program files (x86)/gnu tools arm embedded/5.4 2016q3/bin/../lib/gcc/arm-none-eabi/5.4.1/../../../../arm-none-eabi/lib/armv6-m\libc.a(lib_a-memchr-stub.o)
 .ARM.attributes
                0x00000570       0x2c c:/program files (x86)/gnu tools arm embedded/5.4 2016q3/bin/../lib/gcc/arm-none-eabi/5.4.1/../../../../arm-none-eabi/lib/armv6-m\libc.a(lib_a-memcpy-stub.o)
 .ARM.attributes
                0x0000059c       0x2c c:/program files (x86)/gnu tools arm embedded/5.4 2016q3/bin/../lib/gcc/arm-none-eabi/5.4.1/../../../../arm-none-eabi/lib/armv6-m\libc.a(lib_a-memmove.o)
 .ARM.attributes
                0x000005c8       0x2c c:/program files (x86)/gnu tools arm embedded/5.4 2016q3/bin/../lib/gcc/arm-none-eabi/5.4.1/../../../../arm-none-eabi/lib/armv6-m\libc.a(lib_a-memset.o)
 .ARM.attributes
                0x000005f4       0x2c c:/program files (x86)/gnu tools arm embedded/5.4 2016q3/bin/../lib/gcc/arm-none-eabi/5.4.1/../../../../arm-none-eabi/lib/armv6-m\libc.a(lib_a-mlock.o)
 .ARM.attributes
                0x00000620       0x2c c:/program files (x86)/gnu tools arm embedded/5.4 2016q3/bin/../lib/gcc/arm-none-eabi/5.4.1/../../../../arm-none-eabi/lib/armv6-m\libc.a(lib_a-mprec.o)
 .ARM.attributes
                0x0000064c       0x2c c:/program files (x86)/gnu tools arm embedded/5.4 2016q3/bin/../lib/gcc/arm-none-eabi/5.4.1/../../../../arm-none-eabi/lib/armv6-m\libc.a(lib_a-reallocr.o)
 .ARM.attributes
                0x00000678       0x2c c:/program files (x86)/gnu tools arm embedded/5.4 2016q3/bin/../lib/gcc/arm-none-eabi/5.4.1/../../../../arm-none-eabi/lib/armv6-m\libc.a(lib_a-sbrkr.o)
 .ARM.attributes
                0x000006a4       0x2c c:/program files (x86)/gnu tools arm embedded/5.4 2016q3/bin/../lib/gcc/arm-none-eabi/5.4.1/../../../../arm-none-eabi/lib/armv6-m\libc.a(lib_a-stdio.o)
 .ARM.attributes
                0x000006d0       0x2c c:/program files (x86)/gnu tools arm embedded/5.4 2016q3/bin/../lib/gcc/arm-none-eabi/5.4.1/../../../../arm-none-eabi/lib/armv6-m\libc.a(lib_a-vfiprintf.o)
 .ARM.attributes
                0x000006fc       0x2c c:/program files (x86)/gnu tools arm embedded/5.4 2016q3/bin/../lib/gcc/arm-none-eabi/5.4.1/../../../../arm-none-eabi/lib/armv6-m\libc.a(lib_a-writer.o)
 .ARM.attributes
                0x00000728       0x2c c:/program files (x86)/gnu tools arm embedded/5.4 2016q3/bin/../lib/gcc/arm-none-eabi/5.4.1/../../../../arm-none-eabi/lib/armv6-m\libc.a(lib_a-callocr.o)
 .ARM.attributes
                0x00000754       0x2c c:/program files (x86)/gnu tools arm embedded/5.4 2016q3/bin/../lib/gcc/arm-none-eabi/5.4.1/../../../../arm-none-eabi/lib/armv6-m\libc.a(lib_a-closer.o)
 .ARM.attributes
                0x00000780       0x2c c:/program files (x86)/gnu tools arm embedded/5.4 2016q3/bin/../lib/gcc/arm-none-eabi/5.4.1/../../../../arm-none-eabi/lib/armv6-m\libc.a(lib_a-fclose.o)
 .ARM.attributes
                0x000007ac       0x2c c:/program files (x86)/gnu tools arm embedded/5.4 2016q3/bin/../lib/gcc/arm-none-eabi/5.4.1/../../../../arm-none-eabi/lib/armv6-m\libc.a(lib_a-fputwc.o)
 .ARM.attributes
                0x000007d8       0x2c c:/program files (x86)/gnu tools arm embedded/5.4 2016q3/bin/../lib/gcc/arm-none-eabi/5.4.1/../../../../arm-none-eabi/lib/armv6-m\libc.a(lib_a-fstatr.o)
 .ARM.attributes
                0x00000804       0x2c c:/program files (x86)/gnu tools arm embedded/5.4 2016q3/bin/../lib/gcc/arm-none-eabi/5.4.1/../../../../arm-none-eabi/lib/armv6-m\libc.a(lib_a-isattyr.o)
 .ARM.attributes
                0x00000830       0x2c c:/program files (x86)/gnu tools arm embedded/5.4 2016q3/bin/../lib/gcc/arm-none-eabi/5.4.1/../../../../arm-none-eabi/lib/armv6-m\libc.a(lib_a-locale.o)
 .ARM.attributes
                0x0000085c       0x2c c:/program files (x86)/gnu tools arm embedded/5.4 2016q3/bin/../lib/gcc/arm-none-eabi/5.4.1/../../../../arm-none-eabi/lib/armv6-m\libc.a(lib_a-lseekr.o)
 .ARM.attributes
                0x00000888       0x2c c:/program files (x86)/gnu tools arm embedded/5.4 2016q3/bin/../lib/gcc/arm-none-eabi/5.4.1/../../../../arm-none-eabi/lib/armv6-m\libc.a(lib_a-mbtowc_r.o)
 .ARM.attributes
                0x000008b4       0x2c c:/program files (x86)/gnu tools arm embedded/5.4 2016q3/bin/../lib/gcc/arm-none-eabi/5.4.1/../../../../arm-none-eabi/lib/armv6-m\libc.a(lib_a-readr.o)
 .ARM.attributes
                0x000008e0       0x2c c:/program files (x86)/gnu tools arm embedded/5.4 2016q3/bin/../lib/gcc/arm-none-eabi/5.4.1/../../../../arm-none-eabi/lib/armv6-m\libc.a(lib_a-reent.o)
 .ARM.attributes
                0x0000090c       0x2c c:/program files (x86)/gnu tools arm embedded/5.4 2016q3/bin/../lib/gcc/arm-none-eabi/5.4.1/../../../../arm-none-eabi/lib/armv6-m\libc.a(lib_a-wcrtomb.o)
 .ARM.attributes
                0x00000938       0x2c c:/program files (x86)/gnu tools arm embedded/5.4 2016q3/bin/../lib/gcc/arm-none-eabi/5.4.1/../../../../arm-none-eabi/lib/armv6-m\libc.a(lib_a-wctomb_r.o)
 .ARM.attributes
                0x00000964       0x2c c:/program files (x86)/gnu tools arm embedded/5.4 2016q3/bin/../lib/gcc/arm-none-eabi/5.4.1/../../../../arm-none-eabi/lib/armv6-m\libc.a(lib_a-ctype_.o)
 .ARM.attributes
                0x00000990       0x1e c:/program files (x86)/gnu tools arm embedded/5.4 2016q3/bin/../lib/gcc/arm-none-eabi/5.4.1/armv6-m\libgcc.a(_thumb1_case_uqi.o)
 .ARM.attributes
                0x000009ae       0x1e c:/program files (x86)/gnu tools arm embedded/5.4 2016q3/bin/../lib/gcc/arm-none-eabi/5.4.1/armv6-m\libgcc.a(_udivsi3.o)
 .ARM.attributes
                0x000009cc       0x1e c:/program files (x86)/gnu tools arm embedded/5.4 2016q3/bin/../lib/gcc/arm-none-eabi/5.4.1/armv6-m\libgcc.a(_divsi3.o)
 .ARM.attributes
                0x000009ea       0x1e c:/program files (x86)/gnu tools arm embedded/5.4 2016q3/bin/../lib/gcc/arm-none-eabi/5.4.1/armv6-m\libgcc.a(_dvmd_tls.o)
 .ARM.attributes
                0x00000a08       0x1e c:/program files (x86)/gnu tools arm embedded/5.4 2016q3/bin/../lib/gcc/arm-none-eabi/5.4.1/armv6-m\libgcc.a(_arm_cmpdf2.o)
 .ARM.attributes
                0x00000a26       0x1e c:/program files (x86)/gnu tools arm embedded/5.4 2016q3/bin/../lib/gcc/arm-none-eabi/5.4.1/armv6-m\libgcc.a(_aeabi_uldivmod.o)
 .ARM.attributes
                0x00000a44       0x2c c:/program files (x86)/gnu tools arm embedded/5.4 2016q3/bin/../lib/gcc/arm-none-eabi/5.4.1/armv6-m\libgcc.a(_udivmoddi4.o)
 .ARM.attributes
                0x00000a70       0x2c c:/program files (x86)/gnu tools arm embedded/5.4 2016q3/bin/../lib/gcc/arm-none-eabi/5.4.1/armv6-m\libgcc.a(adddf3.o)
 .ARM.attributes
                0x00000a9c       0x2c c:/program files (x86)/gnu tools arm embedded/5.4 2016q3/bin/../lib/gcc/arm-none-eabi/5.4.1/armv6-m\libgcc.a(divdf3.o)
 .ARM.attributes
                0x00000ac8       0x2c c:/program files (x86)/gnu tools arm embedded/5.4 2016q3/bin/../lib/gcc/arm-none-eabi/5.4.1/armv6-m\libgcc.a(eqdf2.o)
 .ARM.attributes
                0x00000af4       0x2c c:/program files (x86)/gnu tools arm embedded/5.4 2016q3/bin/../lib/gcc/arm-none-eabi/5.4.1/armv6-m\libgcc.a(gedf2.o)
 .ARM.attributes
                0x00000b20       0x2c c:/program files (x86)/gnu tools arm embedded/5.4 2016q3/bin/../lib/gcc/arm-none-eabi/5.4.1/armv6-m\libgcc.a(ledf2.o)
 .ARM.attributes
                0x00000b4c       0x2c c:/program files (x86)/gnu tools arm embedded/5.4 2016q3/bin/../lib/gcc/arm-none-eabi/5.4.1/armv6-m\libgcc.a(muldf3.o)
 .ARM.attributes
                0x00000b78       0x2c c:/program files (x86)/gnu tools arm embedded/5.4 2016q3/bin/../lib/gcc/arm-none-eabi/5.4.1/armv6-m\libgcc.a(subdf3.o)
 .ARM.attributes
                0x00000ba4       0x2c c:/program files (x86)/gnu tools arm embedded/5.4 2016q3/bin/../lib/gcc/arm-none-eabi/5.4.1/armv6-m\libgcc.a(unorddf2.o)
 .ARM.attributes
                0x00000bd0       0x2c c:/program files (x86)/gnu tools arm embedded/5.4 2016q3/bin/../lib/gcc/arm-none-eabi/5.4.1/armv6-m\libgcc.a(fixdfsi.o)
 .ARM.attributes
                0x00000bfc       0x2c c:/program files (x86)/gnu tools arm embedded/5.4 2016q3/bin/../lib/gcc/arm-none-eabi/5.4.1/armv6-m\libgcc.a(floatsidf.o)
 .ARM.attributes
                0x00000c28       0x2c c:/program files (x86)/gnu tools arm embedded/5.4 2016q3/bin/../lib/gcc/arm-none-eabi/5.4.1/armv6-m\libgcc.a(floatunsidf.o)
 .ARM.attributes
                0x00000c54       0x2c c:/program files (x86)/gnu tools arm embedded/5.4 2016q3/bin/../lib/gcc/arm-none-eabi/5.4.1/armv6-m\libgcc.a(unwind-arm.o)
 .ARM.attributes
                0x00000c80       0x1e c:/program files (x86)/gnu tools arm embedded/5.4 2016q3/bin/../lib/gcc/arm-none-eabi/5.4.1/armv6-m\libgcc.a(libunwind.o)
 .ARM.attributes
                0x00000c9e       0x2c c:/program files (x86)/gnu tools arm embedded/5.4 2016q3/bin/../lib/gcc/arm-none-eabi/5.4.1/armv6-m\libgcc.a(pr-support.o)
 .ARM.attributes
                0x00000cca       0x1e c:/program files (x86)/gnu tools arm embedded/5.4 2016q3/bin/../lib/gcc/arm-none-eabi/5.4.1/armv6-m\libgcc.a(_clzsi2.o)
 .ARM.attributes
                0x00000ce8       0x1e c:/program files (x86)/gnu tools arm embedded/5.4 2016q3/bin/../lib/gcc/arm-none-eabi/5.4.1/armv6-m\libgcc.a(_clzdi2.o)
 .ARM.attributes
                0x00000d06       0x2c c:/program files (x86)/gnu tools arm embedded/5.4 2016q3/bin/../lib/gcc/arm-none-eabi/5.4.1/../../../../arm-none-eabi/lib/armv6-m\libnosys.a(close.o)
 .ARM.attributes
                0x00000d32       0x2c c:/program files (x86)/gnu tools arm embedded/5.4 2016q3/bin/../lib/gcc/arm-none-eabi/5.4.1/../../../../arm-none-eabi/lib/armv6-m\libnosys.a(fstat.o)
 .ARM.attributes
                0x00000d5e       0x2c c:/program files (x86)/gnu tools arm embedded/5.4 2016q3/bin/../lib/gcc/arm-none-eabi/5.4.1/../../../../arm-none-eabi/lib/armv6-m\libnosys.a(isatty.o)
 .ARM.attributes
                0x00000d8a       0x2c c:/program files (x86)/gnu tools arm embedded/5.4 2016q3/bin/../lib/gcc/arm-none-eabi/5.4.1/../../../../arm-none-eabi/lib/armv6-m\libnosys.a(lseek.o)
 .ARM.attributes
                0x00000db6       0x2c c:/program files (x86)/gnu tools arm embedded/5.4 2016q3/bin/../lib/gcc/arm-none-eabi/5.4.1/../../../../arm-none-eabi/lib/armv6-m\libnosys.a(read.o)
 .ARM.attributes
                0x00000de2       0x2c c:/program files (x86)/gnu tools arm embedded/5.4 2016q3/bin/../lib/gcc/arm-none-eabi/5.4.1/../../../../arm-none-eabi/lib/armv6-m\libnosys.a(sbrk.o)
 .ARM.attributes
                0x00000e0e       0x2c c:/program files (x86)/gnu tools arm embedded/5.4 2016q3/bin/../lib/gcc/arm-none-eabi/5.4.1/../../../../arm-none-eabi/lib/armv6-m\libc.a(lib_a-abort.o)
 .ARM.attributes
                0x00000e3a       0x2c c:/program files (x86)/gnu tools arm embedded/5.4 2016q3/bin/../lib/gcc/arm-none-eabi/5.4.1/../../../../arm-none-eabi/lib/armv6-m\libc.a(lib_a-signal.o)
 .ARM.attributes
                0x00000e66       0x2c c:/program files (x86)/gnu tools arm embedded/5.4 2016q3/bin/../lib/gcc/arm-none-eabi/5.4.1/../../../../arm-none-eabi/lib/armv6-m\libc.a(lib_a-signalr.o)
 .ARM.attributes
                0x00000e92       0x2c c:/program files (x86)/gnu tools arm embedded/5.4 2016q3/bin/../lib/gcc/arm-none-eabi/5.4.1/../../../../arm-none-eabi/lib/armv6-m\libnosys.a(getpid.o)
 .ARM.attributes
                0x00000ebe       0x2c c:/program files (x86)/gnu tools arm embedded/5.4 2016q3/bin/../lib/gcc/arm-none-eabi/5.4.1/../../../../arm-none-eabi/lib/armv6-m\libnosys.a(kill.o)
 .ARM.attributes
                0x00000eea       0x2c c:/program files (x86)/gnu tools arm embedded/5.4 2016q3/bin/../lib/gcc/arm-none-eabi/5.4.1/../../../../arm-none-eabi/lib/armv6-m\libnosys.a(_exit.o)

.debug_frame    0x00000000     0x2348
 .debug_frame   0x00000000       0x7c main.o
 .debug_frame   0x0000007c       0xf8 radio.o
 .debug_frame   0x00000174      0x270 ../libopencm3/lib\libopencm3_stm32l0.a(rcc.o)
 .debug_frame   0x000003e4      0x2e0 ../libopencm3/lib\libopencm3_stm32l0.a(spi_common_all.o)
 .debug_frame   0x000006c4       0x80 ../libopencm3/lib\libopencm3_stm32l0.a(gpio_common_all.o)
 .debug_frame   0x00000744       0x78 ../libopencm3/lib\libopencm3_stm32l0.a(gpio_common_f0234.o)
 .debug_frame   0x000007bc       0xb0 ../libopencm3/lib\libopencm3_stm32l0.a(rcc_common_all.o)
 .debug_frame   0x0000086c      0x10c ../libopencm3/lib\libopencm3_stm32l0.a(flash_common_l01.o)
 .debug_frame   0x00000978       0x28 ../libopencm3/lib\libopencm3_stm32l0.a(usart.o)
 .debug_frame   0x000009a0      0x1b4 ../libopencm3/lib\libopencm3_stm32l0.a(usart_common_l0f0.o)
 .debug_frame   0x00000b54       0x40 ../libopencm3/lib\libopencm3_stm32l0.a(vector.o)
 .debug_frame   0x00000b94       0xd8 ../libopencm3/lib\libopencm3_stm32l0.a(systick.o)
 .debug_frame   0x00000c6c       0x20 c:/program files (x86)/gnu tools arm embedded/5.4 2016q3/bin/../lib/gcc/arm-none-eabi/5.4.1/../../../../arm-none-eabi/lib/armv6-m\libc.a(lib_a-errno.o)
 .debug_frame   0x00000c8c       0x48 c:/program files (x86)/gnu tools arm embedded/5.4 2016q3/bin/../lib/gcc/arm-none-eabi/5.4.1/../../../../arm-none-eabi/lib/armv6-m\libc.a(lib_a-printf.o)
 .debug_frame   0x00000cd4       0x44 c:/program files (x86)/gnu tools arm embedded/5.4 2016q3/bin/../lib/gcc/arm-none-eabi/5.4.1/../../../../arm-none-eabi/lib/armv6-m\libc.a(lib_a-puts.o)
 .debug_frame   0x00000d18       0x28 c:/program files (x86)/gnu tools arm embedded/5.4 2016q3/bin/../lib/gcc/arm-none-eabi/5.4.1/../../../../arm-none-eabi/lib/armv6-m\libc.a(lib_a-strlen-stub.o)
 .debug_frame   0x00000d40       0x74 c:/program files (x86)/gnu tools arm embedded/5.4 2016q3/bin/../lib/gcc/arm-none-eabi/5.4.1/../../../../arm-none-eabi/lib/armv6-m\libc.a(lib_a-vfprintf.o)
 .debug_frame   0x00000db4       0x48 c:/program files (x86)/gnu tools arm embedded/5.4 2016q3/bin/../lib/gcc/arm-none-eabi/5.4.1/../../../../arm-none-eabi/lib/armv6-m\libc.a(lib_a-wbuf.o)
 .debug_frame   0x00000dfc       0x2c c:/program files (x86)/gnu tools arm embedded/5.4 2016q3/bin/../lib/gcc/arm-none-eabi/5.4.1/../../../../arm-none-eabi/lib/armv6-m\libc.a(lib_a-wsetup.o)
 .debug_frame   0x00000e28       0x68 c:/program files (x86)/gnu tools arm embedded/5.4 2016q3/bin/../lib/gcc/arm-none-eabi/5.4.1/../../../../arm-none-eabi/lib/armv6-m\libc.a(lib_a-dtoa.o)
 .debug_frame   0x00000e90       0x68 c:/program files (x86)/gnu tools arm embedded/5.4 2016q3/bin/../lib/gcc/arm-none-eabi/5.4.1/../../../../arm-none-eabi/lib/armv6-m\libc.a(lib_a-fflush.o)
 .debug_frame   0x00000ef8      0x14c c:/program files (x86)/gnu tools arm embedded/5.4 2016q3/bin/../lib/gcc/arm-none-eabi/5.4.1/../../../../arm-none-eabi/lib/armv6-m\libc.a(lib_a-findfp.o)
 .debug_frame   0x00001044       0x54 c:/program files (x86)/gnu tools arm embedded/5.4 2016q3/bin/../lib/gcc/arm-none-eabi/5.4.1/../../../../arm-none-eabi/lib/armv6-m\libc.a(lib_a-freer.o)
 .debug_frame   0x00001098       0x3c c:/program files (x86)/gnu tools arm embedded/5.4 2016q3/bin/../lib/gcc/arm-none-eabi/5.4.1/../../../../arm-none-eabi/lib/armv6-m\libc.a(lib_a-fvwrite.o)
 .debug_frame   0x000010d4       0x5c c:/program files (x86)/gnu tools arm embedded/5.4 2016q3/bin/../lib/gcc/arm-none-eabi/5.4.1/../../../../arm-none-eabi/lib/armv6-m\libc.a(lib_a-fwalk.o)
 .debug_frame   0x00001130       0x40 c:/program files (x86)/gnu tools arm embedded/5.4 2016q3/bin/../lib/gcc/arm-none-eabi/5.4.1/../../../../arm-none-eabi/lib/armv6-m\libc.a(lib_a-localeconv.o)
 .debug_frame   0x00001170       0x50 c:/program files (x86)/gnu tools arm embedded/5.4 2016q3/bin/../lib/gcc/arm-none-eabi/5.4.1/../../../../arm-none-eabi/lib/armv6-m\libc.a(lib_a-makebuf.o)
 .debug_frame   0x000011c0       0x3c c:/program files (x86)/gnu tools arm embedded/5.4 2016q3/bin/../lib/gcc/arm-none-eabi/5.4.1/../../../../arm-none-eabi/lib/armv6-m\libc.a(lib_a-mallocr.o)
 .debug_frame   0x000011fc       0x2c c:/program files (x86)/gnu tools arm embedded/5.4 2016q3/bin/../lib/gcc/arm-none-eabi/5.4.1/../../../../arm-none-eabi/lib/armv6-m\libc.a(lib_a-memchr-stub.o)
 .debug_frame   0x00001228       0x2c c:/program files (x86)/gnu tools arm embedded/5.4 2016q3/bin/../lib/gcc/arm-none-eabi/5.4.1/../../../../arm-none-eabi/lib/armv6-m\libc.a(lib_a-memcpy-stub.o)
 .debug_frame   0x00001254       0x2c c:/program files (x86)/gnu tools arm embedded/5.4 2016q3/bin/../lib/gcc/arm-none-eabi/5.4.1/../../../../arm-none-eabi/lib/armv6-m\libc.a(lib_a-memmove.o)
 .debug_frame   0x00001280       0x2c c:/program files (x86)/gnu tools arm embedded/5.4 2016q3/bin/../lib/gcc/arm-none-eabi/5.4.1/../../../../arm-none-eabi/lib/armv6-m\libc.a(lib_a-memset.o)
 .debug_frame   0x000012ac       0x30 c:/program files (x86)/gnu tools arm embedded/5.4 2016q3/bin/../lib/gcc/arm-none-eabi/5.4.1/../../../../arm-none-eabi/lib/armv6-m\libc.a(lib_a-mlock.o)
 .debug_frame   0x000012dc      0x258 c:/program files (x86)/gnu tools arm embedded/5.4 2016q3/bin/../lib/gcc/arm-none-eabi/5.4.1/../../../../arm-none-eabi/lib/armv6-m\libc.a(lib_a-mprec.o)
 .debug_frame   0x00001534       0x3c c:/program files (x86)/gnu tools arm embedded/5.4 2016q3/bin/../lib/gcc/arm-none-eabi/5.4.1/../../../../arm-none-eabi/lib/armv6-m\libc.a(lib_a-reallocr.o)
 .debug_frame   0x00001570       0x2c c:/program files (x86)/gnu tools arm embedded/5.4 2016q3/bin/../lib/gcc/arm-none-eabi/5.4.1/../../../../arm-none-eabi/lib/armv6-m\libc.a(lib_a-sbrkr.o)
 .debug_frame   0x0000159c       0x90 c:/program files (x86)/gnu tools arm embedded/5.4 2016q3/bin/../lib/gcc/arm-none-eabi/5.4.1/../../../../arm-none-eabi/lib/armv6-m\libc.a(lib_a-stdio.o)
 .debug_frame   0x0000162c       0xb4 c:/program files (x86)/gnu tools arm embedded/5.4 2016q3/bin/../lib/gcc/arm-none-eabi/5.4.1/../../../../arm-none-eabi/lib/armv6-m\libc.a(lib_a-vfiprintf.o)
 .debug_frame   0x000016e0       0x2c c:/program files (x86)/gnu tools arm embedded/5.4 2016q3/bin/../lib/gcc/arm-none-eabi/5.4.1/../../../../arm-none-eabi/lib/armv6-m\libc.a(lib_a-writer.o)
 .debug_frame   0x0000170c       0x28 c:/program files (x86)/gnu tools arm embedded/5.4 2016q3/bin/../lib/gcc/arm-none-eabi/5.4.1/../../../../arm-none-eabi/lib/armv6-m\libc.a(lib_a-callocr.o)
 .debug_frame   0x00001734       0x2c c:/program files (x86)/gnu tools arm embedded/5.4 2016q3/bin/../lib/gcc/arm-none-eabi/5.4.1/../../../../arm-none-eabi/lib/armv6-m\libc.a(lib_a-closer.o)
 .debug_frame   0x00001760       0x44 c:/program files (x86)/gnu tools arm embedded/5.4 2016q3/bin/../lib/gcc/arm-none-eabi/5.4.1/../../../../arm-none-eabi/lib/armv6-m\libc.a(lib_a-fclose.o)
 .debug_frame   0x000017a4       0x6c c:/program files (x86)/gnu tools arm embedded/5.4 2016q3/bin/../lib/gcc/arm-none-eabi/5.4.1/../../../../arm-none-eabi/lib/armv6-m\libc.a(lib_a-fputwc.o)
 .debug_frame   0x00001810       0x2c c:/program files (x86)/gnu tools arm embedded/5.4 2016q3/bin/../lib/gcc/arm-none-eabi/5.4.1/../../../../arm-none-eabi/lib/armv6-m\libc.a(lib_a-fstatr.o)
 .debug_frame   0x0000183c       0x2c c:/program files (x86)/gnu tools arm embedded/5.4 2016q3/bin/../lib/gcc/arm-none-eabi/5.4.1/../../../../arm-none-eabi/lib/armv6-m\libc.a(lib_a-isattyr.o)
 .debug_frame   0x00001868       0x8c c:/program files (x86)/gnu tools arm embedded/5.4 2016q3/bin/../lib/gcc/arm-none-eabi/5.4.1/../../../../arm-none-eabi/lib/armv6-m\libc.a(lib_a-locale.o)
 .debug_frame   0x000018f4       0x2c c:/program files (x86)/gnu tools arm embedded/5.4 2016q3/bin/../lib/gcc/arm-none-eabi/5.4.1/../../../../arm-none-eabi/lib/armv6-m\libc.a(lib_a-lseekr.o)
 .debug_frame   0x00001920       0x40 c:/program files (x86)/gnu tools arm embedded/5.4 2016q3/bin/../lib/gcc/arm-none-eabi/5.4.1/../../../../arm-none-eabi/lib/armv6-m\libc.a(lib_a-mbtowc_r.o)
 .debug_frame   0x00001960       0x2c c:/program files (x86)/gnu tools arm embedded/5.4 2016q3/bin/../lib/gcc/arm-none-eabi/5.4.1/../../../../arm-none-eabi/lib/armv6-m\libc.a(lib_a-readr.o)
 .debug_frame   0x0000198c       0x48 c:/program files (x86)/gnu tools arm embedded/5.4 2016q3/bin/../lib/gcc/arm-none-eabi/5.4.1/../../../../arm-none-eabi/lib/armv6-m\libc.a(lib_a-reent.o)
 .debug_frame   0x000019d4       0x50 c:/program files (x86)/gnu tools arm embedded/5.4 2016q3/bin/../lib/gcc/arm-none-eabi/5.4.1/../../../../arm-none-eabi/lib/armv6-m\libc.a(lib_a-wcrtomb.o)
 .debug_frame   0x00001a24       0x3c c:/program files (x86)/gnu tools arm embedded/5.4 2016q3/bin/../lib/gcc/arm-none-eabi/5.4.1/../../../../arm-none-eabi/lib/armv6-m\libc.a(lib_a-wctomb_r.o)
 .debug_frame   0x00001a60       0x20 c:/program files (x86)/gnu tools arm embedded/5.4 2016q3/bin/../lib/gcc/arm-none-eabi/5.4.1/armv6-m\libgcc.a(_udivsi3.o)
 .debug_frame   0x00001a80       0x20 c:/program files (x86)/gnu tools arm embedded/5.4 2016q3/bin/../lib/gcc/arm-none-eabi/5.4.1/armv6-m\libgcc.a(_divsi3.o)
 .debug_frame   0x00001aa0       0x3c c:/program files (x86)/gnu tools arm embedded/5.4 2016q3/bin/../lib/gcc/arm-none-eabi/5.4.1/armv6-m\libgcc.a(_udivmoddi4.o)
 .debug_frame   0x00001adc       0x3c c:/program files (x86)/gnu tools arm embedded/5.4 2016q3/bin/../lib/gcc/arm-none-eabi/5.4.1/armv6-m\libgcc.a(adddf3.o)
 .debug_frame   0x00001b18       0x3c c:/program files (x86)/gnu tools arm embedded/5.4 2016q3/bin/../lib/gcc/arm-none-eabi/5.4.1/armv6-m\libgcc.a(divdf3.o)
 .debug_frame   0x00001b54       0x38 c:/program files (x86)/gnu tools arm embedded/5.4 2016q3/bin/../lib/gcc/arm-none-eabi/5.4.1/armv6-m\libgcc.a(eqdf2.o)
 .debug_frame   0x00001b8c       0x38 c:/program files (x86)/gnu tools arm embedded/5.4 2016q3/bin/../lib/gcc/arm-none-eabi/5.4.1/armv6-m\libgcc.a(gedf2.o)
 .debug_frame   0x00001bc4       0x38 c:/program files (x86)/gnu tools arm embedded/5.4 2016q3/bin/../lib/gcc/arm-none-eabi/5.4.1/armv6-m\libgcc.a(ledf2.o)
 .debug_frame   0x00001bfc       0x3c c:/program files (x86)/gnu tools arm embedded/5.4 2016q3/bin/../lib/gcc/arm-none-eabi/5.4.1/armv6-m\libgcc.a(muldf3.o)
 .debug_frame   0x00001c38       0x38 c:/program files (x86)/gnu tools arm embedded/5.4 2016q3/bin/../lib/gcc/arm-none-eabi/5.4.1/armv6-m\libgcc.a(subdf3.o)
 .debug_frame   0x00001c70       0x2c c:/program files (x86)/gnu tools arm embedded/5.4 2016q3/bin/../lib/gcc/arm-none-eabi/5.4.1/armv6-m\libgcc.a(unorddf2.o)
 .debug_frame   0x00001c9c       0x2c c:/program files (x86)/gnu tools arm embedded/5.4 2016q3/bin/../lib/gcc/arm-none-eabi/5.4.1/armv6-m\libgcc.a(fixdfsi.o)
 .debug_frame   0x00001cc8       0x2c c:/program files (x86)/gnu tools arm embedded/5.4 2016q3/bin/../lib/gcc/arm-none-eabi/5.4.1/armv6-m\libgcc.a(floatsidf.o)
 .debug_frame   0x00001cf4       0x2c c:/program files (x86)/gnu tools arm embedded/5.4 2016q3/bin/../lib/gcc/arm-none-eabi/5.4.1/armv6-m\libgcc.a(floatunsidf.o)
 .debug_frame   0x00001d20      0x2c4 c:/program files (x86)/gnu tools arm embedded/5.4 2016q3/bin/../lib/gcc/arm-none-eabi/5.4.1/armv6-m\libgcc.a(unwind-arm.o)
 .debug_frame   0x00001fe4       0xf4 c:/program files (x86)/gnu tools arm embedded/5.4 2016q3/bin/../lib/gcc/arm-none-eabi/5.4.1/armv6-m\libgcc.a(pr-support.o)
 .debug_frame   0x000020d8       0x20 c:/program files (x86)/gnu tools arm embedded/5.4 2016q3/bin/../lib/gcc/arm-none-eabi/5.4.1/../../../../arm-none-eabi/lib/armv6-m\libnosys.a(close.o)
 .debug_frame   0x000020f8       0x20 c:/program files (x86)/gnu tools arm embedded/5.4 2016q3/bin/../lib/gcc/arm-none-eabi/5.4.1/../../../../arm-none-eabi/lib/armv6-m\libnosys.a(fstat.o)
 .debug_frame   0x00002118       0x20 c:/program files (x86)/gnu tools arm embedded/5.4 2016q3/bin/../lib/gcc/arm-none-eabi/5.4.1/../../../../arm-none-eabi/lib/armv6-m\libnosys.a(isatty.o)
 .debug_frame   0x00002138       0x20 c:/program files (x86)/gnu tools arm embedded/5.4 2016q3/bin/../lib/gcc/arm-none-eabi/5.4.1/../../../../arm-none-eabi/lib/armv6-m\libnosys.a(lseek.o)
 .debug_frame   0x00002158       0x20 c:/program files (x86)/gnu tools arm embedded/5.4 2016q3/bin/../lib/gcc/arm-none-eabi/5.4.1/../../../../arm-none-eabi/lib/armv6-m\libnosys.a(read.o)
 .debug_frame   0x00002178       0x20 c:/program files (x86)/gnu tools arm embedded/5.4 2016q3/bin/../lib/gcc/arm-none-eabi/5.4.1/../../../../arm-none-eabi/lib/armv6-m\libnosys.a(sbrk.o)
 .debug_frame   0x00002198       0x28 c:/program files (x86)/gnu tools arm embedded/5.4 2016q3/bin/../lib/gcc/arm-none-eabi/5.4.1/../../../../arm-none-eabi/lib/armv6-m\libc.a(lib_a-abort.o)
 .debug_frame   0x000021c0       0xe4 c:/program files (x86)/gnu tools arm embedded/5.4 2016q3/bin/../lib/gcc/arm-none-eabi/5.4.1/../../../../arm-none-eabi/lib/armv6-m\libc.a(lib_a-signal.o)
 .debug_frame   0x000022a4       0x44 c:/program files (x86)/gnu tools arm embedded/5.4 2016q3/bin/../lib/gcc/arm-none-eabi/5.4.1/../../../../arm-none-eabi/lib/armv6-m\libc.a(lib_a-signalr.o)
 .debug_frame   0x000022e8       0x20 c:/program files (x86)/gnu tools arm embedded/5.4 2016q3/bin/../lib/gcc/arm-none-eabi/5.4.1/../../../../arm-none-eabi/lib/armv6-m\libnosys.a(getpid.o)
 .debug_frame   0x00002308       0x20 c:/program files (x86)/gnu tools arm embedded/5.4 2016q3/bin/../lib/gcc/arm-none-eabi/5.4.1/../../../../arm-none-eabi/lib/armv6-m\libnosys.a(kill.o)
 .debug_frame   0x00002328       0x20 c:/program files (x86)/gnu tools arm embedded/5.4 2016q3/bin/../lib/gcc/arm-none-eabi/5.4.1/../../../../arm-none-eabi/lib/armv6-m\libnosys.a(_exit.o)

.debug_macro    0x00000000     0x3255
 .debug_macro   0x00000000       0xe0 ../libopencm3/lib\libopencm3_stm32l0.a(rcc.o)
 .debug_macro   0x000000e0      0x826 ../libopencm3/lib\libopencm3_stm32l0.a(rcc.o)
 .debug_macro   0x00000906       0x22 ../libopencm3/lib\libopencm3_stm32l0.a(rcc.o)
 .debug_macro   0x00000928       0x87 ../libopencm3/lib\libopencm3_stm32l0.a(rcc.o)
 .debug_macro   0x000009af       0x44 ../libopencm3/lib\libopencm3_stm32l0.a(rcc.o)
 .debug_macro   0x000009f3       0xfd ../libopencm3/lib\libopencm3_stm32l0.a(rcc.o)
 .debug_macro   0x00000af0       0x5e ../libopencm3/lib\libopencm3_stm32l0.a(rcc.o)
 .debug_macro   0x00000b4e      0x1df ../libopencm3/lib\libopencm3_stm32l0.a(rcc.o)
 .debug_macro   0x00000d2d       0x22 ../libopencm3/lib\libopencm3_stm32l0.a(rcc.o)
 .debug_macro   0x00000d4f       0xfa ../libopencm3/lib\libopencm3_stm32l0.a(rcc.o)
 .debug_macro   0x00000e49       0x16 ../libopencm3/lib\libopencm3_stm32l0.a(rcc.o)
 .debug_macro   0x00000e5f       0x34 ../libopencm3/lib\libopencm3_stm32l0.a(rcc.o)
 .debug_macro   0x00000e93      0x14e ../libopencm3/lib\libopencm3_stm32l0.a(rcc.o)
 .debug_macro   0x00000fe1      0x8b9 ../libopencm3/lib\libopencm3_stm32l0.a(rcc.o)
 .debug_macro   0x0000189a      0x1aa ../libopencm3/lib\libopencm3_stm32l0.a(rcc.o)
 .debug_macro   0x00001a44       0x6a ../libopencm3/lib\libopencm3_stm32l0.a(rcc.o)
 .debug_macro   0x00001aae       0xea ../libopencm3/lib\libopencm3_stm32l0.a(spi_common_all.o)
 .debug_macro   0x00001b98      0x2eb ../libopencm3/lib\libopencm3_stm32l0.a(spi_common_all.o)
 .debug_macro   0x00001e83       0x16 ../libopencm3/lib\libopencm3_stm32l0.a(spi_common_all.o)
 .debug_macro   0x00001e99       0x22 ../libopencm3/lib\libopencm3_stm32l0.a(spi_common_all.o)
 .debug_macro   0x00001ebb       0xd7 ../libopencm3/lib\libopencm3_stm32l0.a(gpio_common_all.o)
 .debug_macro   0x00001f92       0x76 ../libopencm3/lib\libopencm3_stm32l0.a(gpio_common_all.o)
 .debug_macro   0x00002008      0x2e6 ../libopencm3/lib\libopencm3_stm32l0.a(gpio_common_all.o)